Component: ARM Compiler 6.16 Tool: armlink [5dfeaa00]

==============================================================================

Section Cross References

    startup_stm32f103xb.o(RESET) refers to startup_stm32f103xb.o(STACK) for __initial_sp
    startup_stm32f103xb.o(RESET) refers to startup_stm32f103xb.o(.text) for Reset_Handler
    startup_stm32f103xb.o(RESET) refers to lto-llvm-4e79f4.o(.text.NMI_Handler) for NMI_Handler
    startup_stm32f103xb.o(RESET) refers to lto-llvm-4e79f4.o(.text.HardFault_Handler) for HardFault_Handler
    startup_stm32f103xb.o(RESET) refers to lto-llvm-4e79f4.o(.text.MemManage_Handler) for MemManage_Handler
    startup_stm32f103xb.o(RESET) refers to lto-llvm-4e79f4.o(.text.BusFault_Handler) for BusFault_Handler
    startup_stm32f103xb.o(RESET) refers to lto-llvm-4e79f4.o(.text.UsageFault_Handler) for UsageFault_Handler
    startup_stm32f103xb.o(RESET) refers to lto-llvm-4e79f4.o(.text.SVC_Handler) for SVC_Handler
    startup_stm32f103xb.o(RESET) refers to lto-llvm-4e79f4.o(.text.DebugMon_Handler) for DebugMon_Handler
    startup_stm32f103xb.o(RESET) refers to lto-llvm-4e79f4.o(.text.PendSV_Handler) for PendSV_Handler
    startup_stm32f103xb.o(RESET) refers to lto-llvm-4e79f4.o(.text.SysTick_Handler) for SysTick_Handler
    startup_stm32f103xb.o(RESET) refers to lto-llvm-4e79f4.o(.text.DMA1_Channel2_IRQHandler) for DMA1_Channel2_IRQHandler
    startup_stm32f103xb.o(RESET) refers to lto-llvm-4e79f4.o(.text.DMA1_Channel4_IRQHandler) for DMA1_Channel4_IRQHandler
    startup_stm32f103xb.o(RESET) refers to lto-llvm-4e79f4.o(.text.DMA1_Channel7_IRQHandler) for DMA1_Channel7_IRQHandler
    startup_stm32f103xb.o(RESET) refers to lto-llvm-4e79f4.o(.text.TIM4_IRQHandler) for TIM4_IRQHandler
    startup_stm32f103xb.o(RESET) refers to lto-llvm-4e79f4.o(.text.I2C1_EV_IRQHandler) for I2C1_EV_IRQHandler
    startup_stm32f103xb.o(RESET) refers to lto-llvm-4e79f4.o(.text.I2C1_ER_IRQHandler) for I2C1_ER_IRQHandler
    startup_stm32f103xb.o(RESET) refers to lto-llvm-4e79f4.o(.text.USART1_IRQHandler) for USART1_IRQHandler
    startup_stm32f103xb.o(RESET) refers to lto-llvm-4e79f4.o(.text.USART2_IRQHandler) for USART2_IRQHandler
    startup_stm32f103xb.o(RESET) refers to lto-llvm-4e79f4.o(.text.USART3_IRQHandler) for USART3_IRQHandler
    startup_stm32f103xb.o(.text) refers to lto-llvm-4e79f4.o(.text.SystemInit) for SystemInit
    startup_stm32f103xb.o(.text) refers to entry.o(.ARM.Collect$$$$00000000) for __main
    pow.o(i.__softfp_pow) refers (Special) to iusefp.o(.text) for __I$use$fp
    pow.o(i.__softfp_pow) refers to pow.o(i.pow) for pow
    pow.o(i.pow) refers (Special) to iusefp.o(.text) for __I$use$fp
    pow.o(i.pow) refers to dunder.o(i.__mathlib_dbl_infnan2) for __mathlib_dbl_infnan2
    pow.o(i.pow) refers to errno.o(i.__set_errno) for __set_errno
    pow.o(i.pow) refers to dunder.o(i.__mathlib_dbl_divzero) for __mathlib_dbl_divzero
    pow.o(i.pow) refers to ddiv.o(.text) for __aeabi_ddiv
    pow.o(i.pow) refers to sqrt.o(i.sqrt) for sqrt
    pow.o(i.pow) refers to dmul.o(.text) for __aeabi_dmul
    pow.o(i.pow) refers to dflti.o(.text) for __aeabi_i2d
    pow.o(i.pow) refers to dunder.o(i.__mathlib_dbl_invalid) for __mathlib_dbl_invalid
    pow.o(i.pow) refers to dunder.o(i.__mathlib_dbl_underflow) for __mathlib_dbl_underflow
    pow.o(i.pow) refers to dunder.o(i.__mathlib_dbl_overflow) for __mathlib_dbl_overflow
    pow.o(i.pow) refers to dadd.o(.text) for __aeabi_dsub
    pow.o(i.pow) refers to dscalb.o(.text) for __ARM_scalbn
    pow.o(i.pow) refers to qnan.o(.constdata) for __mathlib_zero
    pow.o(i.pow) refers to poly.o(i.__kernel_poly) for __kernel_poly
    pow.o(i.pow) refers to cdrcmple.o(.text) for __aeabi_cdrcmple
    pow.o(i.pow) refers to pow.o(.constdata) for .constdata
    pow.o(i.pow) refers to fpclassify.o(i.__ARM_fpclassify) for __ARM_fpclassify
    pow.o(.constdata) refers (Special) to iusefp.o(.text) for __I$use$fp
    entry.o(.ARM.Collect$$$$00000000) refers (Special) to entry10a.o(.ARM.Collect$$$$0000000D) for __rt_final_cpp
    entry.o(.ARM.Collect$$$$00000000) refers (Special) to entry11a.o(.ARM.Collect$$$$0000000F) for __rt_final_exit
    entry.o(.ARM.Collect$$$$00000000) refers (Special) to entry7b.o(.ARM.Collect$$$$00000008) for _main_clock
    entry.o(.ARM.Collect$$$$00000000) refers (Special) to entry8b.o(.ARM.Collect$$$$0000000A) for _main_cpp_init
    entry.o(.ARM.Collect$$$$00000000) refers (Special) to entry9a.o(.ARM.Collect$$$$0000000B) for _main_init
    entry.o(.ARM.Collect$$$$00000000) refers (Special) to entry5.o(.ARM.Collect$$$$00000004) for _main_scatterload
    entry.o(.ARM.Collect$$$$00000000) refers (Special) to entry2.o(.ARM.Collect$$$$00000001) for _main_stk
    fread.o(i.fread) refers to fgetc.o(.text) for fgetc
    printfa.o(i.__0fprintf) refers (Special) to iusefp.o(.text) for __I$use$fp
    printfa.o(i.__0fprintf) refers to printfa.o(i._printf_core) for _printf_core
[...]
    .L.str.24                                0x08018558   Data          14  lto-llvm-4e79f4.o(.rodata.str1.1)
    .L.str.44                                0x0801856e   Data          13  lto-llvm-4e79f4.o(.rodata.str1.1)
    .L.str.46                                0x0801857b   Data          25  lto-llvm-4e79f4.o(.rodata.str1.1)
    .L.str.45                                0x08018594   Data          25  lto-llvm-4e79f4.o(.rodata.str1.1)
    .L.str.27                                0x080185ad   Data          19  lto-llvm-4e79f4.o(.rodata.str1.1)
    .L.str.26                                0x080185c0   Data          19  lto-llvm-4e79f4.o(.rodata.str1.1)
    .L.str.17                                0x080185d3   Data          37  lto-llvm-4e79f4.o(.rodata.str1.1)
    .L.str.20                                0x080185f8   Data          19  lto-llvm-4e79f4.o(.rodata.str1.1)
    .data                                    0x20000000   Section        4  stdout.o(.data)
    .data                                    0x20000004   Section        4  mvars.o(.data)
    .data                                    0x20000008   Section        4  mvars.o(.data)
    _errno                                   0x2000000c   Data           4  errno.o(.data)
    .data                                    0x2000000c   Section        4  errno.o(.data)
    aux1                                     0x20000010   Data         331  lto-llvm-4e79f4.o(.data)
    [Anonymous Symbol]                       0x20000010   Section        0  lto-llvm-4e79f4.o(.data)
    aux2                                     0x2000015b   Data         309  lto-llvm-4e79f4.o(.data)
    aux3                                     0x20000290   Data         349  lto-llvm-4e79f4.o(.data)
    aux4                                     0x200003ed   Data         364  lto-llvm-4e79f4.o(.data)
    received                                 0x20000559   Data           1  lto-llvm-4e79f4.o(.data)
    ACagreement                              0x2000055a   Data           1  lto-llvm-4e79f4.o(.data)
    uwTickPrio                               0x2000055c   Data           4  lto-llvm-4e79f4.o(.data)
    SystemCoreClock                          0x20000560   Data           4  lto-llvm-4e79f4.o(.data)
    nnom_input_data                          0x20000568   Data         450  lto-llvm-4e79f4.o(.bss)
    [Anonymous Symbol]                       0x20000568   Section        0  lto-llvm-4e79f4.o(.bss)
    nnom_output_data                         0x2000072a   Data          13  lto-llvm-4e79f4.o(.bss)
    gx                                       0x20000738   Data           2  lto-llvm-4e79f4.o(.bss)
    gy                                       0x2000073a   Data           2  lto-llvm-4e79f4.o(.bss)
    gz                                       0x2000073c   Data           2  lto-llvm-4e79f4.o(.bss)
    data_feed_On                             0x2000073e   Data           1  lto-llvm-4e79f4.o(.bss)
    count                                    0x2000073f   Data           1  lto-llvm-4e79f4.o(.bss)
    gyro                                     0x20000740   Data         900  lto-llvm-4e79f4.o(.bss)
    KeyCode                                  0x20000ac4   Data           1  lto-llvm-4e79f4.o(.bss)
    ENwork                                   0x20000ac5   Data           1  lto-llvm-4e79f4.o(.bss)
    ac_status                                0x20000ac6   Data           8  lto-llvm-4e79f4.o(.bss)
    model                                    0x20000ad0   Data           4  lto-llvm-4e79f4.o(.bss)
    static_buf                               0x20000ad4   Data        8192  lto-llvm-4e79f4.o(.bss)
    nnom_model_create.model                  0x20002ad4   Data         136  lto-llvm-4e79f4.o(.bss)
    hi2c1                                    0x20002b5c   Data          84  lto-llvm-4e79f4.o(.bss)
    hspi2                                    0x20002bb0   Data          88  lto-llvm-4e79f4.o(.bss)
    htim1                                    0x20002c08   Data          72  lto-llvm-4e79f4.o(.bss)
    htim2                                    0x20002c50   Data          72  lto-llvm-4e79f4.o(.bss)
    htim3                                    0x20002c98   Data          72  lto-llvm-4e79f4.o(.bss)
    htim4                                    0x20002ce0   Data          72  lto-llvm-4e79f4.o(.bss)
    hdma_tim1_ch1                            0x20002d28   Data          68  lto-llvm-4e79f4.o(.bss)
    huart1                                   0x20002d6c   Data          72  lto-llvm-4e79f4.o(.bss)
    huart2                                   0x20002db4   Data          72  lto-llvm-4e79f4.o(.bss)
    huart3                                   0x20002dfc   Data          72  lto-llvm-4e79f4.o(.bss)
    hdma_usart1_tx                           0x20002e44   Data          68  lto-llvm-4e79f4.o(.bss)
    hdma_usart2_tx                           0x20002e88   Data          68  lto-llvm-4e79f4.o(.bss)
    uwTick                                   0x20002ecc   Data           4  lto-llvm-4e79f4.o(.bss)
    nnom_memory_taken                        0x20002ed0   Data           4  lto-llvm-4e79f4.o(.bss)
    nnom_static_buf                          0x20002ed4   Data           4  lto-llvm-4e79f4.o(.bss)
    nnom_static_buf_size                     0x20002ed8   Data           4  lto-llvm-4e79f4.o(.bss)
    nnom_static_buf_curr                     0x20002edc   Data           4  lto-llvm-4e79f4.o(.bss)
    s_tBtn                                   0x20002ee0   Data          48  lto-llvm-4e79f4.o(.bss)
    s_tKey                                   0x20002f10   Data          12  lto-llvm-4e79f4.o(.bss)
    tag_head_offset                          0x20002f1c   Data           2  lto-llvm-4e79f4.o(.bss)
    tag_count                                0x20002f1e   Data           1  lto-llvm-4e79f4.o(.bss)
    ir_hex_code                              0x20002f20   Data           4  lto-llvm-4e79f4.o(.bss)
    ir_hex_len                               0x20002f24   Data           1  lto-llvm-4e79f4.o(.bss)
    byte_array                               0x20002f25   Data        1172  lto-llvm-4e79f4.o(.bss)
    tags                                     0x200033bc   Data         348  lto-llvm-4e79f4.o(.bss)
    remote_category                          0x20003518   Data           1  lto-llvm-4e79f4.o(.bss)
    ir_binary_type                           0x20003519   Data           1  lto-llvm-4e79f4.o(.bss)
    ir_hexadecimal                           0x2000351a   Data           1  lto-llvm-4e79f4.o(.bss)
    remote_p                                 0x2000351c   Data           4  lto-llvm-4e79f4.o(.bss)
    remote_pdata                             0x20003520   Data           4  lto-llvm-4e79f4.o(.bss)
    prot_cycles_num                          0x20003524   Data           4  lto-llvm-4e79f4.o(.bss)
    cycles_num_size                          0x20003528   Data           1  lto-llvm-4e79f4.o(.bss)
    ir_decode_flag                           0x20003529   Data           1  lto-llvm-4e79f4.o(.bss)
    prot_cycles_data                         0x2000352c   Data          80  lto-llvm-4e79f4.o(.bss)
    prot_items_cnt                           0x2000357c   Data           1  lto-llvm-4e79f4.o(.bss)
    prot_items_data                          0x20003580   Data           4  lto-llvm-4e79f4.o(.bss)
    ir_toggle_bit                            0x20003584   Data           1  lto-llvm-4e79f4.o(.bss)
    time_index                               0x20003586   Data           2  lto-llvm-4e79f4.o(.bss)
    ir_level                                 0x20003588   Data           1  lto-llvm-4e79f4.o(.bss)
    Pixel_Buf                                0x2000358c   Data        1248  lto-llvm-4e79f4.o(.bss)
    binary_file.0                            0x20003a6c   Data           4  lto-llvm-4e79f4.o(.bss)
    binary_file.1                            0x20003a70   Data           2  lto-llvm-4e79f4.o(.bss)
    ir_file.0                                0x20003a74   Data           4  lto-llvm-4e79f4.o(.bss)
    ir_file.2                                0x20003a78   Data           2  lto-llvm-4e79f4.o(.bss)
    HEAP                                     0x20003a80   Section      512  startup_stm32f103xb.o(HEAP)
    STACK                                    0x20003c80   Section     1024  startup_stm32f103xb.o(STACK)

    Global Symbols

    Symbol Name                              Value     Ov Type        Size  Object(Section)

    BuildAttributes$$THM_ISAv4$P$D$K$B$S$PE$A:L22UL41UL21$X:L11$S22US41US21$IEEE1$IW$~IW$USESV6$~STKCKD$USESV7$~SHL$OTIME$ROPI$IEEEX$EBA8$MICROLIB$REQ8$PRES8$EABIv2 0x00000000   Number         0  anon$$obj.o ABSOLUTE
    __cpp_initialize__aeabi_                  - Undefined Weak Reference
    __cxa_finalize                            - Undefined Weak Reference
    _clock_init                               - Undefined Weak Reference
    _microlib_exit                            - Undefined Weak Reference
    __Vectors_Size                           0x000000ec   Number         0  startup_stm32f103xb.o ABSOLUTE
    __Vectors                                0x08000000   Data           4  startup_stm32f103xb.o(RESET)
    __Vectors_End                            0x080000ec   Data           0  startup_stm32f103xb.o(RESET)
    __main                                   0x080000ed   Thumb Code     0  entry.o(.ARM.Collect$$$$00000000)
    _main_stk                                0x080000ed   Thumb Code     0  entry2.o(.ARM.Collect$$$$00000001)
    _main_scatterload                        0x080000f1   Thumb Code     0  entry5.o(.ARM.Collect$$$$00000004)
    __main_after_scatterload                 0x080000f5   Thumb Code     0  entry5.o(.ARM.Collect$$$$00000004)
    _main_clock                              0x080000f5   Thumb Code     0  entry7b.o(.ARM.Collect$$$$00000008)
    _main_cpp_init                           0x080000f5   Thumb Code     0  entry8b.o(.ARM.Collect$$$$0000000A)
    _main_init                               0x080000f5   Thumb Code     0  entry9a.o(.ARM.Collect$$$$0000000B)
    __rt_final_cpp                           0x080000fd   Thumb Code     0  entry10a.o(.ARM.Collect$$$$0000000D)
    __rt_final_exit                          0x080000fd   Thumb Code     0  entry11a.o(.ARM.Collect$$$$0000000F)
    Reset_Handler                            0x08000101   Thumb Code     8  startup_stm32f103xb.o(.text)
    ADC1_2_IRQHandler                        0x0800011b   Thumb Code     0  startup_stm32f103xb.o(.text)
    CAN1_RX1_IRQHandler                      0x0800011b   Thumb Code     0  startup_stm32f103xb.o(.text)
    CAN1_SCE_IRQHandler                      0x0800011b   Thumb Code     0  startup_stm32f103xb.o(.text)
    DMA1_Channel1_IRQHandler                 0x0800011b   Thumb Code     0  startup_stm32f103xb.o(.text)
    DMA1_Channel3_IRQHandler                 0x0800011b   Thumb Code     0  startup_stm32f103xb.o(.text)
    DMA1_Channel5_IRQHandler                 0x0800011b   Thumb Code     0  startup_stm32f103xb.o(.text)
    DMA1_Channel6_IRQHandler                 0x0800011b   Thumb Code     0  startup_stm32f103xb.o(.text)
    EXTI0_IRQHandler                         0x0800011b   Thumb Code     0  startup_stm32f103xb.o(.text)
    EXTI15_10_IRQHandler                     0x0800011b   Thumb Code     0  startup_stm32f103xb.o(.text)
    EXTI1_IRQHandler                         0x0800011b   Thumb Code     0  startup_stm32f103xb.o(.text)
    EXTI2_IRQHandler                         0x0800011b   Thumb Code     0  startup_stm32f103xb.o(.text)
    EXTI3_IRQHandler                         0x0800011b   Thumb Code     0  startup_stm32f103xb.o(.text)
    EXTI4_IRQHandler                         0x0800011b   Thumb Code     0  startup_stm32f103xb.o(.text)
    EXTI9_5_IRQHandler                       0x0800011b   Thumb Code     0  startup_stm32f103xb.o(.text)
    FLASH_IRQHandler                         0x0800011b   Thumb Code     0  startup_stm32f103xb.o(.text)
    I2C2_ER_IRQHandler                       0x0800011b   Thumb Code     0  startup_stm32f103xb.o(.text)
    I2C2_EV_IRQHandler                       0x0800011b   Thumb Code     0  startup_stm32f103xb.o(.text)
    PVD_IRQHandler                           0x0800011b   Thumb Code     0  startup_stm32f103xb.o(.text)
    RCC_IRQHandler                           0x0800011b   Thumb Code     0  startup_stm32f103xb.o(.text)
    RTC_Alarm_IRQHandler                     0x0800011b   Thumb Code     0  startup_stm32f103xb.o(.text)
    RTC_IRQHandler                           0x0800011b   Thumb Code     0  startup_stm32f103xb.o(.text)
    SPI1_IRQHandler                          0x0800011b   Thumb Code     0  startup_stm32f103xb.o(.text)
    SPI2_IRQHandler                          0x0800011b   Thumb Code     0  startup_stm32f103xb.o(.text)
    TAMPER_IRQHandler                        0x0800011b   Thumb Code     0  startup_stm32f103xb.o(.text)
    TIM1_BRK_IRQHandler                      0x0800011b   Thumb Code     0  startup_stm32f103xb.o(.text)
    TIM1_CC_IRQHandler                       0x0800011b   Thumb Code     0  startup_stm32f103xb.o(.text)
    TIM1_TRG_COM_IRQHandler                  0x0800011b   Thumb Code     0  startup_stm32f103xb.o(.text)
    TIM1_UP_IRQHandler                       0x0800011b   Thumb Code     0  startup_stm32f103xb.o(.text)
    TIM2_IRQHandler                          0x0800011b   Thumb Code     0  startup_stm32f103xb.o(.text)
    TIM3_IRQHandler                          0x0800011b   Thumb Code     0  startup_stm32f103xb.o(.text)
    USBWakeUp_IRQHandler                     0x0800011b   Thumb Code     0  startup_stm32f103xb.o(.text)
    USB_HP_CAN1_TX_IRQHandler                0x0800011b   Thumb Code     0  startup_stm32f103xb.o(.text)
    USB_LP_CAN1_RX0_IRQHandler               0x0800011b   Thumb Code     0  startup_stm32f103xb.o(.text)
    WWDG_IRQHandler                          0x0800011b   Thumb Code     0  startup_stm32f103xb.o(.text)
    strlen                                   0x08000125   Thumb Code    14  strlen.o(.text)
    strncmp                                  0x08000133   Thumb Code    30  strncmp.o(.text)
    strtol                                   0x08000151   Thumb Code   112  strtol.o(.text)
    __aeabi_uidiv                            0x080001c1   Thumb Code     0  uidiv.o(.text)
    __aeabi_uidivmod                         0x080001c1   Thumb Code    44  uidiv.o(.text)
    __aeabi_uldivmod                         0x080001ed   Thumb Code    98  uldiv.o(.text)
    __rt_ctype_table                         0x08000251   Thumb Code     4  ctype_o.o(.text)
    __aeabi_memcpy                           0x08000259   Thumb Code    36  memcpya.o(.text)
    __aeabi_memcpy4                          0x08000259   Thumb Code     0  memcpya.o(.text)
    __aeabi_memcpy8                          0x08000259   Thumb Code     0  memcpya.o(.text)
    _strtoul                                 0x0800027d   Thumb Code   158  _strtoul.o(.text)
    __I$use$fp                               0x0800031b   Thumb Code     0  iusefp.o(.text)
    __aeabi_dadd                             0x0800031b   Thumb Code   322  dadd.o(.text)
    __aeabi_dsub                             0x0800045d   Thumb Code     6  dadd.o(.text)
    __aeabi_drsub                            0x08000463   Thumb Code     6  dadd.o(.text)
    __aeabi_dmul                             0x08000469   Thumb Code   228  dmul.o(.text)
    __aeabi_ddiv                             0x0800054d   Thumb Code   222  ddiv.o(.text)
    __ARM_scalbn                             0x0800062b   Thumb Code    46  dscalb.o(.text)
    scalbn                                   0x0800062b   Thumb Code     0  dscalb.o(.text)
    __aeabi_i2d                              0x08000659   Thumb Code    34  dflti.o(.text)
    __aeabi_d2ulz                            0x0800067b   Thumb Code    48  dfixul.o(.text)
    __aeabi_cdrcmple                         0x080006ad   Thumb Code    48  cdrcmple.o(.text)
    __scatterload                            0x080006dd   Thumb Code    28  init.o(.text)
    __scatterload_rt2                        0x080006dd   Thumb Code     0  init.o(.text)
    __aeabi_llsl                             0x08000701   Thumb Code    30  llshl.o(.text)
    _ll_shift_l                              0x08000701   Thumb Code     0  llshl.o(.text)
    __aeabi_llsr                             0x0800071f   Thumb Code    32  llushr.o(.text)
    _ll_ushift_r                             0x0800071f   Thumb Code     0  llushr.o(.text)
    __aeabi_lasr                             0x0800073f   Thumb Code    36  llsshr.o(.text)
    _ll_sshift_r                             0x0800073f   Thumb Code     0  llsshr.o(.text)
    _chval                                   0x08000763   Thumb Code    28  _chval.o(.text)
    _double_round                            0x0800077f   Thumb Code    30  depilogue.o(.text)
    _double_epilogue                         0x0800079d   Thumb Code   156  depilogue.o(.text)
    _dsqrt                                   0x08000839   Thumb Code   162  dsqrt.o(.text)
    __aeabi_memset                           0x080008db   Thumb Code    14  memseta.o(.text)
    __aeabi_memset4                          0x080008db   Thumb Code     0  memseta.o(.text)
    __aeabi_memset8                          0x080008db   Thumb Code     0  memseta.o(.text)
    __aeabi_memclr                           0x080008e9   Thumb Code     4  memseta.o(.text)
    __aeabi_memclr4                          0x080008e9   Thumb Code     0  memseta.o(.text)
    __aeabi_memclr8                          0x080008e9   Thumb Code     0  memseta.o(.text)
    _memset$wrapper                          0x080008ed   Thumb Code    18  memseta.o(.text)
    __aeabi_fmul                             0x080008ff   Thumb Code   100  fmul.o(.text)
    __aeabi_i2f                              0x08000963   Thumb Code    18  fflti.o(.text)
    __aeabi_f2iz                             0x08000975   Thumb Code    50  ffixi.o(.text)
    __aeabi_d2iz                             0x080009a7   Thumb Code    62  dfixi.o(.text)
    __aeabi_f2d                              0x080009e5   Thumb Code    38  f2d.o(.text)
    _float_round                             0x08000a0b   Thumb Code    18  fepilogue.o(.text)
    _float_epilogue                          0x08000a1d   Thumb Code    92  fepilogue.o(.text)
    _drnd                                    0x08000a79   Thumb Code   132  drnd.o(.text)
    __aeabi_cdcmpeq                          0x08000b01   Thumb Code     0  cdcmple.o(.text)
    __aeabi_cdcmple                          0x08000b01   Thumb Code    48  cdcmple.o(.text)
    __decompress                             0x08000b31   Thumb Code     0  __dclz77c.o(.text)
    __decompress2                            0x08000b31   Thumb Code    94  __dclz77c.o(.text)
    BusFault_Handler                         0x08000e51   Thumb Code     4  lto-llvm-4e79f4.o(.text.BusFault_Handler)
    DMA1_Channel2_IRQHandler                 0x08000e55   Thumb Code    16  lto-llvm-4e79f4.o(.text.DMA1_Channel2_IRQHandler)
    DMA1_Channel4_IRQHandler                 0x08000e65   Thumb Code    16  lto-llvm-4e79f4.o(.text.DMA1_Channel4_IRQHandler)
    DMA1_Channel7_IRQHandler                 0x08000e75   Thumb Code    16  lto-llvm-4e79f4.o(.text.DMA1_Channel7_IRQHandler)
    DebugMon_Handler                         0x08000ed9   Thumb Code     2  lto-llvm-4e79f4.o(.text.DebugMon_Handler)
    HardFault_Handler                        0x08005949   Thumb Code     4  lto-llvm-4e79f4.o(.text.HardFault_Handler)
    I2C1_ER_IRQHandler                       0x0800594d   Thumb Code    16  lto-llvm-4e79f4.o(.text.I2C1_ER_IRQHandler)
    I2C1_EV_IRQHandler                       0x0800595d   Thumb Code    16  lto-llvm-4e79f4.o(.text.I2C1_EV_IRQHandler)
    MemManage_Handler                        0x08008219   Thumb Code     4  lto-llvm-4e79f4.o(.text.MemManage_Handler)
    NMI_Handler                              0x0800821d   Thumb Code     4  lto-llvm-4e79f4.o(.text.NMI_Handler)
    PendSV_Handler                           0x08008285   Thumb Code     2  lto-llvm-4e79f4.o(.text.PendSV_Handler)
    SVC_Handler                              0x08008695   Thumb Code     2  lto-llvm-4e79f4.o(.text.SVC_Handler)
    SysTick_Handler                          0x080087c1   Thumb Code     8  lto-llvm-4e79f4.o(.text.SysTick_Handler)
    SystemInit                               0x08008831   Thumb Code     2  lto-llvm-4e79f4.o(.text.SystemInit)
    TIM4_IRQHandler                          0x08008835   Thumb Code    16  lto-llvm-4e79f4.o(.text.TIM4_IRQHandler)
    USART1_IRQHandler                        0x08009435   Thumb Code    16  lto-llvm-4e79f4.o(.text.USART1_IRQHandler)
    USART2_IRQHandler                        0x08009445   Thumb Code    16  lto-llvm-4e79f4.o(.text.USART2_IRQHandler)
    USART3_IRQHandler                        0x08009455   Thumb Code    16  lto-llvm-4e79f4.o(.text.USART3_IRQHandler)
    UsageFault_Handler                       0x08009465   Thumb Code     4  lto-llvm-4e79f4.o(.text.UsageFault_Handler)
    fputc                                    0x0800c819   Thumb Code    34  lto-llvm-4e79f4.o(.text.fputc)
    main                                     0x0800fce5   Thumb Code   396  lto-llvm-4e79f4.o(.text.main)
    __0printf                                0x08013b99   Thumb Code    22  printfa.o(i.__0printf)
    __1printf                                0x08013b99   Thumb Code     0  printfa.o(i.__0printf)
    __2printf                                0x08013b99   Thumb Code     0  printfa.o(i.__0printf)
    __c89printf                              0x08013b99   Thumb Code     0  printfa.o(i.__0printf)
    printf                                   0x08013b99   Thumb Code     0  printfa.o(i.__0printf)
    __ARM_fpclassify                         0x08013bb9   Thumb Code    40  fpclassify.o(i.__ARM_fpclassify)
    __aeabi_errno_addr                       0x08013be1   Thumb Code     4  errno.o(i.__aeabi_errno_addr)
    __rt_errno_addr                          0x08013be1   Thumb Code     0  errno.o(i.__aeabi_errno_addr)
    __kernel_poly                            0x08013be9   Thumb Code   170  poly.o(i.__kernel_poly)
    __mathlib_dbl_divzero                    0x08013c95   Thumb Code    12  dunder.o(i.__mathlib_dbl_divzero)
    __mathlib_dbl_infnan2                    0x08013ca5   Thumb Code     4  dunder.o(i.__mathlib_dbl_infnan2)
    __mathlib_dbl_invalid                    0x08013ca9   Thumb Code    12  dunder.o(i.__mathlib_dbl_invalid)
    __mathlib_dbl_overflow                   0x08013cb5   Thumb Code    14  dunder.o(i.__mathlib_dbl_overflow)
    __mathlib_dbl_underflow                  0x08013cc5   Thumb Code    10  dunder.o(i.__mathlib_dbl_underflow)
    __scatterload_copy                       0x08013cd5   Thumb Code    14  handlers.o(i.__scatterload_copy)
    __scatterload_null                       0x08013ce3   Thumb Code     2  handlers.o(i.__scatterload_null)
    __scatterload_zeroinit                   0x08013ce5   Thumb Code    14  handlers.o(i.__scatterload_zeroinit)
    __set_errno                              0x08013cf5   Thumb Code     6  errno.o(i.__set_errno)
    free                                     0x080145b5   Thumb Code    76  malloc.o(i.free)
    malloc                                   0x08014605   Thumb Code    92  malloc.o(i.malloc)
    pow                                      0x08014671   Thumb Code  2532  pow.o(i.pow)
    round                                    0x0801505d   Thumb Code   136  round.o(i.round)
    sqrt                                     0x080150f1   Thumb Code    76  sqrt.o(i.sqrt)
    __mathlib_zero                           0x080151c8   Data           8  qnan.o(.constdata)
    __ctype_table                            0x080151d0   Data         129  ctype_o.o(.constdata)
    Region$$Table$$Base                      0x0801860c   Number         0  anon$$obj.o(Region$$Table)
    Region$$Table$$Limit                     0x0801862c   Number         0  anon$$obj.o(Region$$Table)
    __stdout                                 0x20000000   Data           4  stdout.o(.data)
    __microlib_freelist                      0x20000004   Data           4  mvars.o(.data)
    __microlib_freelist_initialised          0x20000008   Data           4  mvars.o(.data)
    __heap_base                              0x20003a80   Data           0  startup_stm32f103xb.o(HEAP)
    __heap_limit                             0x20003c80   Data           0  startup_stm32f103xb.o(HEAP)
    __initial_sp                             0x20004080   Data           0  startup_stm32f103xb.o(STACK)



==============================================================================

Memory Map of the image

  Image Entry point : 0x080000ed

  Load Region LR_IROM1 (Base: 0x08000000, Size: 0x00018b98, Max: 0x00020000, ABSOLUTE, COMPRESSED[0x00018900])

    Execution Region ER_IROM1 (Exec base: 0x08000000, Load base: 0x08000000, Size: 0x0001862c, Max: 0x00020000, ABSOLUTE)

    Exec Addr    Load Addr    Size         Type   Attr      Idx    E Section Name        Object

    0x08000000   0x08000000   0x000000ec   Data   RO            3    RESET               startup_stm32f103xb.o
    0x080000ec   0x080000ec   0x00000000   Code   RO           86  * .ARM.Collect$$$$00000000  mc_w.l(entry.o)
    0x080000ec   0x080000ec   0x00000004   Code   RO          184    .ARM.Collect$$$$00000001  mc_w.l(entry2.o)
    0x080000f0   0x080000f0   0x00000004   Code   RO          187    .ARM.Collect$$$$00000004  mc_w.l(entry5.o)
    0x080000f4   0x080000f4   0x00000000   Code   RO          189    .ARM.Collect$$$$00000008  mc_w.l(entry7b.o)
    0x080000f4   0x080000f4   0x00000000   Code   RO          191    .ARM.Collect$$$$0000000A  mc_w.l(entry8b.o)
    0x080000f4   0x080000f4   0x00000008   Code   RO          192    .ARM.Collect$$$$0000000B  mc_w.l(entry9a.o)
    0x080000fc   0x080000fc   0x00000000   Code   RO          194    .ARM.Collect$$$$0000000D  mc_w.l(entry10a.o)
    0x080000fc   0x080000fc   0x00000000   Code   RO          196    .ARM.Collect$$$$0000000F  mc_w.l(entry11a.o)
    0x080000fc   0x080000fc   0x00000004   Code   RO          185    .ARM.Collect$$$$00002712  mc_w.l(entry2.o)
    0x08000100   0x08000100   0x00000024   Code   RO            4    .text               startup_stm32f103xb.o
    0x08000124   0x08000124   0x0000000e   Code   RO           99    .text               mc_w.l(strlen.o)
    0x08000132   0x08000132   0x0000001e   Code   RO          101    .text               mc_w.l(strncmp.o)
    0x08000150   0x08000150   0x00000070   Code   RO          159    .text               mc_w.l(strtol.o)
    0x080001c0   0x080001c0   0x0000002c   Code   RO          221    .text               mc_w.l(uidiv.o)
    0x080001ec   0x080001ec   0x00000062   Code   RO          223    .text               mc_w.l(uldiv.o)
    0x0800024e   0x0800024e   0x00000002   PAD
    0x08000250   0x08000250   0x00000008   Code   RO          225    .text               mc_w.l(ctype_o.o)
    0x08000258   0x08000258   0x00000024   Code   RO          253    .text               mc_w.l(memcpya.o)
    0x0800027c   0x0800027c   0x0000009e   Code   RO          266    .text               mc_w.l(_strtoul.o)
    0x0800031a   0x0800031a   0x00000000   Code   RO          268    .text               mc_w.l(iusefp.o)
    0x0800031a   0x0800031a   0x0000014e   Code   RO          269    .text               mf_w.l(dadd.o)
    0x08000468   0x08000468   0x000000e4   Code   RO          271    .text               mf_w.l(dmul.o)
    0x0800054c   0x0800054c   0x000000de   Code   RO          273    .text               mf_w.l(ddiv.o)
    0x0800062a   0x0800062a   0x0000002e   Code   RO          275    .text               mf_w.l(dscalb.o)
    0x08000658   0x08000658   0x00000022   Code   RO          277    .text               mf_w.l(dflti.o)
    0x0800067a   0x0800067a   0x00000030   Code   RO          279    .text               mf_w.l(dfixul.o)
    0x080006aa   0x080006aa   0x00000002   PAD
    0x080006ac   0x080006ac   0x00000030   Code   RO          281    .text               mf_w.l(cdrcmple.o)
    0x080006dc   0x080006dc   0x00000024   Code   RO          283    .text               mc_w.l(init.o)
    0x08000700   0x08000700   0x0000001e   Code   RO          286    .text               mc_w.l(llshl.o)
    0x0800071e   0x0800071e   0x00000020   Code   RO          288    .text               mc_w.l(llushr.o)
    0x0800073e   0x0800073e   0x00000024   Code   RO          290    .text               mc_w.l(llsshr.o)
    0x08000762   0x08000762   0x0000001c   Code   RO          292    .text               mc_w.l(_chval.o)
    0x0800077e   0x0800077e   0x000000ba   Code   RO          295    .text               mf_w.l(depilogue.o)
    0x08000838   0x08000838   0x000000a2   Code   RO          297    .text               mf_w.l(dsqrt.o)
    0x080008da   0x080008da   0x00000024   Code   RO         1130    .text               mc_w.l(memseta.o)
    0x080008fe   0x080008fe   0x00000064   Code   RO         1132    .text               mf_w.l(fmul.o)
    0x08000962   0x08000962   0x00000012   Code   RO         1134    .text               mf_w.l(fflti.o)
    0x08000974   0x08000974   0x00000032   Code   RO         1136    .text               mf_w.l(ffixi.o)
    0x080009a6   0x080009a6   0x0000003e   Code   RO         1138    .text               mf_w.l(dfixi.o)
    0x080009e4   0x080009e4   0x00000026   Code   RO         1140    .text               mf_w.l(f2d.o)
    0x08000a0a   0x08000a0a   0x0000006e   Code   RO         1142    .text               mf_w.l(fepilogue.o)
    0x08000a78   0x08000a78   0x00000088   Code   RO         1144    .text               mf_w.l(drnd.o)
    0x08000b00   0x08000b00   0x00000030   Code   RO         1146    .text               mf_w.l(cdcmple.o)
    0x08000b30   0x08000b30   0x0000005e   Code   RO         1156    .text               mc_w.l(__dclz77c.o)
    0x08000b8e   0x08000b8e   0x00000002   PAD
    0x08000b90   0x08000b90   0x0000008a   Code   RO          308    .text.AC_getsrcArray  lto-llvm-4e79f4.o
    0x08000c1a   0x08000c1a   0x00000002   PAD
    0x08000c1c   0x08000c1c   0x00000064   Code   RO          302    .text.AC_init       lto-llvm-4e79f4.o
    0x08000c80   0x08000c80   0x0000005e   Code   RO          304    .text.AC_save       lto-llvm-4e79f4.o
    0x08000cde   0x08000cde   0x00000002   PAD
    0x08000ce0   0x08000ce0   0x0000004c   Code   RO          314    .text.AC_send       lto-llvm-4e79f4.o
    0x08000d2c   0x08000d2c   0x00000122   Code   RO          306    .text.AC_update     lto-llvm-4e79f4.o
    0x08000e4e   0x08000e4e   0x00000002   PAD
    0x08000e50   0x08000e50   0x00000004   Code   RO          380    .text.BusFault_Handler  lto-llvm-4e79f4.o
    0x08000e54   0x08000e54   0x00000010   Code   RO          392    .text.DMA1_Channel2_IRQHandler  lto-llvm-4e79f4.o
    0x08000e64   0x08000e64   0x00000010   Code   RO          394    .text.DMA1_Channel4_IRQHandler  lto-llvm-4e79f4.o
    0x08000e74   0x08000e74   0x00000010   Code   RO          396    .text.DMA1_Channel7_IRQHandler  lto-llvm-4e79f4.o
    0x08000e84   0x08000e84   0x00000052   Code   RO          530    .text.DMA_SetConfig  lto-llvm-4e79f4.o
    0x08000ed6   0x08000ed6   0x00000002   PAD
    0x08000ed8   0x08000ed8   0x00000002   Code   RO          386    .text.DebugMon_Handler  lto-llvm-4e79f4.o
    0x08000eda   0x08000eda   0x00000002   PAD
    0x08000edc   0x08000edc   0x0000000e   Code   RO          338    .text.Error_Handler  lto-llvm-4e79f4.o
    0x08000eea   0x08000eea   0x00000002   PAD
    0x08000eec   0x08000eec   0x00000076   Code   RO          722    .text.Flatten       lto-llvm-4e79f4.o
    0x08000f62   0x08000f62   0x00000002   PAD
    0x08000f64   0x08000f64   0x0000007a   Code   RO          534    .text.HAL_DMA_Abort  lto-llvm-4e79f4.o
    0x08000fde   0x08000fde   0x00000002   PAD
    0x08000fe0   0x08000fe0   0x000000fe   Code   RO          536    .text.HAL_DMA_Abort_IT  lto-llvm-4e79f4.o
    0x080010de   0x080010de   0x00000002   PAD
    0x080010e0   0x080010e0   0x0000000e   Code   RO          540    .text.HAL_DMA_GetState  lto-llvm-4e79f4.o
    0x080010ee   0x080010ee   0x00000002   PAD
    0x080010f0   0x080010f0   0x00000248   Code   RO          538    .text.HAL_DMA_IRQHandler  lto-llvm-4e79f4.o
    0x08001338   0x08001338   0x000000ae   Code   RO          528    .text.HAL_DMA_Init  lto-llvm-4e79f4.o
    0x080013e6   0x080013e6   0x00000002   PAD
    0x080013e8   0x080013e8   0x000000ca   Code   RO          532    .text.HAL_DMA_Start_IT  lto-llvm-4e79f4.o
    0x080014b2   0x080014b2   0x00000002   PAD
    0x080014b4   0x080014b4   0x00000038   Code   RO          506    .text.HAL_Delay     lto-llvm-4e79f4.o
    0x080014ec   0x080014ec   0x000002f4   Code   RO          522    .text.HAL_GPIO_Init  lto-llvm-4e79f4.o
    0x080017e0   0x080017e0   0x00000036   Code   RO          524    .text.HAL_GPIO_ReadPin  lto-llvm-4e79f4.o
    0x08001816   0x08001816   0x00000002   PAD
    0x08001818   0x08001818   0x0000002e   Code   RO          526    .text.HAL_GPIO_WritePin  lto-llvm-4e79f4.o
    0x08001846   0x08001846   0x00000002   PAD
    0x08001848   0x08001848   0x0000000c   Code   RO          504    .text.HAL_GetTick   lto-llvm-4e79f4.o
    0x08001854   0x08001854   0x00000008   Code   RO          446    .text.HAL_I2C_AbortCpltCallback  lto-llvm-4e79f4.o
    0x0800185c   0x0800185c   0x00000010   Code   RO          484    .text.HAL_I2C_AddrCallback  lto-llvm-4e79f4.o
    0x0800186c   0x0800186c   0x00000186   Code   RO          494    .text.HAL_I2C_ER_IRQHandler  lto-llvm-4e79f4.o
    0x080019f2   0x080019f2   0x00000002   PAD
    0x080019f4   0x080019f4   0x000003c4   Code   RO          452    .text.HAL_I2C_EV_IRQHandler  lto-llvm-4e79f4.o
    0x08001db8   0x08001db8   0x00000008   Code   RO          426    .text.HAL_I2C_ErrorCallback  lto-llvm-4e79f4.o
    0x08001dc0   0x08001dc0   0x0000027a   Code   RO          412    .text.HAL_I2C_Init  lto-llvm-4e79f4.o
    0x0800203a   0x0800203a   0x00000002   PAD
    0x0800203c   0x0800203c   0x00000008   Code   RO          450    .text.HAL_I2C_ListenCpltCallback  lto-llvm-4e79f4.o
    0x08002044   0x08002044   0x00000008   Code   RO          434    .text.HAL_I2C_MasterRxCpltCallback  lto-llvm-4e79f4.o
    0x0800204c   0x0800204c   0x00000008   Code   RO          492    .text.HAL_I2C_MasterTxCpltCallback  lto-llvm-4e79f4.o
    0x08002054   0x08002054   0x00000008   Code   RO          432    .text.HAL_I2C_MemRxCpltCallback  lto-llvm-4e79f4.o
    0x0800205c   0x0800205c   0x00000008   Code   RO          488    .text.HAL_I2C_MemTxCpltCallback  lto-llvm-4e79f4.o
    0x08002064   0x08002064   0x000004dc   Code   RO          440    .text.HAL_I2C_Mem_Read  lto-llvm-4e79f4.o
    0x08002540   0x08002540   0x00000212   Code   RO          436    .text.HAL_I2C_Mem_Write  lto-llvm-4e79f4.o
    0x08002752   0x08002752   0x00000002   PAD
    0x08002754   0x08002754   0x000000be   Code   RO          346    .text.HAL_I2C_MspInit  lto-llvm-4e79f4.o
    0x08002812   0x08002812   0x00000002   PAD
    0x08002814   0x08002814   0x00000008   Code   RO          430    .text.HAL_I2C_SlaveRxCpltCallback  lto-llvm-4e79f4.o
    0x0800281c   0x0800281c   0x00000008   Code   RO          428    .text.HAL_I2C_SlaveTxCpltCallback  lto-llvm-4e79f4.o
    0x08002824   0x08002824   0x00000010   Code   RO          502    .text.HAL_IncTick   lto-llvm-4e79f4.o
    0x08002834   0x08002834   0x00000022   Code   RO          498    .text.HAL_Init      lto-llvm-4e79f4.o
    0x08002856   0x08002856   0x00000002   PAD
    0x08002858   0x08002858   0x00000062   Code   RO          500    .text.HAL_InitTick  lto-llvm-4e79f4.o
    0x080028ba   0x080028ba   0x00000002   PAD
    0x080028bc   0x080028bc   0x00000064   Code   RO          410    .text.HAL_MspInit   lto-llvm-4e79f4.o
    0x08002920   0x08002920   0x00000014   Code   RO          554    .text.HAL_NVIC_EnableIRQ  lto-llvm-4e79f4.o
    0x08002934   0x08002934   0x00000030   Code   RO          546    .text.HAL_NVIC_SetPriority  lto-llvm-4e79f4.o
    0x08002964   0x08002964   0x00000012   Code   RO          542    .text.HAL_NVIC_SetPriorityGrouping  lto-llvm-4e79f4.o
    0x08002976   0x08002976   0x00000002   PAD
    0x08002978   0x08002978   0x00000258   Code   RO          512    .text.HAL_RCC_ClockConfig  lto-llvm-4e79f4.o
    0x08002bd0   0x08002bd0   0x0000000c   Code   RO          516    .text.HAL_RCC_GetHCLKFreq  lto-llvm-4e79f4.o
    0x08002bdc   0x08002bdc   0x00000022   Code   RO          518    .text.HAL_RCC_GetPCLK1Freq  lto-llvm-4e79f4.o
    0x08002bfe   0x08002bfe   0x00000002   PAD
    0x08002c00   0x08002c00   0x00000022   Code   RO          520    .text.HAL_RCC_GetPCLK2Freq  lto-llvm-4e79f4.o
    0x08002c22   0x08002c22   0x00000002   PAD
    0x08002c24   0x08002c24   0x000000b2   Code   RO          514    .text.HAL_RCC_GetSysClockFreq  lto-llvm-4e79f4.o
    0x08002cd6   0x08002cd6   0x00000002   PAD
    0x08002cd8   0x08002cd8   0x00000678   Code   RO          508    .text.HAL_RCC_OscConfig  lto-llvm-4e79f4.o
    0x08003350   0x08003350   0x00000100   Code   RO          562    .text.HAL_SPI_Init  lto-llvm-4e79f4.o
    0x08003450   0x08003450   0x00000098   Code   RO          350    .text.HAL_SPI_MspInit  lto-llvm-4e79f4.o
    0x080034e8   0x080034e8   0x00000254   Code   RO          570    .text.HAL_SPI_Receive  lto-llvm-4e79f4.o
    0x0800373c   0x0800373c   0x000002ac   Code   RO          564    .text.HAL_SPI_Transmit  lto-llvm-4e79f4.o
    0x080039e8   0x080039e8   0x00000394   Code   RO          572    .text.HAL_SPI_TransmitReceive  lto-llvm-4e79f4.o
    0x08003d7c   0x08003d7c   0x00000010   Code   RO          558    .text.HAL_SYSTICK_Config  lto-llvm-4e79f4.o
    0x08003d8c   0x08003d8c   0x00000008   Code   RO          644    .text.HAL_TIMEx_BreakCallback  lto-llvm-4e79f4.o
    0x08003d94   0x08003d94   0x00000008   Code   RO          638    .text.HAL_TIMEx_CommutCallback  lto-llvm-4e79f4.o
    0x08003d9c   0x08003d9c   0x000000ba   Code   RO          642    .text.HAL_TIMEx_ConfigBreakDeadTime  lto-llvm-4e79f4.o
    0x08003e56   0x08003e56   0x00000002   PAD
    0x08003e58   0x08003e58   0x000000dc   Code   RO          640    .text.HAL_TIMEx_MasterConfigSynchronization  lto-llvm-4e79f4.o
    0x08003f34   0x08003f34   0x0000009c   Code   RO          576    .text.HAL_TIM_Base_Init  lto-llvm-4e79f4.o
    0x08003fd0   0x08003fd0   0x0000012c   Code   RO          362    .text.HAL_TIM_Base_MspInit  lto-llvm-4e79f4.o
    0x080040fc   0x080040fc   0x000000a8   Code   RO          580    .text.HAL_TIM_Base_Start  lto-llvm-4e79f4.o
    0x080041a4   0x080041a4   0x000000b4   Code   RO          584    .text.HAL_TIM_Base_Start_IT  lto-llvm-4e79f4.o
    0x08004258   0x08004258   0x0000004c   Code   RO          582    .text.HAL_TIM_Base_Stop  lto-llvm-4e79f4.o
    0x080042a4   0x080042a4   0x00000170   Code   RO          630    .text.HAL_TIM_ConfigClockSource  lto-llvm-4e79f4.o
    0x08004414   0x08004414   0x00000008   Code   RO          588    .text.HAL_TIM_ErrorCallback  lto-llvm-4e79f4.o
    0x0800441c   0x0800441c   0x00000008   Code   RO          610    .text.HAL_TIM_IC_CaptureCallback  lto-llvm-4e79f4.o
    0x08004424   0x08004424   0x0000021a   Code   RO          612    .text.HAL_TIM_IRQHandler  lto-llvm-4e79f4.o
    0x0800463e   0x0800463e   0x00000002   PAD
    0x08004640   0x08004640   0x000000d6   Code   RO          354    .text.HAL_TIM_MspPostInit  lto-llvm-4e79f4.o
    0x08004716   0x08004716   0x00000002   PAD
    0x08004718   0x08004718   0x00000008   Code   RO          614    .text.HAL_TIM_OC_DelayElapsedCallback  lto-llvm-4e79f4.o
    0x08004720   0x08004720   0x0000013e   Code   RO          626    .text.HAL_TIM_PWM_ConfigChannel  lto-llvm-4e79f4.o
    0x0800485e   0x0800485e   0x00000002   PAD
    0x08004860   0x08004860   0x0000009c   Code   RO          600    .text.HAL_TIM_PWM_Init  lto-llvm-4e79f4.o
    0x080048fc   0x080048fc   0x00000008   Code   RO          602    .text.HAL_TIM_PWM_MspInit  lto-llvm-4e79f4.o
    0x08004904   0x08004904   0x00000008   Code   RO          598    .text.HAL_TIM_PWM_PulseFinishedCallback  lto-llvm-4e79f4.o
    0x0800490c   0x0800490c   0x00000008   Code   RO          596    .text.HAL_TIM_PWM_PulseFinishedHalfCpltCallback  lto-llvm-4e79f4.o
    0x08004914   0x08004914   0x00000148   Code   RO          604    .text.HAL_TIM_PWM_Start  lto-llvm-4e79f4.o
    0x08004a5c   0x08004a5c   0x0000034a   Code   RO          608    .text.HAL_TIM_PWM_Start_DMA  lto-llvm-4e79f4.o
    0x08004da6   0x08004da6   0x00000002   PAD
    0x08004da8   0x08004da8   0x000000e0   Code   RO          606    .text.HAL_TIM_PWM_Stop  lto-llvm-4e79f4.o
    0x08004e88   0x08004e88   0x000001c8   Code   RO          328    .text.HAL_TIM_PeriodElapsedCallback  lto-llvm-4e79f4.o
    0x08005050   0x08005050   0x00000008   Code   RO          616    .text.HAL_TIM_TriggerCallback  lto-llvm-4e79f4.o
    0x08005058   0x08005058   0x0000000c   Code   RO          664    .text.HAL_UARTEx_RxEventCallback  lto-llvm-4e79f4.o
    0x08005064   0x08005064   0x00000008   Code   RO          660    .text.HAL_UART_ErrorCallback  lto-llvm-4e79f4.o
    0x0800506c   0x0800506c   0x0000042a   Code   RO          666    .text.HAL_UART_IRQHandler  lto-llvm-4e79f4.o
    0x08005496   0x08005496   0x00000002   PAD
    0x08005498   0x08005498   0x0000009e   Code   RO          646    .text.HAL_UART_Init  lto-llvm-4e79f4.o
    0x08005536   0x08005536   0x00000002   PAD
    0x08005538   0x08005538   0x0000024e   Code   RO          370    .text.HAL_UART_MspInit  lto-llvm-4e79f4.o
    0x08005786   0x08005786   0x00000002   PAD
    0x08005788   0x08005788   0x0000005c   Code   RO          656    .text.HAL_UART_Receive_IT  lto-llvm-4e79f4.o
    0x080057e4   0x080057e4   0x0000003a   Code   RO          330    .text.HAL_UART_RxCpltCallback  lto-llvm-4e79f4.o
    0x0800581e   0x0800581e   0x00000002   PAD
    0x08005820   0x08005820   0x0000011e   Code   RO          650    .text.HAL_UART_Transmit  lto-llvm-4e79f4.o
    0x0800593e   0x0800593e   0x00000002   PAD
    0x08005940   0x08005940   0x00000008   Code   RO          662    .text.HAL_UART_TxCpltCallback  lto-llvm-4e79f4.o
    0x08005948   0x08005948   0x00000004   Code   RO          376    .text.HardFault_Handler  lto-llvm-4e79f4.o
    0x0800594c   0x0800594c   0x00000010   Code   RO          402    .text.I2C1_ER_IRQHandler  lto-llvm-4e79f4.o
    0x0800595c   0x0800595c   0x00000010   Code   RO          400    .text.I2C1_EV_IRQHandler  lto-llvm-4e79f4.o
    0x0800596c   0x0800596c   0x00000034   Code   RO          454    .text.I2C_ConvertOtherXferOptions  lto-llvm-4e79f4.o
    0x080059a0   0x080059a0   0x00000158   Code   RO          444    .text.I2C_DMAAbort  lto-llvm-4e79f4.o
    0x08005af8   0x08005af8   0x00000024   Code   RO          490    .text.I2C_Flush_DR  lto-llvm-4e79f4.o
    0x08005b1c   0x08005b1c   0x0000027a   Code   RO          448    .text.I2C_ITError   lto-llvm-4e79f4.o
    0x08005d96   0x08005d96   0x00000002   PAD
    0x08005d98   0x08005d98   0x00000064   Code   RO          420    .text.I2C_IsAcknowledgeFailed  lto-llvm-4e79f4.o
    0x08005dfc   0x08005dfc   0x000001ac   Code   RO          470    .text.I2C_MasterReceive_BTF  lto-llvm-4e79f4.o
    0x08005fa8   0x08005fa8   0x0000016a   Code   RO          468    .text.I2C_MasterReceive_RXNE  lto-llvm-4e79f4.o
    0x08006112   0x08006112   0x00000002   PAD
    0x08006114   0x08006114   0x000000de   Code   RO          464    .text.I2C_MasterTransmit_BTF  lto-llvm-4e79f4.o
    0x080061f2   0x080061f2   0x00000002   PAD
    0x080061f4   0x080061f4   0x0000013e   Code   RO          462    .text.I2C_MasterTransmit_TXE  lto-llvm-4e79f4.o
    0x08006332   0x08006332   0x00000002   PAD
    0x08006334   0x08006334   0x00000046   Code   RO          458    .text.I2C_Master_ADD10  lto-llvm-4e79f4.o
    0x0800637a   0x0800637a   0x00000002   PAD
    0x0800637c   0x0800637c   0x00000358   Code   RO          460    .text.I2C_Master_ADDR  lto-llvm-4e79f4.o
    0x080066d4   0x080066d4   0x000000f0   Code   RO          456    .text.I2C_Master_SB  lto-llvm-4e79f4.o
    0x080067c4   0x080067c4   0x00000128   Code   RO          466    .text.I2C_MemoryTransmit_TXE_BTF  lto-llvm-4e79f4.o
    0x080068ec   0x080068ec   0x000001d2   Code   RO          442    .text.I2C_RequestMemoryRead  lto-llvm-4e79f4.o
    0x08006abe   0x08006abe   0x00000002   PAD
    0x08006ac0   0x08006ac0   0x00000132   Code   RO          438    .text.I2C_RequestMemoryWrite  lto-llvm-4e79f4.o
    0x08006bf2   0x08006bf2   0x00000002   PAD
    0x08006bf4   0x08006bf4   0x0000002e   Code   RO          482    .text.I2C_SlaveReceive_BTF  lto-llvm-4e79f4.o
    0x08006c22   0x08006c22   0x00000002   PAD
    0x08006c24   0x08006c24   0x0000006e   Code   RO          480    .text.I2C_SlaveReceive_RXNE  lto-llvm-4e79f4.o
    0x08006c92   0x08006c92   0x00000002   PAD
    0x08006c94   0x08006c94   0x0000002c   Code   RO          478    .text.I2C_SlaveTransmit_BTF  lto-llvm-4e79f4.o
    0x08006cc0   0x08006cc0   0x0000006c   Code   RO          476    .text.I2C_SlaveTransmit_TXE  lto-llvm-4e79f4.o
    0x08006d2c   0x08006d2c   0x000000ae   Code   RO          472    .text.I2C_Slave_ADDR  lto-llvm-4e79f4.o
    0x08006dda   0x08006dda   0x00000002   PAD
    0x08006ddc   0x08006ddc   0x000000e4   Code   RO          496    .text.I2C_Slave_AF  lto-llvm-4e79f4.o
    0x08006ec0   0x08006ec0   0x0000024a   Code   RO          474    .text.I2C_Slave_STOPF  lto-llvm-4e79f4.o
    0x0800710a   0x0800710a   0x00000002   PAD
    0x0800710c   0x0800710c   0x000000ac   Code   RO          418    .text.I2C_WaitOnBTFFlagUntilTimeout  lto-llvm-4e79f4.o
    0x080071b8   0x080071b8   0x000000fc   Code   RO          414    .text.I2C_WaitOnFlagUntilTimeout  lto-llvm-4e79f4.o
    0x080072b4   0x080072b4   0x0000014e   Code   RO          422    .text.I2C_WaitOnMasterAddressFlagUntilTimeout  lto-llvm-4e79f4.o
    0x08007402   0x08007402   0x00000002   PAD
    0x08007404   0x08007404   0x000000dc   Code   RO          424    .text.I2C_WaitOnRXNEFlagUntilTimeout  lto-llvm-4e79f4.o
    0x080074e0   0x080074e0   0x00000078   Code   RO          486    .text.I2C_WaitOnSTOPRequestThroughIT  lto-llvm-4e79f4.o
    0x08007558   0x08007558   0x000000a8   Code   RO          416    .text.I2C_WaitOnTXEFlagUntilTimeout  lto-llvm-4e79f4.o
    0x08007600   0x08007600   0x00000074   Code   RO          312    .text.IR_send       lto-llvm-4e79f4.o
    0x08007674   0x08007674   0x00000028   Code   RO          894    .text.IsKey1Down    lto-llvm-4e79f4.o
    0x0800769c   0x0800769c   0x00000040   Code   RO          896    .text.IsKey2Down    lto-llvm-4e79f4.o
    0x080076dc   0x080076dc   0x0000003c   Code   RO          898    .text.IsKey3Down    lto-llvm-4e79f4.o
    0x08007718   0x08007718   0x00000146   Code   RO          906    .text.KEY_Detect    lto-llvm-4e79f4.o
    0x0800785e   0x0800785e   0x00000002   PAD
    0x08007860   0x08007860   0x0000005a   Code   RO          902    .text.KEY_FIFO_Get  lto-llvm-4e79f4.o
    0x080078ba   0x080078ba   0x00000002   PAD
    0x080078bc   0x080078bc   0x00000098   Code   RO          890    .text.KEY_FIFO_Init  lto-llvm-4e79f4.o
    0x08007954   0x08007954   0x00000036   Code   RO          900    .text.KEY_FIFO_Put  lto-llvm-4e79f4.o
    0x0800798a   0x0800798a   0x00000002   PAD
    0x0800798c   0x0800798c   0x00000020   Code   RO          888    .text.KEY_Init      lto-llvm-4e79f4.o
    0x080079ac   0x080079ac   0x00000030   Code   RO          904    .text.KEY_Scan      lto-llvm-4e79f4.o
    0x080079dc   0x080079dc   0x00000042   Code   RO          892    .text.KEY_SetParam  lto-llvm-4e79f4.o
    0x08007a1e   0x08007a1e   0x00000002   PAD
    0x08007a20   0x08007a20   0x0000006e   Code   RO         1112    .text.MPU_Get_Gyroscope  lto-llvm-4e79f4.o
    0x08007a8e   0x08007a8e   0x00000002   PAD
    0x08007a90   0x08007a90   0x000000a0   Code   RO         1096    .text.MPU_Init      lto-llvm-4e79f4.o
    0x08007b30   0x08007b30   0x00000026   Code   RO         1106    .text.MPU_Read_Byte  lto-llvm-4e79f4.o
    0x08007b56   0x08007b56   0x00000002   PAD
    0x08007b58   0x08007b58   0x00000024   Code   RO         1110    .text.MPU_Read_Len  lto-llvm-4e79f4.o
    0x08007b7c   0x08007b7c   0x0000001c   Code   RO         1102    .text.MPU_Set_Accel_Fsr  lto-llvm-4e79f4.o
    0x08007b98   0x08007b98   0x0000001c   Code   RO         1100    .text.MPU_Set_Gyro_Fsr  lto-llvm-4e79f4.o
    0x08007bb4   0x08007bb4   0x00000086   Code   RO         1108    .text.MPU_Set_LPF   lto-llvm-4e79f4.o
    0x08007c3a   0x08007c3a   0x00000002   PAD
    0x08007c3c   0x08007c3c   0x00000062   Code   RO         1104    .text.MPU_Set_Rate  lto-llvm-4e79f4.o
    0x08007c9e   0x08007c9e   0x00000002   PAD
    0x08007ca0   0x08007ca0   0x00000030   Code   RO         1098    .text.MPU_Write_Byte  lto-llvm-4e79f4.o
    0x08007cd0   0x08007cd0   0x00000050   Code   RO          342    .text.MX_DMA_Init   lto-llvm-4e79f4.o
    0x08007d20   0x08007d20   0x000000fe   Code   RO          340    .text.MX_GPIO_Init  lto-llvm-4e79f4.o
    0x08007e1e   0x08007e1e   0x00000002   PAD
    0x08007e20   0x08007e20   0x00000040   Code   RO          344    .text.MX_I2C1_Init  lto-llvm-4e79f4.o
    0x08007e60   0x08007e60   0x00000044   Code   RO          348    .text.MX_SPI2_Init  lto-llvm-4e79f4.o
    0x08007ea4   0x08007ea4   0x00000104   Code   RO          352    .text.MX_TIM1_Init  lto-llvm-4e79f4.o
    0x08007fa8   0x08007fa8   0x0000007a   Code   RO          356    .text.MX_TIM2_Init  lto-llvm-4e79f4.o
    0x08008022   0x08008022   0x00000002   PAD
    0x08008024   0x08008024   0x000000cc   Code   RO          358    .text.MX_TIM3_Init  lto-llvm-4e79f4.o
    0x080080f0   0x080080f0   0x00000080   Code   RO          360    .text.MX_TIM4_Init  lto-llvm-4e79f4.o
    0x08008170   0x08008170   0x00000038   Code   RO          364    .text.MX_USART1_UART_Init  lto-llvm-4e79f4.o
    0x080081a8   0x080081a8   0x00000038   Code   RO          366    .text.MX_USART2_UART_Init  lto-llvm-4e79f4.o
    0x080081e0   0x080081e0   0x00000038   Code   RO          368    .text.MX_USART3_UART_Init  lto-llvm-4e79f4.o
    0x08008218   0x08008218   0x00000004   Code   RO          378    .text.MemManage_Handler  lto-llvm-4e79f4.o
    0x0800821c   0x0800821c   0x00000004   Code   RO          374    .text.NMI_Handler   lto-llvm-4e79f4.o
    0x08008220   0x08008220   0x00000062   Code   RO          550    .text.NVIC_EncodePriority  lto-llvm-4e79f4.o
    0x08008282   0x08008282   0x00000002   PAD
    0x08008284   0x08008284   0x00000002   Code   RO          388    .text.PendSV_Handler  lto-llvm-4e79f4.o
    0x08008286   0x08008286   0x00000002   PAD
    0x08008288   0x08008288   0x0000003c   Code   RO          510    .text.RCC_Delay     lto-llvm-4e79f4.o
    0x080082c4   0x080082c4   0x00000008   Code   RO         1090    .text.RGB_SendArray  lto-llvm-4e79f4.o
    0x080082cc   0x080082cc   0x0000011a   Code   RO         1086    .text.RGB_SetColor  lto-llvm-4e79f4.o
    0x080083e6   0x080083e6   0x00000002   PAD
    0x080083e8   0x080083e8   0x0000003c   Code   RO         1088    .text.Reset_Load    lto-llvm-4e79f4.o
    0x08008424   0x08008424   0x000000b4   Code   RO          574    .text.SPI_EndRxTransaction  lto-llvm-4e79f4.o
    0x080084d8   0x080084d8   0x00000066   Code   RO          566    .text.SPI_EndRxTxTransaction  lto-llvm-4e79f4.o
    0x0800853e   0x0800853e   0x00000002   PAD
    0x08008540   0x08008540   0x00000018   Code   RO          682    .text.SPI_Receive   lto-llvm-4e79f4.o
    0x08008558   0x08008558   0x00000018   Code   RO          680    .text.SPI_Transmit  lto-llvm-4e79f4.o
    0x08008570   0x08008570   0x00000124   Code   RO          568    .text.SPI_WaitFlagStateUntilTimeout  lto-llvm-4e79f4.o
    0x08008694   0x08008694   0x00000002   Code   RO          384    .text.SVC_Handler   lto-llvm-4e79f4.o
    0x08008696   0x08008696   0x00000002   PAD
    0x08008698   0x08008698   0x00000060   Code   RO          300    .text.ShowHex       lto-llvm-4e79f4.o
    0x080086f8   0x080086f8   0x00000074   Code   RO          756    .text.Softmax       lto-llvm-4e79f4.o
    0x0800876c   0x0800876c   0x00000052   Code   RO          560    .text.SysTick_Config  lto-llvm-4e79f4.o
    0x080087be   0x080087be   0x00000002   PAD
    0x080087c0   0x080087c0   0x00000008   Code   RO          390    .text.SysTick_Handler  lto-llvm-4e79f4.o
    0x080087c8   0x080087c8   0x00000068   Code   RO          334    .text.SystemClock_Config  lto-llvm-4e79f4.o
    0x08008830   0x08008830   0x00000002   Code   RO          676    .text.SystemInit    lto-llvm-4e79f4.o
    0x08008832   0x08008832   0x00000002   PAD
    0x08008834   0x08008834   0x00000010   Code   RO          398    .text.TIM4_IRQHandler  lto-llvm-4e79f4.o
    0x08008844   0x08008844   0x00000106   Code   RO          578    .text.TIM_Base_SetConfig  lto-llvm-4e79f4.o
    0x0800894a   0x0800894a   0x00000002   PAD
    0x0800894c   0x0800894c   0x00000038   Code   RO          590    .text.TIM_CCxChannelCmd  lto-llvm-4e79f4.o
    0x08008984   0x08008984   0x000000bc   Code   RO          592    .text.TIM_DMADelayPulseCplt  lto-llvm-4e79f4.o
    0x08008a40   0x08008a40   0x00000074   Code   RO          594    .text.TIM_DMADelayPulseHalfCplt  lto-llvm-4e79f4.o
    0x08008ab4   0x08008ab4   0x0000009a   Code   RO          586    .text.TIM_DMAError  lto-llvm-4e79f4.o
    0x08008b4e   0x08008b4e   0x00000002   PAD
    0x08008b50   0x08008b50   0x00000034   Code   RO          628    .text.TIM_ETR_SetConfig  lto-llvm-4e79f4.o
    0x08008b84   0x08008b84   0x0000002a   Code   RO          634    .text.TIM_ITRx_SetConfig  lto-llvm-4e79f4.o
    0x08008bae   0x08008bae   0x00000002   PAD
    0x08008bb0   0x08008bb0   0x000000ce   Code   RO          618    .text.TIM_OC1_SetConfig  lto-llvm-4e79f4.o
    0x08008c7e   0x08008c7e   0x00000002   PAD
    0x08008c80   0x08008c80   0x000000d8   Code   RO          620    .text.TIM_OC2_SetConfig  lto-llvm-4e79f4.o
    0x08008d58   0x08008d58   0x000000d6   Code   RO          622    .text.TIM_OC3_SetConfig  lto-llvm-4e79f4.o
    0x08008e2e   0x08008e2e   0x00000002   PAD
    0x08008e30   0x08008e30   0x00000096   Code   RO          624    .text.TIM_OC4_SetConfig  lto-llvm-4e79f4.o
    0x08008ec6   0x08008ec6   0x00000002   PAD
    0x08008ec8   0x08008ec8   0x00000050   Code   RO          632    .text.TIM_TI1_ConfigInputStage  lto-llvm-4e79f4.o
    0x08008f18   0x08008f18   0x00000052   Code   RO          636    .text.TIM_TI2_ConfigInputStage  lto-llvm-4e79f4.o
    0x08008f6a   0x08008f6a   0x00000002   PAD
    0x08008f6c   0x08008f6c   0x00000020   Code   RO          670    .text.UART_DMAAbortOnError  lto-llvm-4e79f4.o
    0x08008f8c   0x08008f8c   0x00000094   Code   RO          654    .text.UART_EndRxTransfer  lto-llvm-4e79f4.o
    0x08009020   0x08009020   0x00000024   Code   RO          674    .text.UART_EndTransmit_IT  lto-llvm-4e79f4.o
    0x08009044   0x08009044   0x00000166   Code   RO          668    .text.UART_Receive_IT  lto-llvm-4e79f4.o
    0x080091aa   0x080091aa   0x00000002   PAD
    0x080091ac   0x080091ac   0x000000ba   Code   RO          648    .text.UART_SetConfig  lto-llvm-4e79f4.o
    0x08009266   0x08009266   0x00000002   PAD
    0x08009268   0x08009268   0x00000060   Code   RO          658    .text.UART_Start_Receive_IT  lto-llvm-4e79f4.o
    0x080092c8   0x080092c8   0x00000090   Code   RO          672    .text.UART_Transmit_IT  lto-llvm-4e79f4.o
    0x08009358   0x08009358   0x000000da   Code   RO          652    .text.UART_WaitOnFlagUntilTimeout  lto-llvm-4e79f4.o
    0x08009432   0x08009432   0x00000002   PAD
    0x08009434   0x08009434   0x00000010   Code   RO          404    .text.USART1_IRQHandler  lto-llvm-4e79f4.o
    0x08009444   0x08009444   0x00000010   Code   RO          406    .text.USART2_IRQHandler  lto-llvm-4e79f4.o
    0x08009454   0x08009454   0x00000010   Code   RO          408    .text.USART3_IRQHandler  lto-llvm-4e79f4.o
    0x08009464   0x08009464   0x00000004   Code   RO          382    .text.UsageFault_Handler  lto-llvm-4e79f4.o
    0x08009468   0x08009468   0x00000064   Code   RO          692    .text.W25QXX_Page_Program  lto-llvm-4e79f4.o
    0x080094cc   0x080094cc   0x0000008e   Code   RO          684    .text.W25QXX_Read   lto-llvm-4e79f4.o
    0x0800955a   0x0800955a   0x00000002   PAD
    0x0800955c   0x0800955c   0x0000006c   Code   RO          678    .text.W25QXX_ReadID  lto-llvm-4e79f4.o
    0x080095c8   0x080095c8   0x000000ac   Code   RO          688    .text.W25QXX_ReadSR  lto-llvm-4e79f4.o
    0x08009674   0x08009674   0x00000012   Code   RO          686    .text.W25QXX_Wait_Busy  lto-llvm-4e79f4.o
    0x08009686   0x08009686   0x00000002   PAD
    0x08009688   0x08009688   0x0000003c   Code   RO          690    .text.W25QXX_Write_Enable  lto-llvm-4e79f4.o
    0x080096c4   0x080096c4   0x0000004e   Code   RO          856    .text.__NNOM_SSAT   lto-llvm-4e79f4.o
    0x08009712   0x08009712   0x00000002   PAD
    0x08009714   0x08009714   0x0000004e   Code   RO          870    .text.__NNOM_SSAT.355  lto-llvm-4e79f4.o
    0x08009762   0x08009762   0x00000002   PAD
    0x08009764   0x08009764   0x00000040   Code   RO          862    .text.__NNOM_USAT   lto-llvm-4e79f4.o
    0x080097a4   0x080097a4   0x00000032   Code   RO          556    .text.__NVIC_EnableIRQ  lto-llvm-4e79f4.o
    0x080097d6   0x080097d6   0x00000002   PAD
    0x080097d8   0x080097d8   0x00000010   Code   RO          548    .text.__NVIC_GetPriorityGrouping  lto-llvm-4e79f4.o
    0x080097e8   0x080097e8   0x00000042   Code   RO          552    .text.__NVIC_SetPriority  lto-llvm-4e79f4.o
    0x0800982a   0x0800982a   0x00000002   PAD
    0x0800982c   0x0800982c   0x0000003c   Code   RO          544    .text.__NVIC_SetPriorityGrouping  lto-llvm-4e79f4.o
    0x08009868   0x08009868   0x0000002c   Code   RO          698    .text.act_get_dec_bit  lto-llvm-4e79f4.o
    0x08009894   0x08009894   0x00000052   Code   RO          694    .text.act_leaky_relu  lto-llvm-4e79f4.o
    0x080098e6   0x080098e6   0x00000002   PAD
    0x080098e8   0x080098e8   0x0000020c   Code   RO          956    .text.add_delaycode  lto-llvm-4e79f4.o
    0x08009af4   0x08009af4   0x0000006a   Code   RO          794    .text.allocate_block  lto-llvm-4e79f4.o
    0x08009b5e   0x08009b5e   0x00000002   PAD
    0x08009b60   0x08009b60   0x0000005c   Code   RO          784    .text.allocate_hook  lto-llvm-4e79f4.o
    0x08009bbc   0x08009bbc   0x00000060   Code   RO          786    .text.allocate_io   lto-llvm-4e79f4.o
    0x08009c1c   0x08009c1c   0x00000122   Code   RO          930    .text.apply_ac_mode  lto-llvm-4e79f4.o
    0x08009d3e   0x08009d3e   0x00000002   PAD
    0x08009d40   0x08009d40   0x00000062   Code   RO          908    .text.apply_ac_parameter_type_1  lto-llvm-4e79f4.o
    0x08009da2   0x08009da2   0x00000002   PAD
    0x08009da4   0x08009da4   0x000002c4   Code   RO          910    .text.apply_ac_parameter_type_2  lto-llvm-4e79f4.o
    0x0800a068   0x0800a068   0x000000a0   Code   RO          926    .text.apply_ac_power  lto-llvm-4e79f4.o
    0x0800a108   0x0800a108   0x00000152   Code   RO          938    .text.apply_ac_swing  lto-llvm-4e79f4.o
    0x0800a25a   0x0800a25a   0x00000002   PAD
    0x0800a25c   0x0800a25c   0x000001b2   Code   RO          944    .text.apply_ac_temperature  lto-llvm-4e79f4.o
    0x0800a40e   0x0800a40e   0x00000002   PAD
    0x0800a410   0x0800a410   0x00000122   Code   RO          934    .text.apply_ac_wind_speed  lto-llvm-4e79f4.o
    0x0800a532   0x0800a532   0x00000002   PAD
    0x0800a534   0x0800a534   0x00000214   Code   RO          914    .text.apply_checksum  lto-llvm-4e79f4.o
    0x0800a748   0x0800a748   0x0000009c   Code   RO          916    .text.apply_checksum_byte  lto-llvm-4e79f4.o
    0x0800a7e4   0x0800a7e4   0x000000a4   Code   RO          918    .text.apply_checksum_halfbyte  lto-llvm-4e79f4.o
    0x0800a888   0x0800a888   0x00000116   Code   RO          920    .text.apply_checksum_spec_byte  lto-llvm-4e79f4.o
    0x0800a99e   0x0800a99e   0x00000002   PAD
    0x0800a9a0   0x0800a9a0   0x000000e6   Code   RO          922    .text.apply_checksum_spec_byte_onebyte  lto-llvm-4e79f4.o
    0x0800aa86   0x0800aa86   0x00000002   PAD
    0x0800aa88   0x0800aa88   0x0000013a   Code   RO          912    .text.apply_function  lto-llvm-4e79f4.o
    0x0800abc2   0x0800abc2   0x00000002   PAD
    0x0800abc4   0x0800abc4   0x00000032   Code   RO          928    .text.apply_mode    lto-llvm-4e79f4.o
    0x0800abf6   0x0800abf6   0x00000002   PAD
    0x0800abf8   0x0800abf8   0x0000001a   Code   RO          924    .text.apply_power   lto-llvm-4e79f4.o
    0x0800ac12   0x0800ac12   0x00000002   PAD
    0x0800ac14   0x0800ac14   0x0000011a   Code   RO          936    .text.apply_swing   lto-llvm-4e79f4.o
    0x0800ad2e   0x0800ad2e   0x00000002   PAD
    0x0800ad30   0x0800ad30   0x000000ec   Code   RO          942    .text.apply_temperature  lto-llvm-4e79f4.o
    0x0800ae1c   0x0800ae1c   0x000000ac   Code   RO          932    .text.apply_wind_speed  lto-llvm-4e79f4.o
    0x0800aec8   0x0800aec8   0x00000060   Code   RO          952    .text.binary_parse_data  lto-llvm-4e79f4.o
    0x0800af28   0x0800af28   0x00000194   Code   RO          948    .text.binary_parse_len  lto-llvm-4e79f4.o
    0x0800b0bc   0x0800b0bc   0x000000da   Code   RO          946    .text.binary_parse_offset  lto-llvm-4e79f4.o
    0x0800b196   0x0800b196   0x00000002   PAD
    0x0800b198   0x0800b198   0x000000e6   Code   RO          954    .text.bits_per_byte  lto-llvm-4e79f4.o
    0x0800b27e   0x0800b27e   0x00000002   PAD
    0x0800b280   0x0800b280   0x00000062   Code   RO          812    .text.block_mem_set  lto-llvm-4e79f4.o
    0x0800b2e2   0x0800b2e2   0x00000002   PAD
    0x0800b2e4   0x0800b2e4   0x00000074   Code   RO         1076    .text.char_to_hex   lto-llvm-4e79f4.o
    0x0800b358   0x0800b358   0x00000022   Code   RO         1078    .text.chars_to_hex  lto-llvm-4e79f4.o
    0x0800b37a   0x0800b37a   0x00000002   PAD
    0x0800b37c   0x0800b37c   0x0000008c   Code   RO          828    .text.check_model_version  lto-llvm-4e79f4.o
    0x0800b408   0x0800b408   0x00000398   Code   RO          792    .text.compile_layers  lto-llvm-4e79f4.o
    0x0800b7a0   0x0800b7a0   0x00000156   Code   RO          706    .text.conv2d_build  lto-llvm-4e79f4.o
    0x0800b8f6   0x0800b8f6   0x00000002   PAD
    0x0800b8f8   0x0800b8f8   0x0000002a   Code   RO          708    .text.conv2d_free   lto-llvm-4e79f4.o
    0x0800b922   0x0800b922   0x00000002   PAD
    0x0800b924   0x0800b924   0x00000162   Code   RO          704    .text.conv2d_run    lto-llvm-4e79f4.o
    0x0800ba86   0x0800ba86   0x00000002   PAD
    0x0800ba88   0x0800ba88   0x000001ca   Code   RO          702    .text.conv2d_s      lto-llvm-4e79f4.o
    0x0800bc52   0x0800bc52   0x00000002   PAD
    0x0800bc54   0x0800bc54   0x0000005a   Code   RO          710    .text.conv_output_length  lto-llvm-4e79f4.o
    0x0800bcae   0x0800bcae   0x00000002   PAD
    0x0800bcb0   0x0800bcb0   0x0000014e   Code   RO         1072    .text.convert_to_ir_time  lto-llvm-4e79f4.o
    0x0800bdfe   0x0800bdfe   0x00000002   PAD
    0x0800be00   0x0800be00   0x0000022a   Code   RO          958    .text.create_ir_frame  lto-llvm-4e79f4.o
    0x0800c02a   0x0800c02a   0x00000002   PAD
    0x0800c02c   0x0800c02c   0x00000414   Code   RO          316    .text.dataProcess   lto-llvm-4e79f4.o
    0x0800c440   0x0800c440   0x00000064   Code   RO          700    .text.default_build  lto-llvm-4e79f4.o
    0x0800c4a4   0x0800c4a4   0x00000018   Code   RO          846    .text.delete_tensor  lto-llvm-4e79f4.o
    0x0800c4bc   0x0800c4bc   0x00000110   Code   RO          716    .text.dense_build   lto-llvm-4e79f4.o
    0x0800c5cc   0x0800c5cc   0x0000002a   Code   RO          718    .text.dense_free    lto-llvm-4e79f4.o
    0x0800c5f6   0x0800c5f6   0x00000002   PAD
    0x0800c5f8   0x0800c5f8   0x0000007c   Code   RO          714    .text.dense_run     lto-llvm-4e79f4.o
    0x0800c674   0x0800c674   0x000000cc   Code   RO          712    .text.dense_s       lto-llvm-4e79f4.o
    0x0800c740   0x0800c740   0x00000016   Code   RO          836    .text.dilation      lto-llvm-4e79f4.o
    0x0800c756   0x0800c756   0x00000002   PAD
    0x0800c758   0x0800c758   0x00000034   Code   RO          788    .text.find_last     lto-llvm-4e79f4.o
    0x0800c78c   0x0800c78c   0x00000058   Code   RO          726    .text.flatten_build  lto-llvm-4e79f4.o
    0x0800c7e4   0x0800c7e4   0x0000000a   Code   RO          724    .text.flatten_run   lto-llvm-4e79f4.o
    0x0800c7ee   0x0800c7ee   0x00000002   PAD
    0x0800c7f0   0x0800c7f0   0x00000028   Code   RO          720    .text.flatten_s     lto-llvm-4e79f4.o
    0x0800c818   0x0800c818   0x00000022   Code   RO          372    .text.fputc         lto-llvm-4e79f4.o
    0x0800c83a   0x0800c83a   0x00000002   PAD
    0x0800c83c   0x0800c83c   0x0000058e   Code   RO          964    .text.free_ac_context  lto-llvm-4e79f4.o
    0x0800cdca   0x0800cdca   0x00000002   PAD
    0x0800cdcc   0x0800cdcc   0x00000070   Code   RO         1064    .text.get_ir_keymap  lto-llvm-4e79f4.o
    0x0800ce3c   0x0800ce3c   0x000001f0   Code   RO         1062    .text.get_ir_protocol  lto-llvm-4e79f4.o
    0x0800d02c   0x0800d02c   0x00000088   Code   RO          940    .text.has_function  lto-llvm-4e79f4.o
    0x0800d0b4   0x0800d0b4   0x00000034   Code   RO          732    .text.input_build   lto-llvm-4e79f4.o
    0x0800d0e8   0x0800d0e8   0x0000002a   Code   RO          730    .text.input_run     lto-llvm-4e79f4.o
    0x0800d112   0x0800d112   0x00000002   PAD
    0x0800d114   0x0800d114   0x00000142   Code   RO          728    .text.input_s       lto-llvm-4e79f4.o
    0x0800d256   0x0800d256   0x00000002   PAD
    0x0800d258   0x0800d258   0x00000012   Code   RO          838    .text.io_init       lto-llvm-4e79f4.o
    0x0800d26a   0x0800d26a   0x00000002   PAD
    0x0800d26c   0x0800d26c   0x00000036   Code   RO          808    .text.io_mem_size   lto-llvm-4e79f4.o
    0x0800d2a2   0x0800d2a2   0x00000002   PAD
    0x0800d2a4   0x0800d2a4   0x00000008   Code   RO         1056    .text.ir_ac_binary_close  lto-llvm-4e79f4.o
    0x0800d2ac   0x0800d2ac   0x00000026   Code   RO         1042    .text.ir_ac_binary_open  lto-llvm-4e79f4.o
    0x0800d2d2   0x0800d2d2   0x00000002   PAD
    0x0800d2d4   0x0800d2d4   0x0000021e   Code   RO         1050    .text.ir_ac_control  lto-llvm-4e79f4.o
    0x0800d4f2   0x0800d4f2   0x00000002   PAD
    0x0800d4f4   0x0800d4f4   0x00000bb2   Code   RO          960    .text.ir_ac_lib_parse  lto-llvm-4e79f4.o
    0x0800e0a6   0x0800e0a6   0x00000002   PAD
    0x0800e0a8   0x0800e0a8   0x0000013c   Code   RO         1044    .text.ir_binary_open  lto-llvm-4e79f4.o
    0x0800e1e4   0x0800e1e4   0x00000048   Code   RO         1052    .text.ir_close      lto-llvm-4e79f4.o
    0x0800e22c   0x0800e22c   0x00000014   Code   RO          962    .text.ir_context_init  lto-llvm-4e79f4.o
    0x0800e240   0x0800e240   0x000000f6   Code   RO         1046    .text.ir_decode     lto-llvm-4e79f4.o
    0x0800e336   0x0800e336   0x00000002   PAD
    0x0800e338   0x0800e338   0x00000018   Code   RO         1040    .text.ir_tv_binary_open  lto-llvm-4e79f4.o
    0x0800e350   0x0800e350   0x00000038   Code   RO         1038    .text.ir_tv_binary_parse  lto-llvm-4e79f4.o
    0x0800e388   0x0800e388   0x00000030   Code   RO         1048    .text.ir_tv_control  lto-llvm-4e79f4.o
    0x0800e3b8   0x0800e3b8   0x00000054   Code   RO         1084    .text.is_in         lto-llvm-4e79f4.o
    0x0800e40c   0x0800e40c   0x00000022   Code   RO          966    .text.is_solo_function  lto-llvm-4e79f4.o
    0x0800e42e   0x0800e42e   0x00000002   PAD
    0x0800e430   0x0800e430   0x00000016   Code   RO          832    .text.kernel        lto-llvm-4e79f4.o
    0x0800e446   0x0800e446   0x00000002   PAD
    0x0800e448   0x0800e448   0x0000005a   Code   RO          822    .text.layer_run     lto-llvm-4e79f4.o
    0x0800e4a2   0x0800e4a2   0x00000002   PAD
    0x0800e4a4   0x0800e4a4   0x00000052   Code   RO          796    .text.layer_shortcut_add  lto-llvm-4e79f4.o
    0x0800e4f6   0x0800e4f6   0x00000002   PAD
    0x0800e4f8   0x0800e4f8   0x00000054   Code   RO          696    .text.leaky_relu_run  lto-llvm-4e79f4.o
    0x0800e54c   0x0800e54c   0x000000dc   Code   RO          880    .text.local_activation_q15  lto-llvm-4e79f4.o
    0x0800e628   0x0800e628   0x0000005c   Code   RO          886    .text.local_add_q15  lto-llvm-4e79f4.o
    0x0800e684   0x0800e684   0x0000034e   Code   RO          872    .text.local_convolve_HWC_q15_nonsquare  lto-llvm-4e79f4.o
    0x0800e9d2   0x0800e9d2   0x00000002   PAD
    0x0800e9d4   0x0800e9d4   0x00000324   Code   RO          854    .text.local_convolve_HWC_q7_nonsquare  lto-llvm-4e79f4.o
    0x0800ecf8   0x0800ecf8   0x000004ae   Code   RO          874    .text.local_fully_connected_mat_q7_vec_q15_opt  lto-llvm-4e79f4.o
    0x0800f1a6   0x0800f1a6   0x00000002   PAD
    0x0800f1a8   0x0800f1a8   0x000004b8   Code   RO          858    .text.local_fully_connected_q7_opt  lto-llvm-4e79f4.o
    0x0800f660   0x0800f660   0x00000052   Code   RO          876    .text.local_leaky_relu_q15  lto-llvm-4e79f4.o
    0x0800f6b2   0x0800f6b2   0x00000002   PAD
    0x0800f6b4   0x0800f6b4   0x0000004c   Code   RO          864    .text.local_leaky_relu_q7  lto-llvm-4e79f4.o
    0x0800f700   0x0800f700   0x0000005e   Code   RO          884    .text.local_mult_q15  lto-llvm-4e79f4.o
    0x0800f75e   0x0800f75e   0x00000002   PAD
    0x0800f760   0x0800f760   0x00000038   Code   RO          868    .text.local_q15_to_q7  lto-llvm-4e79f4.o
    0x0800f798   0x0800f798   0x000000da   Code   RO          866    .text.local_q7_to_q15  lto-llvm-4e79f4.o
    0x0800f872   0x0800f872   0x00000002   PAD
    0x0800f874   0x0800f874   0x00000024   Code   RO          878    .text.local_sigmoid_q15  lto-llvm-4e79f4.o
    0x0800f898   0x0800f898   0x00000112   Code   RO          860    .text.local_softmax_q7  lto-llvm-4e79f4.o
    0x0800f9aa   0x0800f9aa   0x00000002   PAD
    0x0800f9ac   0x0800f9ac   0x00000024   Code   RO          882    .text.local_tanh_q15  lto-llvm-4e79f4.o
    0x0800f9d0   0x0800f9d0   0x0000000a   Code   RO          740    .text.lstm_cell_free  lto-llvm-4e79f4.o
    0x0800f9da   0x0800f9da   0x00000002   PAD
    0x0800f9dc   0x0800f9dc   0x00000094   Code   RO          738    .text.lstm_cell_q7_q15_build  lto-llvm-4e79f4.o
    0x0800fa70   0x0800fa70   0x000001dc   Code   RO          736    .text.lstm_cell_q7_q15_run  lto-llvm-4e79f4.o
    0x0800fc4c   0x0800fc4c   0x00000096   Code   RO          734    .text.lstm_cell_s   lto-llvm-4e79f4.o
    0x0800fce2   0x0800fce2   0x00000002   PAD
    0x0800fce4   0x0800fce4   0x0000018c   Code   RO          332    .text.main          lto-llvm-4e79f4.o
    0x0800fe70   0x0800fe70   0x0000006e   Code   RO          810    .text.mem_analysis_result  lto-llvm-4e79f4.o
    0x0800fede   0x0800fede   0x00000002   PAD
    0x0800fee0   0x0800fee0   0x00000012   Code   RO          782    .text.model_active  lto-llvm-4e79f4.o
    0x0800fef2   0x0800fef2   0x00000002   PAD
    0x0800fef4   0x0800fef4   0x0000006a   Code   RO          774    .text.model_add     lto-llvm-4e79f4.o
    0x0800ff5e   0x0800ff5e   0x00000002   PAD
    0x0800ff60   0x0800ff60   0x0000017a   Code   RO          818    .text.model_compile  lto-llvm-4e79f4.o
    0x080100da   0x080100da   0x00000002   PAD
    0x080100dc   0x080100dc   0x000000fe   Code   RO          318    .text.model_feed_data  lto-llvm-4e79f4.o
    0x080101da   0x080101da   0x00000002   PAD
    0x080101dc   0x080101dc   0x00000202   Code   RO          320    .text.model_get_output  lto-llvm-4e79f4.o
    0x080103de   0x080103de   0x00000002   PAD
    0x080103e0   0x080103e0   0x00000048   Code   RO          776    .text.model_hook    lto-llvm-4e79f4.o
    0x08010428   0x08010428   0x0000001a   Code   RO          778    .text.model_merge   lto-llvm-4e79f4.o
    0x08010442   0x08010442   0x00000002   PAD
    0x08010444   0x08010444   0x0000005c   Code   RO          780    .text.model_mergex  lto-llvm-4e79f4.o
    0x080104a0   0x080104a0   0x00000010   Code   RO          826    .text.model_run     lto-llvm-4e79f4.o
    0x080104b0   0x080104b0   0x00000114   Code   RO          824    .text.model_run_to  lto-llvm-4e79f4.o
    0x080105c4   0x080105c4   0x0000004a   Code   RO          820    .text.model_set_ops  lto-llvm-4e79f4.o
    0x0801060e   0x0801060e   0x00000002   PAD
    0x08010610   0x08010610   0x00000056   Code   RO          326    .text.mouseMove     lto-llvm-4e79f4.o
    0x08010666   0x08010666   0x00000002   PAD
    0x08010668   0x08010668   0x00000028   Code   RO          322    .text.mouseclick    lto-llvm-4e79f4.o
    0x08010690   0x08010690   0x00000028   Code   RO          324    .text.mousediscli   lto-llvm-4e79f4.o
    0x080106b8   0x080106b8   0x0000007c   Code   RO          772    .text.new_model     lto-llvm-4e79f4.o
    0x08010734   0x08010734   0x000000ac   Code   RO          844    .text.new_tensor    lto-llvm-4e79f4.o
    0x080107e0   0x080107e0   0x0000003c   Code   RO          766    .text.nnom_alignto  lto-llvm-4e79f4.o
    0x0801081c   0x0801081c   0x00000008   Code   RO          768    .text.nnom_free     lto-llvm-4e79f4.o
    0x08010824   0x08010824   0x00000036   Code   RO          790    .text.nnom_hook_length  lto-llvm-4e79f4.o
    0x0801085a   0x0801085a   0x00000002   PAD
    0x0801085c   0x0801085c   0x00000092   Code   RO          764    .text.nnom_malloc   lto-llvm-4e79f4.o
    0x080108ee   0x080108ee   0x00000002   PAD
    0x080108f0   0x080108f0   0x0000003c   Code   RO          770    .text.nnom_mem      lto-llvm-4e79f4.o
    0x0801092c   0x0801092c   0x00000086   Code   RO          336    .text.nnom_model_create  lto-llvm-4e79f4.o
    0x080109b2   0x080109b2   0x00000002   PAD
    0x080109b4   0x080109b4   0x0000003a   Code   RO          762    .text.nnom_set_static_buf  lto-llvm-4e79f4.o
    0x080109ee   0x080109ee   0x00000002   PAD
    0x080109f0   0x080109f0   0x00000008   Code   RO         1036    .text.noprint       lto-llvm-4e79f4.o
    0x080109f8   0x080109f8   0x0000002e   Code   RO          744    .text.output_run    lto-llvm-4e79f4.o
    0x08010a26   0x08010a26   0x00000002   PAD
    0x08010a28   0x08010a28   0x00000052   Code   RO          742    .text.output_s      lto-llvm-4e79f4.o
    0x08010a7a   0x08010a7a   0x00000002   PAD
    0x08010a7c   0x08010a7c   0x00000126   Code   RO          998    .text.parse_bit_num  lto-llvm-4e79f4.o
    0x08010ba2   0x08010ba2   0x00000002   PAD
    0x08010ba4   0x08010ba4   0x000000fc   Code   RO          976    .text.parse_boot_code  lto-llvm-4e79f4.o
    0x08010ca0   0x08010ca0   0x0000011a   Code   RO         1018    .text.parse_checksum  lto-llvm-4e79f4.o
    0x08010dba   0x08010dba   0x00000002   PAD
    0x08010dbc   0x08010dbc   0x00000048   Code   RO         1012    .text.parse_checksum_byte_typed  lto-llvm-4e79f4.o
    0x08010e04   0x08010e04   0x0000010c   Code   RO         1010    .text.parse_checksum_data  lto-llvm-4e79f4.o
    0x08010f10   0x08010f10   0x00000048   Code   RO         1014    .text.parse_checksum_half_byte_typed  lto-llvm-4e79f4.o
    0x08010f58   0x08010f58   0x000000ae   Code   RO         1020    .text.parse_checksum_malloc  lto-llvm-4e79f4.o
    0x08011006   0x08011006   0x00000002   PAD
    0x08011008   0x08011008   0x0000006c   Code   RO         1016    .text.parse_checksum_spec_half_byte_typed  lto-llvm-4e79f4.o
    0x08011074   0x08011074   0x0000014a   Code   RO         1004    .text.parse_common_ac_parameter  lto-llvm-4e79f4.o
    0x080111be   0x080111be   0x00000002   PAD
    0x080111c0   0x080111c0   0x0000008a   Code   RO         1000    .text.parse_comp_data_type_1  lto-llvm-4e79f4.o
    0x0801124a   0x0801124a   0x00000002   PAD
    0x0801124c   0x0801124c   0x0000008a   Code   RO         1002    .text.parse_comp_data_type_2  lto-llvm-4e79f4.o
    0x080112d6   0x080112d6   0x00000002   PAD
    0x080112d8   0x080112d8   0x0000003a   Code   RO         1006    .text.parse_default_code  lto-llvm-4e79f4.o
    0x08011312   0x08011312   0x00000002   PAD
    0x08011314   0x08011314   0x000000c2   Code   RO          986    .text.parse_delay_code  lto-llvm-4e79f4.o
    0x080113d6   0x080113d6   0x00000002   PAD
    0x080113d8   0x080113d8   0x00000100   Code   RO          982    .text.parse_delay_code_data  lto-llvm-4e79f4.o
    0x080114d8   0x080114d8   0x000000ce   Code   RO          984    .text.parse_delay_code_pos  lto-llvm-4e79f4.o
    0x080115a6   0x080115a6   0x00000002   PAD
    0x080115a8   0x080115a8   0x000000dc   Code   RO          996    .text.parse_delay_code_tag48_pos  lto-llvm-4e79f4.o
    0x08011684   0x08011684   0x0000004e   Code   RO          990    .text.parse_endian  lto-llvm-4e79f4.o
    0x080116d2   0x080116d2   0x00000002   PAD
    0x080116d4   0x080116d4   0x00000086   Code   RO          988    .text.parse_frame_len  lto-llvm-4e79f4.o
    0x0801175a   0x0801175a   0x00000002   PAD
    0x0801175c   0x0801175c   0x0000015c   Code   RO         1022    .text.parse_function_1  lto-llvm-4e79f4.o
    0x080118b8   0x080118b8   0x000000cc   Code   RO         1024    .text.parse_function_1_tag29  lto-llvm-4e79f4.o
    0x08011984   0x08011984   0x0000015c   Code   RO         1028    .text.parse_function_2  lto-llvm-4e79f4.o
    0x08011ae0   0x08011ae0   0x000000cc   Code   RO         1030    .text.parse_function_2_tag34  lto-llvm-4e79f4.o
    0x08011bac   0x08011bac   0x00000050   Code   RO          992    .text.parse_lastbit  lto-llvm-4e79f4.o
    0x08011bfc   0x08011bfc   0x0000011e   Code   RO          974    .text.parse_nmode   lto-llvm-4e79f4.o
    0x08011d1a   0x08011d1a   0x00000002   PAD
    0x08011d1c   0x08011d1c   0x000000ea   Code   RO          968    .text.parse_nmode_data_speed  lto-llvm-4e79f4.o
    0x08011e06   0x08011e06   0x00000002   PAD
    0x08011e08   0x08011e08   0x000000ec   Code   RO          970    .text.parse_nmode_data_temp  lto-llvm-4e79f4.o
    0x08011ef4   0x08011ef4   0x00000114   Code   RO          972    .text.parse_nmode_pos  lto-llvm-4e79f4.o
    0x08012008   0x08012008   0x000000ba   Code   RO          980    .text.parse_one     lto-llvm-4e79f4.o
    0x080120c2   0x080120c2   0x00000002   PAD
    0x080120c4   0x080120c4   0x00000050   Code   RO          994    .text.parse_repeat_times  lto-llvm-4e79f4.o
    0x08012114   0x08012114   0x000000ec   Code   RO         1034    .text.parse_solo_code  lto-llvm-4e79f4.o
    0x08012200   0x08012200   0x000000c8   Code   RO         1032    .text.parse_swing_info  lto-llvm-4e79f4.o
    0x080122c8   0x080122c8   0x000001c8   Code   RO         1008    .text.parse_temp_1  lto-llvm-4e79f4.o
    0x08012490   0x08012490   0x000001f4   Code   RO         1026    .text.parse_temp_2  lto-llvm-4e79f4.o
    0x08012684   0x08012684   0x000000ba   Code   RO          978    .text.parse_zero    lto-llvm-4e79f4.o
    0x0801273e   0x0801273e   0x00000002   PAD
    0x08012740   0x08012740   0x000004ba   Code   RO         1068    .text.print_ir_time  lto-llvm-4e79f4.o
    0x08012bfa   0x08012bfa   0x00000002   PAD
    0x08012bfc   0x08012bfc   0x00000244   Code   RO          798    .text.print_layer_info  lto-llvm-4e79f4.o
    0x08012e40   0x08012e40   0x00000096   Code   RO          800    .text.print_memory_block_info  lto-llvm-4e79f4.o
    0x08012ed6   0x08012ed6   0x00000002   PAD
    0x08012ed8   0x08012ed8   0x000000fe   Code   RO         1070    .text.process_decode_number  lto-llvm-4e79f4.o
    0x08012fd6   0x08012fd6   0x00000002   PAD
    0x08012fd8   0x08012fd8   0x0000002c   Code   RO          806    .text.release_block  lto-llvm-4e79f4.o
    0x08013004   0x08013004   0x0000001e   Code   RO          802    .text.release_comp_mem  lto-llvm-4e79f4.o
    0x08013022   0x08013022   0x00000002   PAD
    0x08013024   0x08013024   0x00000028   Code   RO          804    .text.release_input_mem  lto-llvm-4e79f4.o
    0x0801304c   0x0801304c   0x00000172   Code   RO         1074    .text.replace_with  lto-llvm-4e79f4.o
    0x080131be   0x080131be   0x00000002   PAD
    0x080131c0   0x080131c0   0x0000007c   Code   RO         1094    .text.rgb_breathe   lto-llvm-4e79f4.o
    0x0801323c   0x0801323c   0x00000080   Code   RO         1092    .text.rgb_loop      lto-llvm-4e79f4.o
    0x080132bc   0x080132bc   0x00000144   Code   RO          750    .text.rnn_build     lto-llvm-4e79f4.o
    0x08013400   0x08013400   0x0000002c   Code   RO          752    .text.rnn_free      lto-llvm-4e79f4.o
    0x0801342c   0x0801342c   0x00000164   Code   RO          748    .text.rnn_run       lto-llvm-4e79f4.o
    0x08013590   0x08013590   0x000000d8   Code   RO          746    .text.rnn_s         lto-llvm-4e79f4.o
    0x08013668   0x08013668   0x0000007e   Code   RO          816    .text.set_tailed_activation  lto-llvm-4e79f4.o
    0x080136e6   0x080136e6   0x00000002   PAD
    0x080136e8   0x080136e8   0x00000018   Code   RO          830    .text.shape         lto-llvm-4e79f4.o
    0x08013700   0x08013700   0x0000004a   Code   RO          760    .text.softmax_build  lto-llvm-4e79f4.o
    0x0801374a   0x0801374a   0x00000002   PAD
    0x0801374c   0x0801374c   0x0000002c   Code   RO          758    .text.softmax_run   lto-llvm-4e79f4.o
    0x08013778   0x08013778   0x00000028   Code   RO          754    .text.softmax_s     lto-llvm-4e79f4.o
    0x080137a0   0x080137a0   0x00000016   Code   RO          834    .text.stride        lto-llvm-4e79f4.o
    0x080137b6   0x080137b6   0x00000002   PAD
    0x080137b8   0x080137b8   0x0000005a   Code   RO         1082    .text.string_to_hex  lto-llvm-4e79f4.o
    0x08013812   0x08013812   0x00000002   PAD
    0x08013814   0x08013814   0x00000048   Code   RO         1080    .text.string_to_hex_common  lto-llvm-4e79f4.o
    0x0801385c   0x0801385c   0x0000008c   Code   RO          852    .text.tensor_cpy_attr  lto-llvm-4e79f4.o
    0x080138e8   0x080138e8   0x00000016   Code   RO          842    .text.tensor_get_num_channel  lto-llvm-4e79f4.o
    0x080138fe   0x080138fe   0x00000002   PAD
    0x08013900   0x08013900   0x0000005e   Code   RO          814    .text.tensor_mem_set  lto-llvm-4e79f4.o
    0x0801395e   0x0801395e   0x00000002   PAD
    0x08013960   0x08013960   0x0000006a   Code   RO          850    .text.tensor_set_attr  lto-llvm-4e79f4.o
    0x080139ca   0x080139ca   0x00000002   PAD
    0x080139cc   0x080139cc   0x00000048   Code   RO          848    .text.tensor_set_attr_v  lto-llvm-4e79f4.o
    0x08013a14   0x08013a14   0x0000004a   Code   RO          840    .text.tensor_size   lto-llvm-4e79f4.o
    0x08013a5e   0x08013a5e   0x00000002   PAD
    0x08013a60   0x08013a60   0x0000009c   Code   RO         1066    .text.tv_binary_decode  lto-llvm-4e79f4.o
    0x08013afc   0x08013afc   0x00000024   Code   RO         1058    .text.tv_binary_open  lto-llvm-4e79f4.o
    0x08013b20   0x08013b20   0x00000028   Code   RO         1060    .text.tv_binary_parse  lto-llvm-4e79f4.o
    0x08013b48   0x08013b48   0x00000050   Code   RO          310    .text.user_delaynus_tim  lto-llvm-4e79f4.o
    0x08013b98   0x08013b98   0x00000020   Code   RO          104    i.__0printf         mc_w.l(printfa.o)
    0x08013bb8   0x08013bb8   0x00000028   Code   RO          175    i.__ARM_fpclassify  m_ws.l(fpclassify.o)
    0x08013be0   0x08013be0   0x00000008   Code   RO          259    i.__aeabi_errno_addr  mc_w.l(errno.o)
    0x08013be8   0x08013be8   0x000000aa   Code   RO          177    i.__kernel_poly     m_ws.l(poly.o)
    0x08013c92   0x08013c92   0x00000002   PAD
    0x08013c94   0x08013c94   0x00000010   Code   RO          161    i.__mathlib_dbl_divzero  m_ws.l(dunder.o)
    0x08013ca4   0x08013ca4   0x00000004   Code   RO          163    i.__mathlib_dbl_infnan2  m_ws.l(dunder.o)
    0x08013ca8   0x08013ca8   0x0000000c   Code   RO          164    i.__mathlib_dbl_invalid  m_ws.l(dunder.o)
    0x08013cb4   0x08013cb4   0x0000000e   Code   RO          165    i.__mathlib_dbl_overflow  m_ws.l(dunder.o)
    0x08013cc2   0x08013cc2   0x00000002   PAD
    0x08013cc4   0x08013cc4   0x00000010   Code   RO          167    i.__mathlib_dbl_underflow  m_ws.l(dunder.o)
    0x08013cd4   0x08013cd4   0x0000000e   Code   RO         1150    i.__scatterload_copy  mc_w.l(handlers.o)
    0x08013ce2   0x08013ce2   0x00000002   Code   RO         1151    i.__scatterload_null  mc_w.l(handlers.o)
    0x08013ce4   0x08013ce4   0x0000000e   Code   RO         1152    i.__scatterload_zeroinit  mc_w.l(handlers.o)
    0x08013cf2   0x08013cf2   0x00000002   PAD
    0x08013cf4   0x08013cf4   0x0000000c   Code   RO          261    i.__set_errno       mc_w.l(errno.o)
    0x08013d00   0x08013d00   0x00000184   Code   RO          111    i._fp_digits        mc_w.l(printfa.o)
    0x08013e84   0x08013e84   0x000006dc   Code   RO          112    i._printf_core      mc_w.l(printfa.o)
    0x08014560   0x08014560   0x00000024   Code   RO          113    i._printf_post_padding  mc_w.l(printfa.o)
    0x08014584   0x08014584   0x0000002e   Code   RO          114    i._printf_pre_padding  mc_w.l(printfa.o)
    0x080145b2   0x080145b2   0x00000002   PAD
    0x080145b4   0x080145b4   0x00000050   Code   RO          131    i.free              mc_w.l(malloc.o)
    0x08014604   0x08014604   0x0000006c   Code   RO          132    i.malloc            mc_w.l(malloc.o)
    0x08014670   0x08014670   0x000009ec   Code   RO           82    i.pow               m_ws.l(pow.o)
    0x0801505c   0x0801505c   0x00000094   Code   RO         1128    i.round             m_ws.l(round.o)
    0x080150f0   0x080150f0   0x0000004c   Code   RO          181    i.sqrt              m_ws.l(sqrt.o)
    0x0801513c   0x0801513c   0x00000004   PAD
    0x08015140   0x08015140   0x00000088   Data   RO           83    .constdata          m_ws.l(pow.o)
    0x080151c8   0x080151c8   0x00000008   Data   RO          179    .constdata          m_ws.l(qnan.o)
    0x080151d0   0x080151d0   0x00000081   Data   RO          226    .constdata          mc_w.l(ctype_o.o)
    0x08015251   0x08015251   0x00000003   PAD
    0x08015254   0x08015254   0x00000004   Data   RO          227    .constdata          mc_w.l(ctype_o.o)
    0x08015258   0x08015258   0x00002950   Data   RO         1114    .rodata             lto-llvm-4e79f4.o
    0x08017ba8   0x08017ba8   0x00000020   Data   RO         1120    .rodata.cst16       lto-llvm-4e79f4.o
    0x08017bc8   0x08017bc8   0x00000018   Data   RO         1119    .rodata.cst8        lto-llvm-4e79f4.o
    0x08017be0   0x08017be0   0x00000a2b   Data   RO         1116    .rodata.str1.1      lto-llvm-4e79f4.o
    0x0801860b   0x0801860b   0x00000001   PAD
    0x0801860c   0x0801860c   0x00000020   Data   RO         1149    Region$$Table       anon$$obj.o


    Execution Region RW_IRAM1 (Exec base: 0x20000000, Load base: 0x08018630, Size: 0x00004080, Max: 0x00005000, ABSOLUTE, COMPRESSED[0x000002d0])

    Exec Addr    Load Addr    Size         Type   Attr      Idx    E Section Name        Object

    0x20000000   COMPRESSED   0x00000004   Data   RW          211    .data               mc_w.l(stdout.o)
    0x20000004   COMPRESSED   0x00000004   Data   RW          257    .data               mc_w.l(mvars.o)
    0x20000008   COMPRESSED   0x00000004   Data   RW          258    .data               mc_w.l(mvars.o)
    0x2000000c   COMPRESSED   0x00000004   Data   RW          262    .data               mc_w.l(errno.o)
    0x20000010   COMPRESSED   0x00000554   Data   RW         1117    .data               lto-llvm-4e79f4.o
    0x20000564   COMPRESSED   0x00000004   PAD
    0x20000568        -       0x00003512   Zero   RW         1115    .bss                lto-llvm-4e79f4.o
    0x20003a7a   COMPRESSED   0x00000006   PAD
    0x20003a80        -       0x00000200   Zero   RW            2    HEAP                startup_stm32f103xb.o
    0x20003c80        -       0x00000400   Zero   RW            1    STACK               startup_stm32f103xb.o


==============================================================================

Image component sizes


      Code (inc. data)   RO Data    RW Data    ZI Data      Debug   Object Name

     77490        126      13235       1364      13586     212756   lto-llvm-4e79f4.o
        36          8        236          0       1536        780   startup_stm32f103xb.o

    ----------------------------------------------------------------------
     77868        134      13504       1364      15132     213536   Object Totals
         0          0         32          0          0          0   (incl. Generated)
       342          0          1          0         10          0   (incl. Padding)

    ----------------------------------------------------------------------

      Code (inc. data)   RO Data    RW Data    ZI Data      Debug   Library Member Name

        62         10          0          0          0        340   dunder.o
        40          0          0          0          0         68   fpclassify.o
       170          0          0          0          0         96   poly.o
      2540        188        136          0          0        332   pow.o
         0          0          8          0          0          0   qnan.o
       148         12          0          0          0         88   round.o
        76          0          0          0          0         84   sqrt.o
        94          0          0          0          0          0   __dclz77c.o
        28          0          0          0          0         68   _chval.o
       158          0          0          0          0         92   _strtoul.o
         8          4        133          0          0         68   ctype_o.o
         0          0          0          0          0          0   entry.o
         0          0          0          0          0          0   entry10a.o
         0          0          0          0          0          0   entry11a.o
         8          4          0          0          0          0   entry2.o
         4          0          0          0          0          0   entry5.o
         0          0          0          0          0          0   entry7b.o
         0          0          0          0          0          0   entry8b.o
         8          4          0          0          0          0   entry9a.o
        20         10          0          4          0        136   errno.o
        30          0          0          0          0          0   handlers.o
        36          8          0          0          0         68   init.o
         0          0          0          0          0          0   iusefp.o
        30          0          0          0          0         68   llshl.o
        36          0          0          0          0         68   llsshr.o
        32          0          0          0          0         68   llushr.o
       188         20          0          0          0        160   malloc.o
        36          0          0          0          0         68   memcpya.o
        36          0          0          0          0        108   memseta.o
         0          0          0          8          0          0   mvars.o
      2258         90          0          0          0        452   printfa.o
         0          0          0          4          0          0   stdout.o
        14          0          0          0          0         68   strlen.o
        30          0          0          0          0         80   strncmp.o
       112          0          0          0          0         88   strtol.o
        44          0          0          0          0         80   uidiv.o
        98          0          0          0          0         92   uldiv.o
        48          0          0          0          0         68   cdcmple.o
        48          0          0          0          0         68   cdrcmple.o
       334          0          0          0          0        148   dadd.o
       222          0          0          0          0        100   ddiv.o
       186          0          0          0          0        176   depilogue.o
        62          0          0          0          0         80   dfixi.o
        48          0          0          0          0         68   dfixul.o
        34          0          0          0          0         76   dflti.o
       228          0          0          0          0         96   dmul.o
       136          4          0          0          0         92   drnd.o
        46          0          0          0          0         80   dscalb.o
       162          0          0          0          0        100   dsqrt.o
        38          0          0          0          0         68   f2d.o
       110          0          0          0          0        168   fepilogue.o
        50          0          0          0          0         68   ffixi.o
        18          0          0          0          0         68   fflti.o
       100          0          0          0          0         76   fmul.o

    ----------------------------------------------------------------------
      8232        354        280         16          0       4440   Library Totals
        18          0          3          0          0          0   (incl. Padding)

    ----------------------------------------------------------------------

      Code (inc. data)   RO Data    RW Data    ZI Data      Debug   Library Name

      3036        210        144          0          0       1008   m_ws.l
      3308        140        133         16          0       1832   mc_w.l
      1870          4          0          0          0       1600   mf_w.l

    ----------------------------------------------------------------------
      8232        354        280         16          0       4440   Library Totals

    ----------------------------------------------------------------------

==============================================================================


      Code (inc. data)   RO Data    RW Data    ZI Data      Debug   

     86100        488      13784       1380      15132     215816   Grand Totals
     86100        488      13784        720      15132     215816   ELF Image Totals (compressed)
     86100        488      13784        720          0          0   ROM Totals

==============================================================================

    Total RO  Size (Code + RO Data)                99884 (  97.54kB)
    Total RW  Size (RW Data + ZI Data)             16512 (  16.13kB)
    Total ROM Size (Code + RO Data + RW Data)     100604 (  98.25kB)

==============================================================================

