Component: ARM Compiler 6.16 Tool: armlink [5dfeaa00]

==============================================================================

Section Cross References

    startup_stm32f103xb.o(RESET) refers to startup_stm32f103xb.o(STACK) for __initial_sp
    startup_stm32f103xb.o(RESET) refers to startup_stm32f103xb.o(.text) for Reset_Handler
    startup_stm32f103xb.o(RESET) refers to lto-llvm-7431bd.o(.text.NMI_Handler) for NMI_Handler
    startup_stm32f103xb.o(RESET) refers to lto-llvm-7431bd.o(.text.HardFault_Handler) for HardFault_Handler
    startup_stm32f103xb.o(RESET) refers to lto-llvm-7431bd.o(.text.MemManage_Handler) for MemManage_Handler
    startup_stm32f103xb.o(RESET) refers to lto-llvm-7431bd.o(.text.BusFault_Handler) for BusFault_Handler
    startup_stm32f103xb.o(RESET) refers to lto-llvm-7431bd.o(.text.UsageFault_Handler) for UsageFault_Handler
    startup_stm32f103xb.o(RESET) refers to lto-llvm-7431bd.o(.text.SVC_Handler) for SVC_Handler
    startup_stm32f103xb.o(RESET) refers to lto-llvm-7431bd.o(.text.DebugMon_Handler) for DebugMon_Handler
    startup_stm32f103xb.o(RESET) refers to lto-llvm-7431bd.o(.text.PendSV_Handler) for PendSV_Handler
    startup_stm32f103xb.o(RESET) refers to lto-llvm-7431bd.o(.text.SysTick_Handler) for SysTick_Handler
    startup_stm32f103xb.o(RESET) refers to lto-llvm-7431bd.o(.text.DMA1_Channel2_IRQHandler) for DMA1_Channel2_IRQHandler
    startup_stm32f103xb.o(RESET) refers to lto-llvm-7431bd.o(.text.DMA1_Channel4_IRQHandler) for DMA1_Channel4_IRQHandler
    startup_stm32f103xb.o(RESET) refers to lto-llvm-7431bd.o(.text.DMA1_Channel7_IRQHandler) for DMA1_Channel7_IRQHandler
    startup_stm32f103xb.o(RESET) refers to lto-llvm-7431bd.o(.text.TIM2_IRQHandler) for TIM2_IRQHandler
    startup_stm32f103xb.o(RESET) refers to lto-llvm-7431bd.o(.text.TIM4_IRQHandler) for TIM4_IRQHandler
    startup_stm32f103xb.o(RESET) refers to lto-llvm-7431bd.o(.text.I2C1_EV_IRQHandler) for I2C1_EV_IRQHandler
    startup_stm32f103xb.o(RESET) refers to lto-llvm-7431bd.o(.text.I2C1_ER_IRQHandler) for I2C1_ER_IRQHandler
    startup_stm32f103xb.o(RESET) refers to lto-llvm-7431bd.o(.text.USART1_IRQHandler) for USART1_IRQHandler
    startup_stm32f103xb.o(RESET) refers to lto-llvm-7431bd.o(.text.USART2_IRQHandler) for USART2_IRQHandler
    startup_stm32f103xb.o(RESET) refers to lto-llvm-7431bd.o(.text.USART3_IRQHandler) for USART3_IRQHandler
    startup_stm32f103xb.o(.text) refers to lto-llvm-7431bd.o(.text.SystemInit) for SystemInit
    startup_stm32f103xb.o(.text) refers to entry.o(.ARM.Collect$$$$00000000) for __main
    pow.o(i.__softfp_pow) refers (Special) to iusefp.o(.text) for __I$use$fp
    pow.o(i.__softfp_pow) refers to pow.o(i.pow) for pow
    pow.o(i.pow) refers (Special) to iusefp.o(.text) for __I$use$fp
    pow.o(i.pow) refers to dunder.o(i.__mathlib_dbl_infnan2) for __mathlib_dbl_infnan2
    pow.o(i.pow) refers to errno.o(i.__set_errno) for __set_errno
    pow.o(i.pow) refers to dunder.o(i.__mathlib_dbl_divzero) for __mathlib_dbl_divzero
    pow.o(i.pow) refers to ddiv.o(.text) for __aeabi_ddiv
    pow.o(i.pow) refers to sqrt.o(i.sqrt) for sqrt
    pow.o(i.pow) refers to dmul.o(.text) for __aeabi_dmul
    pow.o(i.pow) refers to dflti.o(.text) for __aeabi_i2d
    pow.o(i.pow) refers to dunder.o(i.__mathlib_dbl_invalid) for __mathlib_dbl_invalid
    pow.o(i.pow) refers to dunder.o(i.__mathlib_dbl_underflow) for __mathlib_dbl_underflow
    pow.o(i.pow) refers to dunder.o(i.__mathlib_dbl_overflow) for __mathlib_dbl_overflow
    pow.o(i.pow) refers to dadd.o(.text) for __aeabi_dsub
    pow.o(i.pow) refers to dscalb.o(.text) for __ARM_scalbn
    pow.o(i.pow) refers to qnan.o(.constdata) for __mathlib_zero
    pow.o(i.pow) refers to poly.o(i.__kernel_poly) for __kernel_poly
    pow.o(i.pow) refers to cdrcmple.o(.text) for __aeabi_cdrcmple
    pow.o(i.pow) refers to pow.o(.constdata) for .constdata
    pow.o(i.pow) refers to fpclassify.o(i.__ARM_fpclassify) for __ARM_fpclassify
    pow.o(.constdata) refers (Special) to iusefp.o(.text) for __I$use$fp
    entry.o(.ARM.Collect$$$$00000000) refers (Special) to entry10a.o(.ARM.Collect$$$$0000000D) for __rt_final_cpp
    entry.o(.ARM.Collect$$$$00000000) refers (Special) to entry11a.o(.ARM.Collect$$$$0000000F) for __rt_final_exit
    entry.o(.ARM.Collect$$$$00000000) refers (Special) to entry7b.o(.ARM.Collect$$$$00000008) for _main_clock
    entry.o(.ARM.Collect$$$$00000000) refers (Special) to entry8b.o(.ARM.Collect$$$$0000000A) for _main_cpp_init
    entry.o(.ARM.Collect$$$$00000000) refers (Special) to entry9a.o(.ARM.Collect$$$$0000000B) for _main_init
    entry.o(.ARM.Collect$$$$00000000) refers (Special) to entry5.o(.ARM.Collect$$$$00000004) for _main_scatterload
    entry.o(.ARM.Collect$$$$00000000) refers (Special) to entry2.o(.ARM.Collect$$$$00000001) for _main_stk
    fread.o(i.fread) refers to fgetc.o(.text) for fgetc
    printfa.o(i.__0fprintf) refers (Special) to iusefp.o(.text) for __I$use$fp
[...]
    .data                                    0x20000008   Section        4  mvars.o(.data)
    _errno                                   0x2000000c   Data           4  errno.o(.data)
    .data                                    0x2000000c   Section        4  errno.o(.data)
    aux1                                     0x20000010   Data         331  lto-llvm-7431bd.o(.data)
    [Anonymous Symbol]                       0x20000010   Section        0  lto-llvm-7431bd.o(.data)
    aux2                                     0x2000015b   Data         309  lto-llvm-7431bd.o(.data)
    aux3                                     0x20000290   Data         349  lto-llvm-7431bd.o(.data)
    aux4                                     0x200003ed   Data         364  lto-llvm-7431bd.o(.data)
    decoded                                  0x2000055a   Data        2048  lto-llvm-7431bd.o(.data)
    decode_len                               0x20000d5a   Data           2  lto-llvm-7431bd.o(.data)
    ifhigh                                   0x20000d5c   Data           1  lto-llvm-7431bd.o(.data)
    received                                 0x20000d5d   Data           1  lto-llvm-7431bd.o(.data)
    ACagreement                              0x20000d5e   Data           1  lto-llvm-7431bd.o(.data)
    uwTickPrio                               0x20000d60   Data           4  lto-llvm-7431bd.o(.data)
    SystemCoreClock                          0x20000d64   Data           4  lto-llvm-7431bd.o(.data)
    nnom_input_data                          0x20000d68   Data         450  lto-llvm-7431bd.o(.bss)
    [Anonymous Symbol]                       0x20000d68   Section        0  lto-llvm-7431bd.o(.bss)
    nnom_output_data                         0x20000f2a   Data          13  lto-llvm-7431bd.o(.bss)
    decoded_index                            0x20000f37   Data           1  lto-llvm-7431bd.o(.bss)
    ifcollectmpu                             0x20000f38   Data           1  lto-llvm-7431bd.o(.bss)
    ggx                                      0x20000f3c   Data           4  lto-llvm-7431bd.o(.bss)
    ggz                                      0x20000f40   Data           4  lto-llvm-7431bd.o(.bss)
    gx                                       0x20000f44   Data           2  lto-llvm-7431bd.o(.bss)
    gy                                       0x20000f46   Data           2  lto-llvm-7431bd.o(.bss)
    gz                                       0x20000f48   Data           2  lto-llvm-7431bd.o(.bss)
    data_feed_On                             0x20000f4a   Data           1  lto-llvm-7431bd.o(.bss)
    count                                    0x20000f4b   Data           1  lto-llvm-7431bd.o(.bss)
    gyro                                     0x20000f4c   Data         900  lto-llvm-7431bd.o(.bss)
    x_sum                                    0x200012d0   Data           4  lto-llvm-7431bd.o(.bss)
    y_sum                                    0x200012d4   Data           4  lto-llvm-7431bd.o(.bss)
    ifclicking                               0x200012d8   Data           1  lto-llvm-7431bd.o(.bss)
    KeyCode                                  0x200012d9   Data           1  lto-llvm-7431bd.o(.bss)
    rgb                                      0x200012da   Data           3  lto-llvm-7431bd.o(.bss)
    ENwork                                   0x200012dd   Data           1  lto-llvm-7431bd.o(.bss)
    ac_status                                0x200012de   Data           8  lto-llvm-7431bd.o(.bss)
    model                                    0x200012e8   Data           4  lto-llvm-7431bd.o(.bss)
    static_buf                               0x200012ec   Data        8192  lto-llvm-7431bd.o(.bss)
    nnom_model_create.model                  0x200032ec   Data         136  lto-llvm-7431bd.o(.bss)
    hi2c1                                    0x20003374   Data          84  lto-llvm-7431bd.o(.bss)
    hspi2                                    0x200033c8   Data          88  lto-llvm-7431bd.o(.bss)
    htim1                                    0x20003420   Data          72  lto-llvm-7431bd.o(.bss)
    htim2                                    0x20003468   Data          72  lto-llvm-7431bd.o(.bss)
    htim3                                    0x200034b0   Data          72  lto-llvm-7431bd.o(.bss)
    htim4                                    0x200034f8   Data          72  lto-llvm-7431bd.o(.bss)
    hdma_tim1_ch1                            0x20003540   Data          68  lto-llvm-7431bd.o(.bss)
    huart1                                   0x20003584   Data          72  lto-llvm-7431bd.o(.bss)
    huart2                                   0x200035cc   Data          72  lto-llvm-7431bd.o(.bss)
    huart3                                   0x20003614   Data          72  lto-llvm-7431bd.o(.bss)
    hdma_usart1_tx                           0x2000365c   Data          68  lto-llvm-7431bd.o(.bss)
    hdma_usart2_tx                           0x200036a0   Data          68  lto-llvm-7431bd.o(.bss)
    uwTick                                   0x200036e4   Data           4  lto-llvm-7431bd.o(.bss)
    nnom_memory_taken                        0x200036e8   Data           4  lto-llvm-7431bd.o(.bss)
    nnom_static_buf                          0x200036ec   Data           4  lto-llvm-7431bd.o(.bss)
    nnom_static_buf_size                     0x200036f0   Data           4  lto-llvm-7431bd.o(.bss)
    nnom_static_buf_curr                     0x200036f4   Data           4  lto-llvm-7431bd.o(.bss)
    s_tBtn                                   0x200036f8   Data          48  lto-llvm-7431bd.o(.bss)
    s_tKey                                   0x20003728   Data          12  lto-llvm-7431bd.o(.bss)
    tag_head_offset                          0x20003734   Data           2  lto-llvm-7431bd.o(.bss)
    tag_count                                0x20003736   Data           1  lto-llvm-7431bd.o(.bss)
    ir_hex_code                              0x20003738   Data           4  lto-llvm-7431bd.o(.bss)
    ir_hex_len                               0x2000373c   Data           1  lto-llvm-7431bd.o(.bss)
    byte_array                               0x2000373d   Data        1172  lto-llvm-7431bd.o(.bss)
    tags                                     0x20003bd4   Data         348  lto-llvm-7431bd.o(.bss)
    remote_category                          0x20003d30   Data           1  lto-llvm-7431bd.o(.bss)
    ir_binary_type                           0x20003d31   Data           1  lto-llvm-7431bd.o(.bss)
    ir_hexadecimal                           0x20003d32   Data           1  lto-llvm-7431bd.o(.bss)
    remote_p                                 0x20003d34   Data           4  lto-llvm-7431bd.o(.bss)
    remote_pdata                             0x20003d38   Data           4  lto-llvm-7431bd.o(.bss)
    prot_cycles_num                          0x20003d3c   Data           4  lto-llvm-7431bd.o(.bss)
    cycles_num_size                          0x20003d40   Data           1  lto-llvm-7431bd.o(.bss)
    ir_decode_flag                           0x20003d41   Data           1  lto-llvm-7431bd.o(.bss)
    prot_cycles_data                         0x20003d44   Data          80  lto-llvm-7431bd.o(.bss)
    prot_items_cnt                           0x20003d94   Data           1  lto-llvm-7431bd.o(.bss)
    prot_items_data                          0x20003d98   Data           4  lto-llvm-7431bd.o(.bss)
    ir_toggle_bit                            0x20003d9c   Data           1  lto-llvm-7431bd.o(.bss)
    time_index                               0x20003d9e   Data           2  lto-llvm-7431bd.o(.bss)
    ir_level                                 0x20003da0   Data           1  lto-llvm-7431bd.o(.bss)
    Pixel_Buf                                0x20003da4   Data        1248  lto-llvm-7431bd.o(.bss)
    binary_file.0                            0x20004284   Data           4  lto-llvm-7431bd.o(.bss)
    binary_file.1                            0x20004288   Data           2  lto-llvm-7431bd.o(.bss)
    ir_file.0                                0x2000428c   Data           4  lto-llvm-7431bd.o(.bss)
    ir_file.2                                0x20004290   Data           2  lto-llvm-7431bd.o(.bss)
    HEAP                                     0x20004298   Section      512  startup_stm32f103xb.o(HEAP)
    STACK                                    0x20004498   Section     1024  startup_stm32f103xb.o(STACK)

    Global Symbols

    Symbol Name                              Value     Ov Type        Size  Object(Section)

    BuildAttributes$$THM_ISAv4$P$D$K$B$S$PE$A:L22UL41UL21$X:L11$S22US41US21$IEEE1$IW$~IW$USESV6$~STKCKD$USESV7$~SHL$OTIME$ROPI$IEEEX$EBA8$MICROLIB$REQ8$PRES8$EABIv2 0x00000000   Number         0  anon$$obj.o ABSOLUTE
    __cpp_initialize__aeabi_                  - Undefined Weak Reference
    __cxa_finalize                            - Undefined Weak Reference
    _clock_init                               - Undefined Weak Reference
    _microlib_exit                            - Undefined Weak Reference
    __Vectors_Size                           0x000000ec   Number         0  startup_stm32f103xb.o ABSOLUTE
    __Vectors                                0x08000000   Data           4  startup_stm32f103xb.o(RESET)
    __Vectors_End                            0x080000ec   Data           0  startup_stm32f103xb.o(RESET)
    __main                                   0x080000ed   Thumb Code     0  entry.o(.ARM.Collect$$$$00000000)
    _main_stk                                0x080000ed   Thumb Code     0  entry2.o(.ARM.Collect$$$$00000001)
    _main_scatterload                        0x080000f1   Thumb Code     0  entry5.o(.ARM.Collect$$$$00000004)
    __main_after_scatterload                 0x080000f5   Thumb Code     0  entry5.o(.ARM.Collect$$$$00000004)
    _main_clock                              0x080000f5   Thumb Code     0  entry7b.o(.ARM.Collect$$$$00000008)
    _main_cpp_init                           0x080000f5   Thumb Code     0  entry8b.o(.ARM.Collect$$$$0000000A)
    _main_init                               0x080000f5   Thumb Code     0  entry9a.o(.ARM.Collect$$$$0000000B)
    __rt_final_cpp                           0x080000fd   Thumb Code     0  entry10a.o(.ARM.Collect$$$$0000000D)
    __rt_final_exit                          0x080000fd   Thumb Code     0  entry11a.o(.ARM.Collect$$$$0000000F)
    Reset_Handler                            0x08000101   Thumb Code     8  startup_stm32f103xb.o(.text)
    ADC1_2_IRQHandler                        0x0800011b   Thumb Code     0  startup_stm32f103xb.o(.text)
    CAN1_RX1_IRQHandler                      0x0800011b   Thumb Code     0  startup_stm32f103xb.o(.text)
    CAN1_SCE_IRQHandler                      0x0800011b   Thumb Code     0  startup_stm32f103xb.o(.text)
    DMA1_Channel1_IRQHandler                 0x0800011b   Thumb Code     0  startup_stm32f103xb.o(.text)
    DMA1_Channel3_IRQHandler                 0x0800011b   Thumb Code     0  startup_stm32f103xb.o(.text)
    DMA1_Channel5_IRQHandler                 0x0800011b   Thumb Code     0  startup_stm32f103xb.o(.text)
    DMA1_Channel6_IRQHandler                 0x0800011b   Thumb Code     0  startup_stm32f103xb.o(.text)
    EXTI0_IRQHandler                         0x0800011b   Thumb Code     0  startup_stm32f103xb.o(.text)
    EXTI15_10_IRQHandler                     0x0800011b   Thumb Code     0  startup_stm32f103xb.o(.text)
    EXTI1_IRQHandler                         0x0800011b   Thumb Code     0  startup_stm32f103xb.o(.text)
    EXTI2_IRQHandler                         0x0800011b   Thumb Code     0  startup_stm32f103xb.o(.text)
    EXTI3_IRQHandler                         0x0800011b   Thumb Code     0  startup_stm32f103xb.o(.text)
    EXTI4_IRQHandler                         0x0800011b   Thumb Code     0  startup_stm32f103xb.o(.text)
    EXTI9_5_IRQHandler                       0x0800011b   Thumb Code     0  startup_stm32f103xb.o(.text)
    FLASH_IRQHandler                         0x0800011b   Thumb Code     0  startup_stm32f103xb.o(.text)
    I2C2_ER_IRQHandler                       0x0800011b   Thumb Code     0  startup_stm32f103xb.o(.text)
    I2C2_EV_IRQHandler                       0x0800011b   Thumb Code     0  startup_stm32f103xb.o(.text)
    PVD_IRQHandler                           0x0800011b   Thumb Code     0  startup_stm32f103xb.o(.text)
    RCC_IRQHandler                           0x0800011b   Thumb Code     0  startup_stm32f103xb.o(.text)
    RTC_Alarm_IRQHandler                     0x0800011b   Thumb Code     0  startup_stm32f103xb.o(.text)
    RTC_IRQHandler                           0x0800011b   Thumb Code     0  startup_stm32f103xb.o(.text)
    SPI1_IRQHandler                          0x0800011b   Thumb Code     0  startup_stm32f103xb.o(.text)
    SPI2_IRQHandler                          0x0800011b   Thumb Code     0  startup_stm32f103xb.o(.text)
    TAMPER_IRQHandler                        0x0800011b   Thumb Code     0  startup_stm32f103xb.o(.text)
    TIM1_BRK_IRQHandler                      0x0800011b   Thumb Code     0  startup_stm32f103xb.o(.text)
    TIM1_CC_IRQHandler                       0x0800011b   Thumb Code     0  startup_stm32f103xb.o(.text)
    TIM1_TRG_COM_IRQHandler                  0x0800011b   Thumb Code     0  startup_stm32f103xb.o(.text)
    TIM1_UP_IRQHandler                       0x0800011b   Thumb Code     0  startup_stm32f103xb.o(.text)
    TIM3_IRQHandler                          0x0800011b   Thumb Code     0  startup_stm32f103xb.o(.text)
    USBWakeUp_IRQHandler                     0x0800011b   Thumb Code     0  startup_stm32f103xb.o(.text)
    USB_HP_CAN1_TX_IRQHandler                0x0800011b   Thumb Code     0  startup_stm32f103xb.o(.text)
    USB_LP_CAN1_RX0_IRQHandler               0x0800011b   Thumb Code     0  startup_stm32f103xb.o(.text)
    WWDG_IRQHandler                          0x0800011b   Thumb Code     0  startup_stm32f103xb.o(.text)
    strlen                                   0x08000125   Thumb Code    14  strlen.o(.text)
    strncmp                                  0x08000133   Thumb Code    30  strncmp.o(.text)
    strtol                                   0x08000151   Thumb Code   112  strtol.o(.text)
    __aeabi_uidiv                            0x080001c1   Thumb Code     0  uidiv.o(.text)
    __aeabi_uidivmod                         0x080001c1   Thumb Code    44  uidiv.o(.text)
    __aeabi_uldivmod                         0x080001ed   Thumb Code    98  uldiv.o(.text)
    __rt_ctype_table                         0x08000251   Thumb Code     4  ctype_o.o(.text)
    __aeabi_memcpy                           0x08000259   Thumb Code    36  memcpya.o(.text)
    __aeabi_memcpy4                          0x08000259   Thumb Code     0  memcpya.o(.text)
    __aeabi_memcpy8                          0x08000259   Thumb Code     0  memcpya.o(.text)
    _strtoul                                 0x0800027d   Thumb Code   158  _strtoul.o(.text)
    __I$use$fp                               0x0800031b   Thumb Code     0  iusefp.o(.text)
    __aeabi_dadd                             0x0800031b   Thumb Code   322  dadd.o(.text)
    __aeabi_dsub                             0x0800045d   Thumb Code     6  dadd.o(.text)
    __aeabi_drsub                            0x08000463   Thumb Code     6  dadd.o(.text)
    __aeabi_dmul                             0x08000469   Thumb Code   228  dmul.o(.text)
    __aeabi_ddiv                             0x0800054d   Thumb Code   222  ddiv.o(.text)
    __ARM_scalbn                             0x0800062b   Thumb Code    46  dscalb.o(.text)
    scalbn                                   0x0800062b   Thumb Code     0  dscalb.o(.text)
    __aeabi_i2d                              0x08000659   Thumb Code    34  dflti.o(.text)
    __aeabi_d2ulz                            0x0800067b   Thumb Code    48  dfixul.o(.text)
    __aeabi_cdrcmple                         0x080006ad   Thumb Code    48  cdrcmple.o(.text)
    __scatterload                            0x080006dd   Thumb Code    28  init.o(.text)
    __scatterload_rt2                        0x080006dd   Thumb Code     0  init.o(.text)
    __aeabi_llsl                             0x08000701   Thumb Code    30  llshl.o(.text)
    _ll_shift_l                              0x08000701   Thumb Code     0  llshl.o(.text)
    __aeabi_llsr                             0x0800071f   Thumb Code    32  llushr.o(.text)
    _ll_ushift_r                             0x0800071f   Thumb Code     0  llushr.o(.text)
    __aeabi_lasr                             0x0800073f   Thumb Code    36  llsshr.o(.text)
    _ll_sshift_r                             0x0800073f   Thumb Code     0  llsshr.o(.text)
    _chval                                   0x08000763   Thumb Code    28  _chval.o(.text)
    _double_round                            0x0800077f   Thumb Code    30  depilogue.o(.text)
    _double_epilogue                         0x0800079d   Thumb Code   156  depilogue.o(.text)
    _dsqrt                                   0x08000839   Thumb Code   162  dsqrt.o(.text)
    __aeabi_memset                           0x080008db   Thumb Code    14  memseta.o(.text)
    __aeabi_memset4                          0x080008db   Thumb Code     0  memseta.o(.text)
    __aeabi_memset8                          0x080008db   Thumb Code     0  memseta.o(.text)
    __aeabi_memclr                           0x080008e9   Thumb Code     4  memseta.o(.text)
    __aeabi_memclr4                          0x080008e9   Thumb Code     0  memseta.o(.text)
    __aeabi_memclr8                          0x080008e9   Thumb Code     0  memseta.o(.text)
    _memset$wrapper                          0x080008ed   Thumb Code    18  memseta.o(.text)
    __aeabi_fmul                             0x080008ff   Thumb Code   100  fmul.o(.text)
    __aeabi_i2f                              0x08000963   Thumb Code    18  fflti.o(.text)
    __aeabi_f2iz                             0x08000975   Thumb Code    50  ffixi.o(.text)
    __aeabi_d2iz                             0x080009a7   Thumb Code    62  dfixi.o(.text)
    __aeabi_f2d                              0x080009e5   Thumb Code    38  f2d.o(.text)
    _float_round                             0x08000a0b   Thumb Code    18  fepilogue.o(.text)
    _float_epilogue                          0x08000a1d   Thumb Code    92  fepilogue.o(.text)
    _drnd                                    0x08000a79   Thumb Code   132  drnd.o(.text)
    __aeabi_cdcmpeq                          0x08000b01   Thumb Code     0  cdcmple.o(.text)
    __aeabi_cdcmple                          0x08000b01   Thumb Code    48  cdcmple.o(.text)
    __decompress                             0x08000b31   Thumb Code     0  __dclz77c.o(.text)
    __decompress2                            0x08000b31   Thumb Code    94  __dclz77c.o(.text)
    BusFault_Handler                         0x08000e81   Thumb Code     4  lto-llvm-7431bd.o(.text.BusFault_Handler)
    DMA1_Channel2_IRQHandler                 0x08000e85   Thumb Code    16  lto-llvm-7431bd.o(.text.DMA1_Channel2_IRQHandler)
    DMA1_Channel4_IRQHandler                 0x08000e95   Thumb Code    16  lto-llvm-7431bd.o(.text.DMA1_Channel4_IRQHandler)
    DMA1_Channel7_IRQHandler                 0x08000ea5   Thumb Code    16  lto-llvm-7431bd.o(.text.DMA1_Channel7_IRQHandler)
    DebugMon_Handler                         0x08000f09   Thumb Code     2  lto-llvm-7431bd.o(.text.DebugMon_Handler)
    HardFault_Handler                        0x080059d5   Thumb Code     4  lto-llvm-7431bd.o(.text.HardFault_Handler)
    I2C1_ER_IRQHandler                       0x080059d9   Thumb Code    16  lto-llvm-7431bd.o(.text.I2C1_ER_IRQHandler)
    I2C1_EV_IRQHandler                       0x080059e9   Thumb Code    16  lto-llvm-7431bd.o(.text.I2C1_EV_IRQHandler)
    MemManage_Handler                        0x08008231   Thumb Code     4  lto-llvm-7431bd.o(.text.MemManage_Handler)
    NMI_Handler                              0x08008235   Thumb Code     4  lto-llvm-7431bd.o(.text.NMI_Handler)
    PendSV_Handler                           0x0800829d   Thumb Code     2  lto-llvm-7431bd.o(.text.PendSV_Handler)
    SVC_Handler                              0x080086ad   Thumb Code     2  lto-llvm-7431bd.o(.text.SVC_Handler)
    SysTick_Handler                          0x080087d9   Thumb Code     8  lto-llvm-7431bd.o(.text.SysTick_Handler)
    SystemInit                               0x08008849   Thumb Code     2  lto-llvm-7431bd.o(.text.SystemInit)
    TIM2_IRQHandler                          0x0800884d   Thumb Code    16  lto-llvm-7431bd.o(.text.TIM2_IRQHandler)
    TIM4_IRQHandler                          0x0800885d   Thumb Code    16  lto-llvm-7431bd.o(.text.TIM4_IRQHandler)
    USART1_IRQHandler                        0x0800945d   Thumb Code    16  lto-llvm-7431bd.o(.text.USART1_IRQHandler)
    USART2_IRQHandler                        0x0800946d   Thumb Code    16  lto-llvm-7431bd.o(.text.USART2_IRQHandler)
    USART3_IRQHandler                        0x0800947d   Thumb Code    16  lto-llvm-7431bd.o(.text.USART3_IRQHandler)
    UsageFault_Handler                       0x0800948d   Thumb Code     4  lto-llvm-7431bd.o(.text.UsageFault_Handler)
    fputc                                    0x0800c855   Thumb Code    34  lto-llvm-7431bd.o(.text.fputc)
    main                                     0x0800fd29   Thumb Code   608  lto-llvm-7431bd.o(.text.main)
    __0printf                                0x08013cf1   Thumb Code    22  printfa.o(i.__0printf)
    __1printf                                0x08013cf1   Thumb Code     0  printfa.o(i.__0printf)
    __2printf                                0x08013cf1   Thumb Code     0  printfa.o(i.__0printf)
    __c89printf                              0x08013cf1   Thumb Code     0  printfa.o(i.__0printf)
    printf                                   0x08013cf1   Thumb Code     0  printfa.o(i.__0printf)
    __ARM_fpclassify                         0x08013d11   Thumb Code    40  fpclassify.o(i.__ARM_fpclassify)
    __aeabi_errno_addr                       0x08013d39   Thumb Code     4  errno.o(i.__aeabi_errno_addr)
    __rt_errno_addr                          0x08013d39   Thumb Code     0  errno.o(i.__aeabi_errno_addr)
    __kernel_poly                            0x08013d41   Thumb Code   170  poly.o(i.__kernel_poly)
    __mathlib_dbl_divzero                    0x08013ded   Thumb Code    12  dunder.o(i.__mathlib_dbl_divzero)
    __mathlib_dbl_infnan2                    0x08013dfd   Thumb Code     4  dunder.o(i.__mathlib_dbl_infnan2)
    __mathlib_dbl_invalid                    0x08013e01   Thumb Code    12  dunder.o(i.__mathlib_dbl_invalid)
    __mathlib_dbl_overflow                   0x08013e0d   Thumb Code    14  dunder.o(i.__mathlib_dbl_overflow)
    __mathlib_dbl_underflow                  0x08013e1d   Thumb Code    10  dunder.o(i.__mathlib_dbl_underflow)
    __scatterload_copy                       0x08013e2d   Thumb Code    14  handlers.o(i.__scatterload_copy)
    __scatterload_null                       0x08013e3b   Thumb Code     2  handlers.o(i.__scatterload_null)
    __scatterload_zeroinit                   0x08013e3d   Thumb Code    14  handlers.o(i.__scatterload_zeroinit)
    __set_errno                              0x08013e4d   Thumb Code     6  errno.o(i.__set_errno)
    free                                     0x0801470d   Thumb Code    76  malloc.o(i.free)
    malloc                                   0x0801475d   Thumb Code    92  malloc.o(i.malloc)
    pow                                      0x080147c9   Thumb Code  2532  pow.o(i.pow)
    round                                    0x080151b5   Thumb Code   136  round.o(i.round)
    sqrt                                     0x08015249   Thumb Code    76  sqrt.o(i.sqrt)
    __mathlib_zero                           0x08015320   Data           8  qnan.o(.constdata)
    __ctype_table                            0x08015328   Data         129  ctype_o.o(.constdata)
    Region$$Table$$Base                      0x080187b4   Number         0  anon$$obj.o(Region$$Table)
    Region$$Table$$Limit                     0x080187d4   Number         0  anon$$obj.o(Region$$Table)
    __stdout                                 0x20000000   Data           4  stdout.o(.data)
    __microlib_freelist                      0x20000004   Data           4  mvars.o(.data)
    __microlib_freelist_initialised          0x20000008   Data           4  mvars.o(.data)
    __heap_base                              0x20004298   Data           0  startup_stm32f103xb.o(HEAP)
    __heap_limit                             0x20004498   Data           0  startup_stm32f103xb.o(HEAP)
    __initial_sp                             0x20004898   Data           0  startup_stm32f103xb.o(STACK)



==============================================================================

Memory Map of the image

  Image Entry point : 0x080000ed

  Load Region LR_IROM1 (Base: 0x08000000, Size: 0x00019540, Max: 0x00020000, ABSOLUTE, COMPRESSED[0x00018af0])

    Execution Region ER_IROM1 (Exec base: 0x08000000, Load base: 0x08000000, Size: 0x000187d4, Max: 0x00020000, ABSOLUTE)

    Exec Addr    Load Addr    Size         Type   Attr      Idx    E Section Name        Object

    0x08000000   0x08000000   0x000000ec   Data   RO            3    RESET               startup_stm32f103xb.o
    0x080000ec   0x080000ec   0x00000000   Code   RO           86  * .ARM.Collect$$$$00000000  mc_w.l(entry.o)
    0x080000ec   0x080000ec   0x00000004   Code   RO          184    .ARM.Collect$$$$00000001  mc_w.l(entry2.o)
    0x080000f0   0x080000f0   0x00000004   Code   RO          187    .ARM.Collect$$$$00000004  mc_w.l(entry5.o)
    0x080000f4   0x080000f4   0x00000000   Code   RO          189    .ARM.Collect$$$$00000008  mc_w.l(entry7b.o)
    0x080000f4   0x080000f4   0x00000000   Code   RO          191    .ARM.Collect$$$$0000000A  mc_w.l(entry8b.o)
    0x080000f4   0x080000f4   0x00000008   Code   RO          192    .ARM.Collect$$$$0000000B  mc_w.l(entry9a.o)
    0x080000fc   0x080000fc   0x00000000   Code   RO          194    .ARM.Collect$$$$0000000D  mc_w.l(entry10a.o)
    0x080000fc   0x080000fc   0x00000000   Code   RO          196    .ARM.Collect$$$$0000000F  mc_w.l(entry11a.o)
    0x080000fc   0x080000fc   0x00000004   Code   RO          185    .ARM.Collect$$$$00002712  mc_w.l(entry2.o)
    0x08000100   0x08000100   0x00000024   Code   RO            4    .text               startup_stm32f103xb.o
    0x08000124   0x08000124   0x0000000e   Code   RO           99    .text               mc_w.l(strlen.o)
    0x08000132   0x08000132   0x0000001e   Code   RO          101    .text               mc_w.l(strncmp.o)
    0x08000150   0x08000150   0x00000070   Code   RO          159    .text               mc_w.l(strtol.o)
    0x080001c0   0x080001c0   0x0000002c   Code   RO          221    .text               mc_w.l(uidiv.o)
    0x080001ec   0x080001ec   0x00000062   Code   RO          223    .text               mc_w.l(uldiv.o)
    0x0800024e   0x0800024e   0x00000002   PAD
    0x08000250   0x08000250   0x00000008   Code   RO          225    .text               mc_w.l(ctype_o.o)
    0x08000258   0x08000258   0x00000024   Code   RO          253    .text               mc_w.l(memcpya.o)
    0x0800027c   0x0800027c   0x0000009e   Code   RO          266    .text               mc_w.l(_strtoul.o)
    0x0800031a   0x0800031a   0x00000000   Code   RO          268    .text               mc_w.l(iusefp.o)
    0x0800031a   0x0800031a   0x0000014e   Code   RO          269    .text               mf_w.l(dadd.o)
    0x08000468   0x08000468   0x000000e4   Code   RO          271    .text               mf_w.l(dmul.o)
    0x0800054c   0x0800054c   0x000000de   Code   RO          273    .text               mf_w.l(ddiv.o)
    0x0800062a   0x0800062a   0x0000002e   Code   RO          275    .text               mf_w.l(dscalb.o)
    0x08000658   0x08000658   0x00000022   Code   RO          277    .text               mf_w.l(dflti.o)
    0x0800067a   0x0800067a   0x00000030   Code   RO          279    .text               mf_w.l(dfixul.o)
    0x080006aa   0x080006aa   0x00000002   PAD
    0x080006ac   0x080006ac   0x00000030   Code   RO          281    .text               mf_w.l(cdrcmple.o)
    0x080006dc   0x080006dc   0x00000024   Code   RO          283    .text               mc_w.l(init.o)
    0x08000700   0x08000700   0x0000001e   Code   RO          286    .text               mc_w.l(llshl.o)
    0x0800071e   0x0800071e   0x00000020   Code   RO          288    .text               mc_w.l(llushr.o)
    0x0800073e   0x0800073e   0x00000024   Code   RO          290    .text               mc_w.l(llsshr.o)
    0x08000762   0x08000762   0x0000001c   Code   RO          292    .text               mc_w.l(_chval.o)
    0x0800077e   0x0800077e   0x000000ba   Code   RO          295    .text               mf_w.l(depilogue.o)
    0x08000838   0x08000838   0x000000a2   Code   RO          297    .text               mf_w.l(dsqrt.o)
    0x080008da   0x080008da   0x00000024   Code   RO         1126    .text               mc_w.l(memseta.o)
    0x080008fe   0x080008fe   0x00000064   Code   RO         1128    .text               mf_w.l(fmul.o)
    0x08000962   0x08000962   0x00000012   Code   RO         1130    .text               mf_w.l(fflti.o)
    0x08000974   0x08000974   0x00000032   Code   RO         1132    .text               mf_w.l(ffixi.o)
    0x080009a6   0x080009a6   0x0000003e   Code   RO         1134    .text               mf_w.l(dfixi.o)
    0x080009e4   0x080009e4   0x00000026   Code   RO         1136    .text               mf_w.l(f2d.o)
    0x08000a0a   0x08000a0a   0x0000006e   Code   RO         1138    .text               mf_w.l(fepilogue.o)
    0x08000a78   0x08000a78   0x00000088   Code   RO         1140    .text               mf_w.l(drnd.o)
    0x08000b00   0x08000b00   0x00000030   Code   RO         1142    .text               mf_w.l(cdcmple.o)
    0x08000b30   0x08000b30   0x0000005e   Code   RO         1152    .text               mc_w.l(__dclz77c.o)
    0x08000b8e   0x08000b8e   0x00000002   PAD
    0x08000b90   0x08000b90   0x0000009e   Code   RO          308    .text.AC_getsrcArray  lto-llvm-7431bd.o
    0x08000c2e   0x08000c2e   0x00000002   PAD
    0x08000c30   0x08000c30   0x00000082   Code   RO          302    .text.AC_init       lto-llvm-7431bd.o
    0x08000cb2   0x08000cb2   0x00000002   PAD
    0x08000cb4   0x08000cb4   0x0000005e   Code   RO          304    .text.AC_save       lto-llvm-7431bd.o
    0x08000d12   0x08000d12   0x00000002   PAD
    0x08000d14   0x08000d14   0x00000046   Code   RO          310    .text.AC_send       lto-llvm-7431bd.o
    0x08000d5a   0x08000d5a   0x00000002   PAD
    0x08000d5c   0x08000d5c   0x00000122   Code   RO          306    .text.AC_update     lto-llvm-7431bd.o
    0x08000e7e   0x08000e7e   0x00000002   PAD
    0x08000e80   0x08000e80   0x00000004   Code   RO          378    .text.BusFault_Handler  lto-llvm-7431bd.o
    0x08000e84   0x08000e84   0x00000010   Code   RO          390    .text.DMA1_Channel2_IRQHandler  lto-llvm-7431bd.o
    0x08000e94   0x08000e94   0x00000010   Code   RO          392    .text.DMA1_Channel4_IRQHandler  lto-llvm-7431bd.o
    0x08000ea4   0x08000ea4   0x00000010   Code   RO          394    .text.DMA1_Channel7_IRQHandler  lto-llvm-7431bd.o
    0x08000eb4   0x08000eb4   0x00000052   Code   RO          530    .text.DMA_SetConfig  lto-llvm-7431bd.o
    0x08000f06   0x08000f06   0x00000002   PAD
    0x08000f08   0x08000f08   0x00000002   Code   RO          384    .text.DebugMon_Handler  lto-llvm-7431bd.o
    0x08000f0a   0x08000f0a   0x00000002   PAD
    0x08000f0c   0x08000f0c   0x0000000e   Code   RO          336    .text.Error_Handler  lto-llvm-7431bd.o
    0x08000f1a   0x08000f1a   0x00000002   PAD
    0x08000f1c   0x08000f1c   0x00000076   Code   RO          718    .text.Flatten       lto-llvm-7431bd.o
    0x08000f92   0x08000f92   0x00000002   PAD
    0x08000f94   0x08000f94   0x0000007a   Code   RO          534    .text.HAL_DMA_Abort  lto-llvm-7431bd.o
    0x0800100e   0x0800100e   0x00000002   PAD
    0x08001010   0x08001010   0x000000fe   Code   RO          536    .text.HAL_DMA_Abort_IT  lto-llvm-7431bd.o
    0x0800110e   0x0800110e   0x00000002   PAD
    0x08001110   0x08001110   0x0000000e   Code   RO          540    .text.HAL_DMA_GetState  lto-llvm-7431bd.o
    0x0800111e   0x0800111e   0x00000002   PAD
    0x08001120   0x08001120   0x00000248   Code   RO          538    .text.HAL_DMA_IRQHandler  lto-llvm-7431bd.o
    0x08001368   0x08001368   0x000000ae   Code   RO          528    .text.HAL_DMA_Init  lto-llvm-7431bd.o
    0x08001416   0x08001416   0x00000002   PAD
    0x08001418   0x08001418   0x000000ca   Code   RO          532    .text.HAL_DMA_Start_IT  lto-llvm-7431bd.o
    0x080014e2   0x080014e2   0x00000002   PAD
    0x080014e4   0x080014e4   0x00000038   Code   RO          506    .text.HAL_Delay     lto-llvm-7431bd.o
    0x0800151c   0x0800151c   0x000002f4   Code   RO          522    .text.HAL_GPIO_Init  lto-llvm-7431bd.o
    0x08001810   0x08001810   0x00000036   Code   RO          524    .text.HAL_GPIO_ReadPin  lto-llvm-7431bd.o
    0x08001846   0x08001846   0x00000002   PAD
    0x08001848   0x08001848   0x0000002e   Code   RO          526    .text.HAL_GPIO_WritePin  lto-llvm-7431bd.o
    0x08001876   0x08001876   0x00000002   PAD
    0x08001878   0x08001878   0x0000000c   Code   RO          504    .text.HAL_GetTick   lto-llvm-7431bd.o
    0x08001884   0x08001884   0x00000008   Code   RO          446    .text.HAL_I2C_AbortCpltCallback  lto-llvm-7431bd.o
    0x0800188c   0x0800188c   0x00000010   Code   RO          484    .text.HAL_I2C_AddrCallback  lto-llvm-7431bd.o
    0x0800189c   0x0800189c   0x00000186   Code   RO          494    .text.HAL_I2C_ER_IRQHandler  lto-llvm-7431bd.o
    0x08001a22   0x08001a22   0x00000002   PAD
    0x08001a24   0x08001a24   0x000003c4   Code   RO          452    .text.HAL_I2C_EV_IRQHandler  lto-llvm-7431bd.o
    0x08001de8   0x08001de8   0x00000008   Code   RO          426    .text.HAL_I2C_ErrorCallback  lto-llvm-7431bd.o
    0x08001df0   0x08001df0   0x0000027a   Code   RO          412    .text.HAL_I2C_Init  lto-llvm-7431bd.o
    0x0800206a   0x0800206a   0x00000002   PAD
    0x0800206c   0x0800206c   0x00000008   Code   RO          450    .text.HAL_I2C_ListenCpltCallback  lto-llvm-7431bd.o
    0x08002074   0x08002074   0x00000008   Code   RO          434    .text.HAL_I2C_MasterRxCpltCallback  lto-llvm-7431bd.o
    0x0800207c   0x0800207c   0x00000008   Code   RO          492    .text.HAL_I2C_MasterTxCpltCallback  lto-llvm-7431bd.o
    0x08002084   0x08002084   0x00000008   Code   RO          432    .text.HAL_I2C_MemRxCpltCallback  lto-llvm-7431bd.o
    0x0800208c   0x0800208c   0x00000008   Code   RO          488    .text.HAL_I2C_MemTxCpltCallback  lto-llvm-7431bd.o
    0x08002094   0x08002094   0x000004dc   Code   RO          440    .text.HAL_I2C_Mem_Read  lto-llvm-7431bd.o
    0x08002570   0x08002570   0x00000212   Code   RO          436    .text.HAL_I2C_Mem_Write  lto-llvm-7431bd.o
    0x08002782   0x08002782   0x00000002   PAD
    0x08002784   0x08002784   0x000000be   Code   RO          344    .text.HAL_I2C_MspInit  lto-llvm-7431bd.o
    0x08002842   0x08002842   0x00000002   PAD
    0x08002844   0x08002844   0x00000008   Code   RO          430    .text.HAL_I2C_SlaveRxCpltCallback  lto-llvm-7431bd.o
    0x0800284c   0x0800284c   0x00000008   Code   RO          428    .text.HAL_I2C_SlaveTxCpltCallback  lto-llvm-7431bd.o
    0x08002854   0x08002854   0x00000010   Code   RO          502    .text.HAL_IncTick   lto-llvm-7431bd.o
    0x08002864   0x08002864   0x00000022   Code   RO          498    .text.HAL_Init      lto-llvm-7431bd.o
    0x08002886   0x08002886   0x00000002   PAD
    0x08002888   0x08002888   0x00000062   Code   RO          500    .text.HAL_InitTick  lto-llvm-7431bd.o
    0x080028ea   0x080028ea   0x00000002   PAD
    0x080028ec   0x080028ec   0x00000064   Code   RO          410    .text.HAL_MspInit   lto-llvm-7431bd.o
    0x08002950   0x08002950   0x00000014   Code   RO          554    .text.HAL_NVIC_EnableIRQ  lto-llvm-7431bd.o
    0x08002964   0x08002964   0x00000030   Code   RO          546    .text.HAL_NVIC_SetPriority  lto-llvm-7431bd.o
    0x08002994   0x08002994   0x00000012   Code   RO          542    .text.HAL_NVIC_SetPriorityGrouping  lto-llvm-7431bd.o
    0x080029a6   0x080029a6   0x00000002   PAD
    0x080029a8   0x080029a8   0x00000258   Code   RO          512    .text.HAL_RCC_ClockConfig  lto-llvm-7431bd.o
    0x08002c00   0x08002c00   0x0000000c   Code   RO          516    .text.HAL_RCC_GetHCLKFreq  lto-llvm-7431bd.o
    0x08002c0c   0x08002c0c   0x00000022   Code   RO          518    .text.HAL_RCC_GetPCLK1Freq  lto-llvm-7431bd.o
    0x08002c2e   0x08002c2e   0x00000002   PAD
    0x08002c30   0x08002c30   0x00000022   Code   RO          520    .text.HAL_RCC_GetPCLK2Freq  lto-llvm-7431bd.o
    0x08002c52   0x08002c52   0x00000002   PAD
    0x08002c54   0x08002c54   0x000000b2   Code   RO          514    .text.HAL_RCC_GetSysClockFreq  lto-llvm-7431bd.o
    0x08002d06   0x08002d06   0x00000002   PAD
    0x08002d08   0x08002d08   0x00000678   Code   RO          508    .text.HAL_RCC_OscConfig  lto-llvm-7431bd.o
    0x08003380   0x08003380   0x00000100   Code   RO          562    .text.HAL_SPI_Init  lto-llvm-7431bd.o
    0x08003480   0x08003480   0x00000098   Code   RO          348    .text.HAL_SPI_MspInit  lto-llvm-7431bd.o
    0x08003518   0x08003518   0x00000254   Code   RO          570    .text.HAL_SPI_Receive  lto-llvm-7431bd.o
    0x0800376c   0x0800376c   0x000002ac   Code   RO          564    .text.HAL_SPI_Transmit  lto-llvm-7431bd.o
    0x08003a18   0x08003a18   0x00000394   Code   RO          572    .text.HAL_SPI_TransmitReceive  lto-llvm-7431bd.o
    0x08003dac   0x08003dac   0x00000010   Code   RO          558    .text.HAL_SYSTICK_Config  lto-llvm-7431bd.o
    0x08003dbc   0x08003dbc   0x00000008   Code   RO          640    .text.HAL_TIMEx_BreakCallback  lto-llvm-7431bd.o
    0x08003dc4   0x08003dc4   0x00000008   Code   RO          634    .text.HAL_TIMEx_CommutCallback  lto-llvm-7431bd.o
    0x08003dcc   0x08003dcc   0x000000ba   Code   RO          638    .text.HAL_TIMEx_ConfigBreakDeadTime  lto-llvm-7431bd.o
    0x08003e86   0x08003e86   0x00000002   PAD
    0x08003e88   0x08003e88   0x000000dc   Code   RO          636    .text.HAL_TIMEx_MasterConfigSynchronization  lto-llvm-7431bd.o
    0x08003f64   0x08003f64   0x0000009c   Code   RO          576    .text.HAL_TIM_Base_Init  lto-llvm-7431bd.o
    0x08004000   0x08004000   0x0000013a   Code   RO          360    .text.HAL_TIM_Base_MspInit  lto-llvm-7431bd.o
    0x0800413a   0x0800413a   0x00000002   PAD
    0x0800413c   0x0800413c   0x000000ac   Code   RO          580    .text.HAL_TIM_Base_Start_IT  lto-llvm-7431bd.o
    0x080041e8   0x080041e8   0x00000058   Code   RO          582    .text.HAL_TIM_Base_Stop_IT  lto-llvm-7431bd.o
    0x08004240   0x08004240   0x00000170   Code   RO          626    .text.HAL_TIM_ConfigClockSource  lto-llvm-7431bd.o
    0x080043b0   0x080043b0   0x00000008   Code   RO          586    .text.HAL_TIM_ErrorCallback  lto-llvm-7431bd.o
    0x080043b8   0x080043b8   0x00000008   Code   RO          606    .text.HAL_TIM_IC_CaptureCallback  lto-llvm-7431bd.o
    0x080043c0   0x080043c0   0x0000021a   Code   RO          608    .text.HAL_TIM_IRQHandler  lto-llvm-7431bd.o
    0x080045da   0x080045da   0x00000002   PAD
    0x080045dc   0x080045dc   0x000000d6   Code   RO          352    .text.HAL_TIM_MspPostInit  lto-llvm-7431bd.o
    0x080046b2   0x080046b2   0x00000002   PAD
    0x080046b4   0x080046b4   0x00000008   Code   RO          610    .text.HAL_TIM_OC_DelayElapsedCallback  lto-llvm-7431bd.o
    0x080046bc   0x080046bc   0x0000013e   Code   RO          622    .text.HAL_TIM_PWM_ConfigChannel  lto-llvm-7431bd.o
    0x080047fa   0x080047fa   0x00000002   PAD
    0x080047fc   0x080047fc   0x0000009c   Code   RO          598    .text.HAL_TIM_PWM_Init  lto-llvm-7431bd.o
    0x08004898   0x08004898   0x00000008   Code   RO          600    .text.HAL_TIM_PWM_MspInit  lto-llvm-7431bd.o
    0x080048a0   0x080048a0   0x00000008   Code   RO          596    .text.HAL_TIM_PWM_PulseFinishedCallback  lto-llvm-7431bd.o
    0x080048a8   0x080048a8   0x00000008   Code   RO          594    .text.HAL_TIM_PWM_PulseFinishedHalfCpltCallback  lto-llvm-7431bd.o
    0x080048b0   0x080048b0   0x00000146   Code   RO          602    .text.HAL_TIM_PWM_Start  lto-llvm-7431bd.o
    0x080049f6   0x080049f6   0x00000002   PAD
    0x080049f8   0x080049f8   0x00000348   Code   RO          604    .text.HAL_TIM_PWM_Start_DMA  lto-llvm-7431bd.o
    0x08004d40   0x08004d40   0x00000384   Code   RO          326    .text.HAL_TIM_PeriodElapsedCallback  lto-llvm-7431bd.o
    0x080050c4   0x080050c4   0x00000008   Code   RO          612    .text.HAL_TIM_TriggerCallback  lto-llvm-7431bd.o
    0x080050cc   0x080050cc   0x0000000c   Code   RO          660    .text.HAL_UARTEx_RxEventCallback  lto-llvm-7431bd.o
    0x080050d8   0x080050d8   0x00000008   Code   RO          656    .text.HAL_UART_ErrorCallback  lto-llvm-7431bd.o
    0x080050e0   0x080050e0   0x0000042a   Code   RO          662    .text.HAL_UART_IRQHandler  lto-llvm-7431bd.o
    0x0800550a   0x0800550a   0x00000002   PAD
    0x0800550c   0x0800550c   0x0000009e   Code   RO          642    .text.HAL_UART_Init  lto-llvm-7431bd.o
    0x080055aa   0x080055aa   0x00000002   PAD
    0x080055ac   0x080055ac   0x0000024e   Code   RO          368    .text.HAL_UART_MspInit  lto-llvm-7431bd.o
    0x080057fa   0x080057fa   0x00000002   PAD
    0x080057fc   0x080057fc   0x0000005c   Code   RO          652    .text.HAL_UART_Receive_IT  lto-llvm-7431bd.o
    0x08005858   0x08005858   0x00000052   Code   RO          328    .text.HAL_UART_RxCpltCallback  lto-llvm-7431bd.o
    0x080058aa   0x080058aa   0x00000002   PAD
    0x080058ac   0x080058ac   0x0000011e   Code   RO          646    .text.HAL_UART_Transmit  lto-llvm-7431bd.o
    0x080059ca   0x080059ca   0x00000002   PAD
    0x080059cc   0x080059cc   0x00000008   Code   RO          658    .text.HAL_UART_TxCpltCallback  lto-llvm-7431bd.o
    0x080059d4   0x080059d4   0x00000004   Code   RO          374    .text.HardFault_Handler  lto-llvm-7431bd.o
    0x080059d8   0x080059d8   0x00000010   Code   RO          402    .text.I2C1_ER_IRQHandler  lto-llvm-7431bd.o
    0x080059e8   0x080059e8   0x00000010   Code   RO          400    .text.I2C1_EV_IRQHandler  lto-llvm-7431bd.o
    0x080059f8   0x080059f8   0x00000034   Code   RO          454    .text.I2C_ConvertOtherXferOptions  lto-llvm-7431bd.o
    0x08005a2c   0x08005a2c   0x00000158   Code   RO          444    .text.I2C_DMAAbort  lto-llvm-7431bd.o
    0x08005b84   0x08005b84   0x00000024   Code   RO          490    .text.I2C_Flush_DR  lto-llvm-7431bd.o
    0x08005ba8   0x08005ba8   0x0000027a   Code   RO          448    .text.I2C_ITError   lto-llvm-7431bd.o
    0x08005e22   0x08005e22   0x00000002   PAD
    0x08005e24   0x08005e24   0x00000064   Code   RO          420    .text.I2C_IsAcknowledgeFailed  lto-llvm-7431bd.o
    0x08005e88   0x08005e88   0x000001ac   Code   RO          470    .text.I2C_MasterReceive_BTF  lto-llvm-7431bd.o
    0x08006034   0x08006034   0x0000016a   Code   RO          468    .text.I2C_MasterReceive_RXNE  lto-llvm-7431bd.o
    0x0800619e   0x0800619e   0x00000002   PAD
    0x080061a0   0x080061a0   0x000000de   Code   RO          464    .text.I2C_MasterTransmit_BTF  lto-llvm-7431bd.o
    0x0800627e   0x0800627e   0x00000002   PAD
    0x08006280   0x08006280   0x0000013e   Code   RO          462    .text.I2C_MasterTransmit_TXE  lto-llvm-7431bd.o
    0x080063be   0x080063be   0x00000002   PAD
    0x080063c0   0x080063c0   0x00000046   Code   RO          458    .text.I2C_Master_ADD10  lto-llvm-7431bd.o
    0x08006406   0x08006406   0x00000002   PAD
    0x08006408   0x08006408   0x00000358   Code   RO          460    .text.I2C_Master_ADDR  lto-llvm-7431bd.o
    0x08006760   0x08006760   0x000000f0   Code   RO          456    .text.I2C_Master_SB  lto-llvm-7431bd.o
    0x08006850   0x08006850   0x00000128   Code   RO          466    .text.I2C_MemoryTransmit_TXE_BTF  lto-llvm-7431bd.o
    0x08006978   0x08006978   0x000001d2   Code   RO          442    .text.I2C_RequestMemoryRead  lto-llvm-7431bd.o
    0x08006b4a   0x08006b4a   0x00000002   PAD
    0x08006b4c   0x08006b4c   0x00000132   Code   RO          438    .text.I2C_RequestMemoryWrite  lto-llvm-7431bd.o
    0x08006c7e   0x08006c7e   0x00000002   PAD
    0x08006c80   0x08006c80   0x0000002e   Code   RO          482    .text.I2C_SlaveReceive_BTF  lto-llvm-7431bd.o
    0x08006cae   0x08006cae   0x00000002   PAD
    0x08006cb0   0x08006cb0   0x0000006e   Code   RO          480    .text.I2C_SlaveReceive_RXNE  lto-llvm-7431bd.o
    0x08006d1e   0x08006d1e   0x00000002   PAD
    0x08006d20   0x08006d20   0x0000002c   Code   RO          478    .text.I2C_SlaveTransmit_BTF  lto-llvm-7431bd.o
    0x08006d4c   0x08006d4c   0x0000006c   Code   RO          476    .text.I2C_SlaveTransmit_TXE  lto-llvm-7431bd.o
    0x08006db8   0x08006db8   0x000000ae   Code   RO          472    .text.I2C_Slave_ADDR  lto-llvm-7431bd.o
    0x08006e66   0x08006e66   0x00000002   PAD
    0x08006e68   0x08006e68   0x000000e4   Code   RO          496    .text.I2C_Slave_AF  lto-llvm-7431bd.o
    0x08006f4c   0x08006f4c   0x0000024a   Code   RO          474    .text.I2C_Slave_STOPF  lto-llvm-7431bd.o
    0x08007196   0x08007196   0x00000002   PAD
    0x08007198   0x08007198   0x000000ac   Code   RO          418    .text.I2C_WaitOnBTFFlagUntilTimeout  lto-llvm-7431bd.o
    0x08007244   0x08007244   0x000000fc   Code   RO          414    .text.I2C_WaitOnFlagUntilTimeout  lto-llvm-7431bd.o
    0x08007340   0x08007340   0x0000014e   Code   RO          422    .text.I2C_WaitOnMasterAddressFlagUntilTimeout  lto-llvm-7431bd.o
    0x0800748e   0x0800748e   0x00000002   PAD
    0x08007490   0x08007490   0x000000dc   Code   RO          424    .text.I2C_WaitOnRXNEFlagUntilTimeout  lto-llvm-7431bd.o
    0x0800756c   0x0800756c   0x00000078   Code   RO          486    .text.I2C_WaitOnSTOPRequestThroughIT  lto-llvm-7431bd.o
    0x080075e4   0x080075e4   0x000000a8   Code   RO          416    .text.I2C_WaitOnTXEFlagUntilTimeout  lto-llvm-7431bd.o
    0x0800768c   0x0800768c   0x00000028   Code   RO          890    .text.IsKey1Down    lto-llvm-7431bd.o
    0x080076b4   0x080076b4   0x00000040   Code   RO          892    .text.IsKey2Down    lto-llvm-7431bd.o
    0x080076f4   0x080076f4   0x0000003c   Code   RO          894    .text.IsKey3Down    lto-llvm-7431bd.o
    0x08007730   0x08007730   0x00000146   Code   RO          902    .text.KEY_Detect    lto-llvm-7431bd.o
    0x08007876   0x08007876   0x00000002   PAD
    0x08007878   0x08007878   0x0000005a   Code   RO          898    .text.KEY_FIFO_Get  lto-llvm-7431bd.o
    0x080078d2   0x080078d2   0x00000002   PAD
    0x080078d4   0x080078d4   0x00000098   Code   RO          886    .text.KEY_FIFO_Init  lto-llvm-7431bd.o
    0x0800796c   0x0800796c   0x00000036   Code   RO          896    .text.KEY_FIFO_Put  lto-llvm-7431bd.o
    0x080079a2   0x080079a2   0x00000002   PAD
    0x080079a4   0x080079a4   0x00000020   Code   RO          884    .text.KEY_Init      lto-llvm-7431bd.o
    0x080079c4   0x080079c4   0x00000030   Code   RO          900    .text.KEY_Scan      lto-llvm-7431bd.o
    0x080079f4   0x080079f4   0x00000042   Code   RO          888    .text.KEY_SetParam  lto-llvm-7431bd.o
    0x08007a36   0x08007a36   0x00000002   PAD
    0x08007a38   0x08007a38   0x0000006e   Code   RO         1108    .text.MPU_Get_Gyroscope  lto-llvm-7431bd.o
    0x08007aa6   0x08007aa6   0x00000002   PAD
    0x08007aa8   0x08007aa8   0x000000a0   Code   RO         1092    .text.MPU_Init      lto-llvm-7431bd.o
    0x08007b48   0x08007b48   0x00000026   Code   RO         1102    .text.MPU_Read_Byte  lto-llvm-7431bd.o
    0x08007b6e   0x08007b6e   0x00000002   PAD
    0x08007b70   0x08007b70   0x00000024   Code   RO         1106    .text.MPU_Read_Len  lto-llvm-7431bd.o
    0x08007b94   0x08007b94   0x0000001c   Code   RO         1098    .text.MPU_Set_Accel_Fsr  lto-llvm-7431bd.o
    0x08007bb0   0x08007bb0   0x0000001c   Code   RO         1096    .text.MPU_Set_Gyro_Fsr  lto-llvm-7431bd.o
    0x08007bcc   0x08007bcc   0x00000086   Code   RO         1104    .text.MPU_Set_LPF   lto-llvm-7431bd.o
    0x08007c52   0x08007c52   0x00000002   PAD
    0x08007c54   0x08007c54   0x00000062   Code   RO         1100    .text.MPU_Set_Rate  lto-llvm-7431bd.o
    0x08007cb6   0x08007cb6   0x00000002   PAD
    0x08007cb8   0x08007cb8   0x00000030   Code   RO         1094    .text.MPU_Write_Byte  lto-llvm-7431bd.o
    0x08007ce8   0x08007ce8   0x00000050   Code   RO          340    .text.MX_DMA_Init   lto-llvm-7431bd.o
    0x08007d38   0x08007d38   0x000000fe   Code   RO          338    .text.MX_GPIO_Init  lto-llvm-7431bd.o
    0x08007e36   0x08007e36   0x00000002   PAD
    0x08007e38   0x08007e38   0x00000040   Code   RO          342    .text.MX_I2C1_Init  lto-llvm-7431bd.o
    0x08007e78   0x08007e78   0x00000044   Code   RO          346    .text.MX_SPI2_Init  lto-llvm-7431bd.o
    0x08007ebc   0x08007ebc   0x00000104   Code   RO          350    .text.MX_TIM1_Init  lto-llvm-7431bd.o
    0x08007fc0   0x08007fc0   0x00000078   Code   RO          354    .text.MX_TIM2_Init  lto-llvm-7431bd.o
    0x08008038   0x08008038   0x000000ce   Code   RO          356    .text.MX_TIM3_Init  lto-llvm-7431bd.o
    0x08008106   0x08008106   0x00000002   PAD
    0x08008108   0x08008108   0x00000080   Code   RO          358    .text.MX_TIM4_Init  lto-llvm-7431bd.o
    0x08008188   0x08008188   0x00000038   Code   RO          362    .text.MX_USART1_UART_Init  lto-llvm-7431bd.o
    0x080081c0   0x080081c0   0x00000038   Code   RO          364    .text.MX_USART2_UART_Init  lto-llvm-7431bd.o
    0x080081f8   0x080081f8   0x00000038   Code   RO          366    .text.MX_USART3_UART_Init  lto-llvm-7431bd.o
    0x08008230   0x08008230   0x00000004   Code   RO          376    .text.MemManage_Handler  lto-llvm-7431bd.o
    0x08008234   0x08008234   0x00000004   Code   RO          372    .text.NMI_Handler   lto-llvm-7431bd.o
    0x08008238   0x08008238   0x00000062   Code   RO          550    .text.NVIC_EncodePriority  lto-llvm-7431bd.o
    0x0800829a   0x0800829a   0x00000002   PAD
    0x0800829c   0x0800829c   0x00000002   Code   RO          386    .text.PendSV_Handler  lto-llvm-7431bd.o
    0x0800829e   0x0800829e   0x00000002   PAD
    0x080082a0   0x080082a0   0x0000003c   Code   RO          510    .text.RCC_Delay     lto-llvm-7431bd.o
    0x080082dc   0x080082dc   0x00000008   Code   RO         1086    .text.RGB_SendArray  lto-llvm-7431bd.o
    0x080082e4   0x080082e4   0x0000011a   Code   RO         1082    .text.RGB_SetColor  lto-llvm-7431bd.o
    0x080083fe   0x080083fe   0x00000002   PAD
    0x08008400   0x08008400   0x0000003c   Code   RO         1084    .text.Reset_Load    lto-llvm-7431bd.o
    0x0800843c   0x0800843c   0x000000b4   Code   RO          574    .text.SPI_EndRxTransaction  lto-llvm-7431bd.o
    0x080084f0   0x080084f0   0x00000066   Code   RO          566    .text.SPI_EndRxTxTransaction  lto-llvm-7431bd.o
    0x08008556   0x08008556   0x00000002   PAD
    0x08008558   0x08008558   0x00000018   Code   RO          678    .text.SPI_Receive   lto-llvm-7431bd.o
    0x08008570   0x08008570   0x00000018   Code   RO          676    .text.SPI_Transmit  lto-llvm-7431bd.o
    0x08008588   0x08008588   0x00000124   Code   RO          568    .text.SPI_WaitFlagStateUntilTimeout  lto-llvm-7431bd.o
    0x080086ac   0x080086ac   0x00000002   Code   RO          382    .text.SVC_Handler   lto-llvm-7431bd.o
    0x080086ae   0x080086ae   0x00000002   PAD
    0x080086b0   0x080086b0   0x00000060   Code   RO          300    .text.ShowHex       lto-llvm-7431bd.o
    0x08008710   0x08008710   0x00000074   Code   RO          752    .text.Softmax       lto-llvm-7431bd.o
    0x08008784   0x08008784   0x00000052   Code   RO          560    .text.SysTick_Config  lto-llvm-7431bd.o
    0x080087d6   0x080087d6   0x00000002   PAD
    0x080087d8   0x080087d8   0x00000008   Code   RO          388    .text.SysTick_Handler  lto-llvm-7431bd.o
    0x080087e0   0x080087e0   0x00000068   Code   RO          332    .text.SystemClock_Config  lto-llvm-7431bd.o
    0x08008848   0x08008848   0x00000002   Code   RO          672    .text.SystemInit    lto-llvm-7431bd.o
    0x0800884a   0x0800884a   0x00000002   PAD
    0x0800884c   0x0800884c   0x00000010   Code   RO          396    .text.TIM2_IRQHandler  lto-llvm-7431bd.o
    0x0800885c   0x0800885c   0x00000010   Code   RO          398    .text.TIM4_IRQHandler  lto-llvm-7431bd.o
    0x0800886c   0x0800886c   0x00000106   Code   RO          578    .text.TIM_Base_SetConfig  lto-llvm-7431bd.o
    0x08008972   0x08008972   0x00000002   PAD
    0x08008974   0x08008974   0x00000036   Code   RO          588    .text.TIM_CCxChannelCmd  lto-llvm-7431bd.o
    0x080089aa   0x080089aa   0x00000002   PAD
    0x080089ac   0x080089ac   0x000000bc   Code   RO          590    .text.TIM_DMADelayPulseCplt  lto-llvm-7431bd.o
    0x08008a68   0x08008a68   0x00000074   Code   RO          592    .text.TIM_DMADelayPulseHalfCplt  lto-llvm-7431bd.o
    0x08008adc   0x08008adc   0x0000009a   Code   RO          584    .text.TIM_DMAError  lto-llvm-7431bd.o
    0x08008b76   0x08008b76   0x00000002   PAD
    0x08008b78   0x08008b78   0x00000034   Code   RO          624    .text.TIM_ETR_SetConfig  lto-llvm-7431bd.o
    0x08008bac   0x08008bac   0x0000002a   Code   RO          630    .text.TIM_ITRx_SetConfig  lto-llvm-7431bd.o
    0x08008bd6   0x08008bd6   0x00000002   PAD
    0x08008bd8   0x08008bd8   0x000000ce   Code   RO          614    .text.TIM_OC1_SetConfig  lto-llvm-7431bd.o
    0x08008ca6   0x08008ca6   0x00000002   PAD
    0x08008ca8   0x08008ca8   0x000000d8   Code   RO          616    .text.TIM_OC2_SetConfig  lto-llvm-7431bd.o
    0x08008d80   0x08008d80   0x000000d6   Code   RO          618    .text.TIM_OC3_SetConfig  lto-llvm-7431bd.o
    0x08008e56   0x08008e56   0x00000002   PAD
    0x08008e58   0x08008e58   0x00000096   Code   RO          620    .text.TIM_OC4_SetConfig  lto-llvm-7431bd.o
    0x08008eee   0x08008eee   0x00000002   PAD
    0x08008ef0   0x08008ef0   0x00000050   Code   RO          628    .text.TIM_TI1_ConfigInputStage  lto-llvm-7431bd.o
    0x08008f40   0x08008f40   0x00000052   Code   RO          632    .text.TIM_TI2_ConfigInputStage  lto-llvm-7431bd.o
    0x08008f92   0x08008f92   0x00000002   PAD
    0x08008f94   0x08008f94   0x00000020   Code   RO          666    .text.UART_DMAAbortOnError  lto-llvm-7431bd.o
    0x08008fb4   0x08008fb4   0x00000094   Code   RO          650    .text.UART_EndRxTransfer  lto-llvm-7431bd.o
    0x08009048   0x08009048   0x00000024   Code   RO          670    .text.UART_EndTransmit_IT  lto-llvm-7431bd.o
    0x0800906c   0x0800906c   0x00000166   Code   RO          664    .text.UART_Receive_IT  lto-llvm-7431bd.o
    0x080091d2   0x080091d2   0x00000002   PAD
    0x080091d4   0x080091d4   0x000000ba   Code   RO          644    .text.UART_SetConfig  lto-llvm-7431bd.o
    0x0800928e   0x0800928e   0x00000002   PAD
    0x08009290   0x08009290   0x00000060   Code   RO          654    .text.UART_Start_Receive_IT  lto-llvm-7431bd.o
    0x080092f0   0x080092f0   0x00000090   Code   RO          668    .text.UART_Transmit_IT  lto-llvm-7431bd.o
    0x08009380   0x08009380   0x000000da   Code   RO          648    .text.UART_WaitOnFlagUntilTimeout  lto-llvm-7431bd.o
    0x0800945a   0x0800945a   0x00000002   PAD
    0x0800945c   0x0800945c   0x00000010   Code   RO          404    .text.USART1_IRQHandler  lto-llvm-7431bd.o
    0x0800946c   0x0800946c   0x00000010   Code   RO          406    .text.USART2_IRQHandler  lto-llvm-7431bd.o
    0x0800947c   0x0800947c   0x00000010   Code   RO          408    .text.USART3_IRQHandler  lto-llvm-7431bd.o
    0x0800948c   0x0800948c   0x00000004   Code   RO          380    .text.UsageFault_Handler  lto-llvm-7431bd.o
    0x08009490   0x08009490   0x00000064   Code   RO          688    .text.W25QXX_Page_Program  lto-llvm-7431bd.o
    0x080094f4   0x080094f4   0x0000008e   Code   RO          680    .text.W25QXX_Read   lto-llvm-7431bd.o
    0x08009582   0x08009582   0x00000002   PAD
    0x08009584   0x08009584   0x0000006c   Code   RO          674    .text.W25QXX_ReadID  lto-llvm-7431bd.o
    0x080095f0   0x080095f0   0x000000ac   Code   RO          684    .text.W25QXX_ReadSR  lto-llvm-7431bd.o
    0x0800969c   0x0800969c   0x00000012   Code   RO          682    .text.W25QXX_Wait_Busy  lto-llvm-7431bd.o
    0x080096ae   0x080096ae   0x00000002   PAD
    0x080096b0   0x080096b0   0x0000003c   Code   RO          686    .text.W25QXX_Write_Enable  lto-llvm-7431bd.o
    0x080096ec   0x080096ec   0x0000004e   Code   RO          852    .text.__NNOM_SSAT   lto-llvm-7431bd.o
    0x0800973a   0x0800973a   0x00000002   PAD
    0x0800973c   0x0800973c   0x0000004e   Code   RO          866    .text.__NNOM_SSAT.351  lto-llvm-7431bd.o
    0x0800978a   0x0800978a   0x00000002   PAD
    0x0800978c   0x0800978c   0x00000040   Code   RO          858    .text.__NNOM_USAT   lto-llvm-7431bd.o
    0x080097cc   0x080097cc   0x00000032   Code   RO          556    .text.__NVIC_EnableIRQ  lto-llvm-7431bd.o
    0x080097fe   0x080097fe   0x00000002   PAD
    0x08009800   0x08009800   0x00000010   Code   RO          548    .text.__NVIC_GetPriorityGrouping  lto-llvm-7431bd.o
    0x08009810   0x08009810   0x00000042   Code   RO          552    .text.__NVIC_SetPriority  lto-llvm-7431bd.o
    0x08009852   0x08009852   0x00000002   PAD
    0x08009854   0x08009854   0x0000003c   Code   RO          544    .text.__NVIC_SetPriorityGrouping  lto-llvm-7431bd.o
    0x08009890   0x08009890   0x0000002c   Code   RO          694    .text.act_get_dec_bit  lto-llvm-7431bd.o
    0x080098bc   0x080098bc   0x00000052   Code   RO          690    .text.act_leaky_relu  lto-llvm-7431bd.o
    0x0800990e   0x0800990e   0x00000002   PAD
    0x08009910   0x08009910   0x0000020c   Code   RO          952    .text.add_delaycode  lto-llvm-7431bd.o
    0x08009b1c   0x08009b1c   0x0000006a   Code   RO          790    .text.allocate_block  lto-llvm-7431bd.o
    0x08009b86   0x08009b86   0x00000002   PAD
    0x08009b88   0x08009b88   0x0000005c   Code   RO          780    .text.allocate_hook  lto-llvm-7431bd.o
    0x08009be4   0x08009be4   0x00000060   Code   RO          782    .text.allocate_io   lto-llvm-7431bd.o
    0x08009c44   0x08009c44   0x00000122   Code   RO          926    .text.apply_ac_mode  lto-llvm-7431bd.o
    0x08009d66   0x08009d66   0x00000002   PAD
    0x08009d68   0x08009d68   0x00000062   Code   RO          904    .text.apply_ac_parameter_type_1  lto-llvm-7431bd.o
    0x08009dca   0x08009dca   0x00000002   PAD
    0x08009dcc   0x08009dcc   0x000002c4   Code   RO          906    .text.apply_ac_parameter_type_2  lto-llvm-7431bd.o
    0x0800a090   0x0800a090   0x000000a0   Code   RO          922    .text.apply_ac_power  lto-llvm-7431bd.o
    0x0800a130   0x0800a130   0x00000152   Code   RO          934    .text.apply_ac_swing  lto-llvm-7431bd.o
    0x0800a282   0x0800a282   0x00000002   PAD
    0x0800a284   0x0800a284   0x000001b2   Code   RO          940    .text.apply_ac_temperature  lto-llvm-7431bd.o
    0x0800a436   0x0800a436   0x00000002   PAD
    0x0800a438   0x0800a438   0x00000122   Code   RO          930    .text.apply_ac_wind_speed  lto-llvm-7431bd.o
    0x0800a55a   0x0800a55a   0x00000002   PAD
    0x0800a55c   0x0800a55c   0x00000214   Code   RO          910    .text.apply_checksum  lto-llvm-7431bd.o
    0x0800a770   0x0800a770   0x0000009c   Code   RO          912    .text.apply_checksum_byte  lto-llvm-7431bd.o
    0x0800a80c   0x0800a80c   0x000000a4   Code   RO          914    .text.apply_checksum_halfbyte  lto-llvm-7431bd.o
    0x0800a8b0   0x0800a8b0   0x00000116   Code   RO          916    .text.apply_checksum_spec_byte  lto-llvm-7431bd.o
    0x0800a9c6   0x0800a9c6   0x00000002   PAD
    0x0800a9c8   0x0800a9c8   0x000000e6   Code   RO          918    .text.apply_checksum_spec_byte_onebyte  lto-llvm-7431bd.o
    0x0800aaae   0x0800aaae   0x00000002   PAD
    0x0800aab0   0x0800aab0   0x0000013a   Code   RO          908    .text.apply_function  lto-llvm-7431bd.o
    0x0800abea   0x0800abea   0x00000002   PAD
    0x0800abec   0x0800abec   0x00000032   Code   RO          924    .text.apply_mode    lto-llvm-7431bd.o
    0x0800ac1e   0x0800ac1e   0x00000002   PAD
    0x0800ac20   0x0800ac20   0x0000001a   Code   RO          920    .text.apply_power   lto-llvm-7431bd.o
    0x0800ac3a   0x0800ac3a   0x00000002   PAD
    0x0800ac3c   0x0800ac3c   0x0000011a   Code   RO          932    .text.apply_swing   lto-llvm-7431bd.o
    0x0800ad56   0x0800ad56   0x00000002   PAD
    0x0800ad58   0x0800ad58   0x000000ec   Code   RO          938    .text.apply_temperature  lto-llvm-7431bd.o
    0x0800ae44   0x0800ae44   0x000000ac   Code   RO          928    .text.apply_wind_speed  lto-llvm-7431bd.o
    0x0800aef0   0x0800aef0   0x00000060   Code   RO          948    .text.binary_parse_data  lto-llvm-7431bd.o
    0x0800af50   0x0800af50   0x00000194   Code   RO          944    .text.binary_parse_len  lto-llvm-7431bd.o
    0x0800b0e4   0x0800b0e4   0x000000da   Code   RO          942    .text.binary_parse_offset  lto-llvm-7431bd.o
    0x0800b1be   0x0800b1be   0x00000002   PAD
    0x0800b1c0   0x0800b1c0   0x000000e6   Code   RO          950    .text.bits_per_byte  lto-llvm-7431bd.o
    0x0800b2a6   0x0800b2a6   0x00000002   PAD
    0x0800b2a8   0x0800b2a8   0x00000062   Code   RO          808    .text.block_mem_set  lto-llvm-7431bd.o
    0x0800b30a   0x0800b30a   0x00000002   PAD
    0x0800b30c   0x0800b30c   0x00000074   Code   RO         1072    .text.char_to_hex   lto-llvm-7431bd.o
    0x0800b380   0x0800b380   0x00000022   Code   RO         1074    .text.chars_to_hex  lto-llvm-7431bd.o
    0x0800b3a2   0x0800b3a2   0x00000002   PAD
    0x0800b3a4   0x0800b3a4   0x0000008c   Code   RO          824    .text.check_model_version  lto-llvm-7431bd.o
    0x0800b430   0x0800b430   0x00000398   Code   RO          788    .text.compile_layers  lto-llvm-7431bd.o
    0x0800b7c8   0x0800b7c8   0x00000156   Code   RO          702    .text.conv2d_build  lto-llvm-7431bd.o
    0x0800b91e   0x0800b91e   0x00000002   PAD
    0x0800b920   0x0800b920   0x0000002a   Code   RO          704    .text.conv2d_free   lto-llvm-7431bd.o
    0x0800b94a   0x0800b94a   0x00000002   PAD
    0x0800b94c   0x0800b94c   0x00000162   Code   RO          700    .text.conv2d_run    lto-llvm-7431bd.o
    0x0800baae   0x0800baae   0x00000002   PAD
    0x0800bab0   0x0800bab0   0x000001ca   Code   RO          698    .text.conv2d_s      lto-llvm-7431bd.o
    0x0800bc7a   0x0800bc7a   0x00000002   PAD
    0x0800bc7c   0x0800bc7c   0x0000005a   Code   RO          706    .text.conv_output_length  lto-llvm-7431bd.o
    0x0800bcd6   0x0800bcd6   0x00000002   PAD
    0x0800bcd8   0x0800bcd8   0x0000014e   Code   RO         1068    .text.convert_to_ir_time  lto-llvm-7431bd.o
    0x0800be26   0x0800be26   0x00000002   PAD
    0x0800be28   0x0800be28   0x0000022a   Code   RO          954    .text.create_ir_frame  lto-llvm-7431bd.o
    0x0800c052   0x0800c052   0x00000002   PAD
    0x0800c054   0x0800c054   0x00000428   Code   RO          314    .text.dataProcess   lto-llvm-7431bd.o
    0x0800c47c   0x0800c47c   0x00000064   Code   RO          696    .text.default_build  lto-llvm-7431bd.o
    0x0800c4e0   0x0800c4e0   0x00000018   Code   RO          842    .text.delete_tensor  lto-llvm-7431bd.o
    0x0800c4f8   0x0800c4f8   0x00000110   Code   RO          712    .text.dense_build   lto-llvm-7431bd.o
    0x0800c608   0x0800c608   0x0000002a   Code   RO          714    .text.dense_free    lto-llvm-7431bd.o
    0x0800c632   0x0800c632   0x00000002   PAD
    0x0800c634   0x0800c634   0x0000007c   Code   RO          710    .text.dense_run     lto-llvm-7431bd.o
    0x0800c6b0   0x0800c6b0   0x000000cc   Code   RO          708    .text.dense_s       lto-llvm-7431bd.o
    0x0800c77c   0x0800c77c   0x00000016   Code   RO          832    .text.dilation      lto-llvm-7431bd.o
    0x0800c792   0x0800c792   0x00000002   PAD
    0x0800c794   0x0800c794   0x00000034   Code   RO          784    .text.find_last     lto-llvm-7431bd.o
    0x0800c7c8   0x0800c7c8   0x00000058   Code   RO          722    .text.flatten_build  lto-llvm-7431bd.o
    0x0800c820   0x0800c820   0x0000000a   Code   RO          720    .text.flatten_run   lto-llvm-7431bd.o
    0x0800c82a   0x0800c82a   0x00000002   PAD
    0x0800c82c   0x0800c82c   0x00000028   Code   RO          716    .text.flatten_s     lto-llvm-7431bd.o
    0x0800c854   0x0800c854   0x00000022   Code   RO          370    .text.fputc         lto-llvm-7431bd.o
    0x0800c876   0x0800c876   0x00000002   PAD
    0x0800c878   0x0800c878   0x0000058e   Code   RO          960    .text.free_ac_context  lto-llvm-7431bd.o
    0x0800ce06   0x0800ce06   0x00000002   PAD
    0x0800ce08   0x0800ce08   0x00000070   Code   RO         1060    .text.get_ir_keymap  lto-llvm-7431bd.o
    0x0800ce78   0x0800ce78   0x000001f0   Code   RO         1058    .text.get_ir_protocol  lto-llvm-7431bd.o
    0x0800d068   0x0800d068   0x00000088   Code   RO          936    .text.has_function  lto-llvm-7431bd.o
    0x0800d0f0   0x0800d0f0   0x00000034   Code   RO          728    .text.input_build   lto-llvm-7431bd.o
    0x0800d124   0x0800d124   0x0000002a   Code   RO          726    .text.input_run     lto-llvm-7431bd.o
    0x0800d14e   0x0800d14e   0x00000002   PAD
    0x0800d150   0x0800d150   0x00000142   Code   RO          724    .text.input_s       lto-llvm-7431bd.o
    0x0800d292   0x0800d292   0x00000002   PAD
    0x0800d294   0x0800d294   0x00000012   Code   RO          834    .text.io_init       lto-llvm-7431bd.o
    0x0800d2a6   0x0800d2a6   0x00000002   PAD
    0x0800d2a8   0x0800d2a8   0x00000036   Code   RO          804    .text.io_mem_size   lto-llvm-7431bd.o
    0x0800d2de   0x0800d2de   0x00000002   PAD
    0x0800d2e0   0x0800d2e0   0x00000008   Code   RO         1052    .text.ir_ac_binary_close  lto-llvm-7431bd.o
    0x0800d2e8   0x0800d2e8   0x00000026   Code   RO         1038    .text.ir_ac_binary_open  lto-llvm-7431bd.o
    0x0800d30e   0x0800d30e   0x00000002   PAD
    0x0800d310   0x0800d310   0x0000021e   Code   RO         1046    .text.ir_ac_control  lto-llvm-7431bd.o
    0x0800d52e   0x0800d52e   0x00000002   PAD
    0x0800d530   0x0800d530   0x00000bb2   Code   RO          956    .text.ir_ac_lib_parse  lto-llvm-7431bd.o
    0x0800e0e2   0x0800e0e2   0x00000002   PAD
    0x0800e0e4   0x0800e0e4   0x0000013c   Code   RO         1040    .text.ir_binary_open  lto-llvm-7431bd.o
    0x0800e220   0x0800e220   0x00000048   Code   RO         1048    .text.ir_close      lto-llvm-7431bd.o
    0x0800e268   0x0800e268   0x00000014   Code   RO          958    .text.ir_context_init  lto-llvm-7431bd.o
    0x0800e27c   0x0800e27c   0x000000fe   Code   RO         1042    .text.ir_decode     lto-llvm-7431bd.o
    0x0800e37a   0x0800e37a   0x00000002   PAD
    0x0800e37c   0x0800e37c   0x00000018   Code   RO         1036    .text.ir_tv_binary_open  lto-llvm-7431bd.o
    0x0800e394   0x0800e394   0x00000038   Code   RO         1034    .text.ir_tv_binary_parse  lto-llvm-7431bd.o
    0x0800e3cc   0x0800e3cc   0x00000030   Code   RO         1044    .text.ir_tv_control  lto-llvm-7431bd.o
    0x0800e3fc   0x0800e3fc   0x00000054   Code   RO         1080    .text.is_in         lto-llvm-7431bd.o
    0x0800e450   0x0800e450   0x00000022   Code   RO          962    .text.is_solo_function  lto-llvm-7431bd.o
    0x0800e472   0x0800e472   0x00000002   PAD
    0x0800e474   0x0800e474   0x00000016   Code   RO          828    .text.kernel        lto-llvm-7431bd.o
    0x0800e48a   0x0800e48a   0x00000002   PAD
    0x0800e48c   0x0800e48c   0x0000005a   Code   RO          818    .text.layer_run     lto-llvm-7431bd.o
    0x0800e4e6   0x0800e4e6   0x00000002   PAD
    0x0800e4e8   0x0800e4e8   0x00000052   Code   RO          792    .text.layer_shortcut_add  lto-llvm-7431bd.o
    0x0800e53a   0x0800e53a   0x00000002   PAD
    0x0800e53c   0x0800e53c   0x00000054   Code   RO          692    .text.leaky_relu_run  lto-llvm-7431bd.o
    0x0800e590   0x0800e590   0x000000dc   Code   RO          876    .text.local_activation_q15  lto-llvm-7431bd.o
    0x0800e66c   0x0800e66c   0x0000005c   Code   RO          882    .text.local_add_q15  lto-llvm-7431bd.o
    0x0800e6c8   0x0800e6c8   0x0000034e   Code   RO          868    .text.local_convolve_HWC_q15_nonsquare  lto-llvm-7431bd.o
    0x0800ea16   0x0800ea16   0x00000002   PAD
    0x0800ea18   0x0800ea18   0x00000324   Code   RO          850    .text.local_convolve_HWC_q7_nonsquare  lto-llvm-7431bd.o
    0x0800ed3c   0x0800ed3c   0x000004ae   Code   RO          870    .text.local_fully_connected_mat_q7_vec_q15_opt  lto-llvm-7431bd.o
    0x0800f1ea   0x0800f1ea   0x00000002   PAD
    0x0800f1ec   0x0800f1ec   0x000004b8   Code   RO          854    .text.local_fully_connected_q7_opt  lto-llvm-7431bd.o
    0x0800f6a4   0x0800f6a4   0x00000052   Code   RO          872    .text.local_leaky_relu_q15  lto-llvm-7431bd.o
    0x0800f6f6   0x0800f6f6   0x00000002   PAD
    0x0800f6f8   0x0800f6f8   0x0000004c   Code   RO          860    .text.local_leaky_relu_q7  lto-llvm-7431bd.o
    0x0800f744   0x0800f744   0x0000005e   Code   RO          880    .text.local_mult_q15  lto-llvm-7431bd.o
    0x0800f7a2   0x0800f7a2   0x00000002   PAD
    0x0800f7a4   0x0800f7a4   0x00000038   Code   RO          864    .text.local_q15_to_q7  lto-llvm-7431bd.o
    0x0800f7dc   0x0800f7dc   0x000000da   Code   RO          862    .text.local_q7_to_q15  lto-llvm-7431bd.o
    0x0800f8b6   0x0800f8b6   0x00000002   PAD
    0x0800f8b8   0x0800f8b8   0x00000024   Code   RO          874    .text.local_sigmoid_q15  lto-llvm-7431bd.o
    0x0800f8dc   0x0800f8dc   0x00000112   Code   RO          856    .text.local_softmax_q7  lto-llvm-7431bd.o
    0x0800f9ee   0x0800f9ee   0x00000002   PAD
    0x0800f9f0   0x0800f9f0   0x00000024   Code   RO          878    .text.local_tanh_q15  lto-llvm-7431bd.o
    0x0800fa14   0x0800fa14   0x0000000a   Code   RO          736    .text.lstm_cell_free  lto-llvm-7431bd.o
    0x0800fa1e   0x0800fa1e   0x00000002   PAD
    0x0800fa20   0x0800fa20   0x00000094   Code   RO          734    .text.lstm_cell_q7_q15_build  lto-llvm-7431bd.o
    0x0800fab4   0x0800fab4   0x000001dc   Code   RO          732    .text.lstm_cell_q7_q15_run  lto-llvm-7431bd.o
    0x0800fc90   0x0800fc90   0x00000096   Code   RO          730    .text.lstm_cell_s   lto-llvm-7431bd.o
    0x0800fd26   0x0800fd26   0x00000002   PAD
    0x0800fd28   0x0800fd28   0x00000260   Code   RO          330    .text.main          lto-llvm-7431bd.o
    0x0800ff88   0x0800ff88   0x0000006e   Code   RO          806    .text.mem_analysis_result  lto-llvm-7431bd.o
    0x0800fff6   0x0800fff6   0x00000002   PAD
    0x0800fff8   0x0800fff8   0x00000012   Code   RO          778    .text.model_active  lto-llvm-7431bd.o
    0x0801000a   0x0801000a   0x00000002   PAD
    0x0801000c   0x0801000c   0x0000006a   Code   RO          770    .text.model_add     lto-llvm-7431bd.o
    0x08010076   0x08010076   0x00000002   PAD
    0x08010078   0x08010078   0x0000017a   Code   RO          814    .text.model_compile  lto-llvm-7431bd.o
    0x080101f2   0x080101f2   0x00000002   PAD
    0x080101f4   0x080101f4   0x000000fe   Code   RO          316    .text.model_feed_data  lto-llvm-7431bd.o
    0x080102f2   0x080102f2   0x00000002   PAD
    0x080102f4   0x080102f4   0x00000202   Code   RO          318    .text.model_get_output  lto-llvm-7431bd.o
    0x080104f6   0x080104f6   0x00000002   PAD
    0x080104f8   0x080104f8   0x00000048   Code   RO          772    .text.model_hook    lto-llvm-7431bd.o
    0x08010540   0x08010540   0x0000001a   Code   RO          774    .text.model_merge   lto-llvm-7431bd.o
    0x0801055a   0x0801055a   0x00000002   PAD
    0x0801055c   0x0801055c   0x0000005c   Code   RO          776    .text.model_mergex  lto-llvm-7431bd.o
    0x080105b8   0x080105b8   0x00000010   Code   RO          822    .text.model_run     lto-llvm-7431bd.o
    0x080105c8   0x080105c8   0x00000114   Code   RO          820    .text.model_run_to  lto-llvm-7431bd.o
    0x080106dc   0x080106dc   0x0000004a   Code   RO          816    .text.model_set_ops  lto-llvm-7431bd.o
    0x08010726   0x08010726   0x00000002   PAD
    0x08010728   0x08010728   0x00000060   Code   RO          324    .text.mouseMove     lto-llvm-7431bd.o
    0x08010788   0x08010788   0x00000032   Code   RO          320    .text.mouseclick    lto-llvm-7431bd.o
    0x080107ba   0x080107ba   0x00000002   PAD
    0x080107bc   0x080107bc   0x00000032   Code   RO          322    .text.mousediscli   lto-llvm-7431bd.o
    0x080107ee   0x080107ee   0x00000002   PAD
    0x080107f0   0x080107f0   0x0000007c   Code   RO          768    .text.new_model     lto-llvm-7431bd.o
    0x0801086c   0x0801086c   0x000000ac   Code   RO          840    .text.new_tensor    lto-llvm-7431bd.o
    0x08010918   0x08010918   0x0000003c   Code   RO          762    .text.nnom_alignto  lto-llvm-7431bd.o
    0x08010954   0x08010954   0x00000008   Code   RO          764    .text.nnom_free     lto-llvm-7431bd.o
    0x0801095c   0x0801095c   0x00000036   Code   RO          786    .text.nnom_hook_length  lto-llvm-7431bd.o
    0x08010992   0x08010992   0x00000002   PAD
    0x08010994   0x08010994   0x00000092   Code   RO          760    .text.nnom_malloc   lto-llvm-7431bd.o
    0x08010a26   0x08010a26   0x00000002   PAD
    0x08010a28   0x08010a28   0x0000003c   Code   RO          766    .text.nnom_mem      lto-llvm-7431bd.o
    0x08010a64   0x08010a64   0x00000086   Code   RO          334    .text.nnom_model_create  lto-llvm-7431bd.o
    0x08010aea   0x08010aea   0x00000002   PAD
    0x08010aec   0x08010aec   0x0000003a   Code   RO          758    .text.nnom_set_static_buf  lto-llvm-7431bd.o
    0x08010b26   0x08010b26   0x00000002   PAD
    0x08010b28   0x08010b28   0x00000008   Code   RO         1032    .text.noprint       lto-llvm-7431bd.o
    0x08010b30   0x08010b30   0x0000002e   Code   RO          740    .text.output_run    lto-llvm-7431bd.o
    0x08010b5e   0x08010b5e   0x00000002   PAD
    0x08010b60   0x08010b60   0x00000052   Code   RO          738    .text.output_s      lto-llvm-7431bd.o
    0x08010bb2   0x08010bb2   0x00000002   PAD
    0x08010bb4   0x08010bb4   0x00000126   Code   RO          994    .text.parse_bit_num  lto-llvm-7431bd.o
    0x08010cda   0x08010cda   0x00000002   PAD
    0x08010cdc   0x08010cdc   0x000000fc   Code   RO          972    .text.parse_boot_code  lto-llvm-7431bd.o
    0x08010dd8   0x08010dd8   0x0000011a   Code   RO         1014    .text.parse_checksum  lto-llvm-7431bd.o
    0x08010ef2   0x08010ef2   0x00000002   PAD
    0x08010ef4   0x08010ef4   0x00000048   Code   RO         1008    .text.parse_checksum_byte_typed  lto-llvm-7431bd.o
    0x08010f3c   0x08010f3c   0x0000010c   Code   RO         1006    .text.parse_checksum_data  lto-llvm-7431bd.o
    0x08011048   0x08011048   0x00000048   Code   RO         1010    .text.parse_checksum_half_byte_typed  lto-llvm-7431bd.o
    0x08011090   0x08011090   0x000000ae   Code   RO         1016    .text.parse_checksum_malloc  lto-llvm-7431bd.o
    0x0801113e   0x0801113e   0x00000002   PAD
    0x08011140   0x08011140   0x0000006c   Code   RO         1012    .text.parse_checksum_spec_half_byte_typed  lto-llvm-7431bd.o
    0x080111ac   0x080111ac   0x0000014a   Code   RO         1000    .text.parse_common_ac_parameter  lto-llvm-7431bd.o
    0x080112f6   0x080112f6   0x00000002   PAD
    0x080112f8   0x080112f8   0x0000008a   Code   RO          996    .text.parse_comp_data_type_1  lto-llvm-7431bd.o
    0x08011382   0x08011382   0x00000002   PAD
    0x08011384   0x08011384   0x0000008a   Code   RO          998    .text.parse_comp_data_type_2  lto-llvm-7431bd.o
    0x0801140e   0x0801140e   0x00000002   PAD
    0x08011410   0x08011410   0x0000003a   Code   RO         1002    .text.parse_default_code  lto-llvm-7431bd.o
    0x0801144a   0x0801144a   0x00000002   PAD
    0x0801144c   0x0801144c   0x000000c2   Code   RO          982    .text.parse_delay_code  lto-llvm-7431bd.o
    0x0801150e   0x0801150e   0x00000002   PAD
    0x08011510   0x08011510   0x00000100   Code   RO          978    .text.parse_delay_code_data  lto-llvm-7431bd.o
    0x08011610   0x08011610   0x000000ce   Code   RO          980    .text.parse_delay_code_pos  lto-llvm-7431bd.o
    0x080116de   0x080116de   0x00000002   PAD
    0x080116e0   0x080116e0   0x000000dc   Code   RO          992    .text.parse_delay_code_tag48_pos  lto-llvm-7431bd.o
    0x080117bc   0x080117bc   0x0000004e   Code   RO          986    .text.parse_endian  lto-llvm-7431bd.o
    0x0801180a   0x0801180a   0x00000002   PAD
    0x0801180c   0x0801180c   0x00000086   Code   RO          984    .text.parse_frame_len  lto-llvm-7431bd.o
    0x08011892   0x08011892   0x00000002   PAD
    0x08011894   0x08011894   0x0000015c   Code   RO         1018    .text.parse_function_1  lto-llvm-7431bd.o
    0x080119f0   0x080119f0   0x000000cc   Code   RO         1020    .text.parse_function_1_tag29  lto-llvm-7431bd.o
    0x08011abc   0x08011abc   0x0000015c   Code   RO         1024    .text.parse_function_2  lto-llvm-7431bd.o
    0x08011c18   0x08011c18   0x000000cc   Code   RO         1026    .text.parse_function_2_tag34  lto-llvm-7431bd.o
    0x08011ce4   0x08011ce4   0x00000050   Code   RO          988    .text.parse_lastbit  lto-llvm-7431bd.o
    0x08011d34   0x08011d34   0x0000011e   Code   RO          970    .text.parse_nmode   lto-llvm-7431bd.o
    0x08011e52   0x08011e52   0x00000002   PAD
    0x08011e54   0x08011e54   0x000000ea   Code   RO          964    .text.parse_nmode_data_speed  lto-llvm-7431bd.o
    0x08011f3e   0x08011f3e   0x00000002   PAD
    0x08011f40   0x08011f40   0x000000ec   Code   RO          966    .text.parse_nmode_data_temp  lto-llvm-7431bd.o
    0x0801202c   0x0801202c   0x00000114   Code   RO          968    .text.parse_nmode_pos  lto-llvm-7431bd.o
    0x08012140   0x08012140   0x000000ba   Code   RO          976    .text.parse_one     lto-llvm-7431bd.o
    0x080121fa   0x080121fa   0x00000002   PAD
    0x080121fc   0x080121fc   0x00000050   Code   RO          990    .text.parse_repeat_times  lto-llvm-7431bd.o
    0x0801224c   0x0801224c   0x000000ec   Code   RO         1030    .text.parse_solo_code  lto-llvm-7431bd.o
    0x08012338   0x08012338   0x000000c8   Code   RO         1028    .text.parse_swing_info  lto-llvm-7431bd.o
    0x08012400   0x08012400   0x000001c8   Code   RO         1004    .text.parse_temp_1  lto-llvm-7431bd.o
    0x080125c8   0x080125c8   0x000001f4   Code   RO         1022    .text.parse_temp_2  lto-llvm-7431bd.o
    0x080127bc   0x080127bc   0x000000ba   Code   RO          974    .text.parse_zero    lto-llvm-7431bd.o
    0x08012876   0x08012876   0x00000002   PAD
    0x08012878   0x08012878   0x000004ba   Code   RO         1064    .text.print_ir_time  lto-llvm-7431bd.o
    0x08012d32   0x08012d32   0x00000002   PAD
    0x08012d34   0x08012d34   0x00000244   Code   RO          794    .text.print_layer_info  lto-llvm-7431bd.o
    0x08012f78   0x08012f78   0x00000096   Code   RO          796    .text.print_memory_block_info  lto-llvm-7431bd.o
    0x0801300e   0x0801300e   0x00000002   PAD
    0x08013010   0x08013010   0x000000fe   Code   RO         1066    .text.process_decode_number  lto-llvm-7431bd.o
    0x0801310e   0x0801310e   0x00000002   PAD
    0x08013110   0x08013110   0x0000002c   Code   RO          802    .text.release_block  lto-llvm-7431bd.o
    0x0801313c   0x0801313c   0x0000001e   Code   RO          798    .text.release_comp_mem  lto-llvm-7431bd.o
    0x0801315a   0x0801315a   0x00000002   PAD
    0x0801315c   0x0801315c   0x00000028   Code   RO          800    .text.release_input_mem  lto-llvm-7431bd.o
    0x08013184   0x08013184   0x00000172   Code   RO         1070    .text.replace_with  lto-llvm-7431bd.o
    0x080132f6   0x080132f6   0x00000002   PAD
    0x080132f8   0x080132f8   0x0000007c   Code   RO         1090    .text.rgb_breathe   lto-llvm-7431bd.o
    0x08013374   0x08013374   0x000000c2   Code   RO         1088    .text.rgb_loop      lto-llvm-7431bd.o
    0x08013436   0x08013436   0x00000002   PAD
    0x08013438   0x08013438   0x00000144   Code   RO          746    .text.rnn_build     lto-llvm-7431bd.o
    0x0801357c   0x0801357c   0x0000002c   Code   RO          748    .text.rnn_free      lto-llvm-7431bd.o
    0x080135a8   0x080135a8   0x00000164   Code   RO          744    .text.rnn_run       lto-llvm-7431bd.o
    0x0801370c   0x0801370c   0x000000d8   Code   RO          742    .text.rnn_s         lto-llvm-7431bd.o
    0x080137e4   0x080137e4   0x0000007e   Code   RO          812    .text.set_tailed_activation  lto-llvm-7431bd.o
    0x08013862   0x08013862   0x00000002   PAD
    0x08013864   0x08013864   0x0000002c   Code   RO          312    .text.setrgb        lto-llvm-7431bd.o
    0x08013890   0x08013890   0x00000018   Code   RO          826    .text.shape         lto-llvm-7431bd.o
    0x080138a8   0x080138a8   0x0000004a   Code   RO          756    .text.softmax_build  lto-llvm-7431bd.o
    0x080138f2   0x080138f2   0x00000002   PAD
    0x080138f4   0x080138f4   0x0000002c   Code   RO          754    .text.softmax_run   lto-llvm-7431bd.o
    0x08013920   0x08013920   0x00000028   Code   RO          750    .text.softmax_s     lto-llvm-7431bd.o
    0x08013948   0x08013948   0x00000016   Code   RO          830    .text.stride        lto-llvm-7431bd.o
    0x0801395e   0x0801395e   0x00000002   PAD
    0x08013960   0x08013960   0x0000005a   Code   RO         1078    .text.string_to_hex  lto-llvm-7431bd.o
    0x080139ba   0x080139ba   0x00000002   PAD
    0x080139bc   0x080139bc   0x00000048   Code   RO         1076    .text.string_to_hex_common  lto-llvm-7431bd.o
    0x08013a04   0x08013a04   0x0000008c   Code   RO          848    .text.tensor_cpy_attr  lto-llvm-7431bd.o
    0x08013a90   0x08013a90   0x00000016   Code   RO          838    .text.tensor_get_num_channel  lto-llvm-7431bd.o
    0x08013aa6   0x08013aa6   0x00000002   PAD
    0x08013aa8   0x08013aa8   0x0000005e   Code   RO          810    .text.tensor_mem_set  lto-llvm-7431bd.o
    0x08013b06   0x08013b06   0x00000002   PAD
    0x08013b08   0x08013b08   0x0000006a   Code   RO          846    .text.tensor_set_attr  lto-llvm-7431bd.o
    0x08013b72   0x08013b72   0x00000002   PAD
    0x08013b74   0x08013b74   0x00000048   Code   RO          844    .text.tensor_set_attr_v  lto-llvm-7431bd.o
    0x08013bbc   0x08013bbc   0x0000004a   Code   RO          836    .text.tensor_size   lto-llvm-7431bd.o
    0x08013c06   0x08013c06   0x00000002   PAD
    0x08013c08   0x08013c08   0x0000009c   Code   RO         1062    .text.tv_binary_decode  lto-llvm-7431bd.o
    0x08013ca4   0x08013ca4   0x00000024   Code   RO         1054    .text.tv_binary_open  lto-llvm-7431bd.o
    0x08013cc8   0x08013cc8   0x00000028   Code   RO         1056    .text.tv_binary_parse  lto-llvm-7431bd.o
    0x08013cf0   0x08013cf0   0x00000020   Code   RO          104    i.__0printf         mc_w.l(printfa.o)
    0x08013d10   0x08013d10   0x00000028   Code   RO          175    i.__ARM_fpclassify  m_ws.l(fpclassify.o)
    0x08013d38   0x08013d38   0x00000008   Code   RO          259    i.__aeabi_errno_addr  mc_w.l(errno.o)
    0x08013d40   0x08013d40   0x000000aa   Code   RO          177    i.__kernel_poly     m_ws.l(poly.o)
    0x08013dea   0x08013dea   0x00000002   PAD
    0x08013dec   0x08013dec   0x00000010   Code   RO          161    i.__mathlib_dbl_divzero  m_ws.l(dunder.o)
    0x08013dfc   0x08013dfc   0x00000004   Code   RO          163    i.__mathlib_dbl_infnan2  m_ws.l(dunder.o)
    0x08013e00   0x08013e00   0x0000000c   Code   RO          164    i.__mathlib_dbl_invalid  m_ws.l(dunder.o)
    0x08013e0c   0x08013e0c   0x0000000e   Code   RO          165    i.__mathlib_dbl_overflow  m_ws.l(dunder.o)
    0x08013e1a   0x08013e1a   0x00000002   PAD
    0x08013e1c   0x08013e1c   0x00000010   Code   RO          167    i.__mathlib_dbl_underflow  m_ws.l(dunder.o)
    0x08013e2c   0x08013e2c   0x0000000e   Code   RO         1146    i.__scatterload_copy  mc_w.l(handlers.o)
    0x08013e3a   0x08013e3a   0x00000002   Code   RO         1147    i.__scatterload_null  mc_w.l(handlers.o)
    0x08013e3c   0x08013e3c   0x0000000e   Code   RO         1148    i.__scatterload_zeroinit  mc_w.l(handlers.o)
    0x08013e4a   0x08013e4a   0x00000002   PAD
    0x08013e4c   0x08013e4c   0x0000000c   Code   RO          261    i.__set_errno       mc_w.l(errno.o)
    0x08013e58   0x08013e58   0x00000184   Code   RO          111    i._fp_digits        mc_w.l(printfa.o)
    0x08013fdc   0x08013fdc   0x000006dc   Code   RO          112    i._printf_core      mc_w.l(printfa.o)
    0x080146b8   0x080146b8   0x00000024   Code   RO          113    i._printf_post_padding  mc_w.l(printfa.o)
    0x080146dc   0x080146dc   0x0000002e   Code   RO          114    i._printf_pre_padding  mc_w.l(printfa.o)
    0x0801470a   0x0801470a   0x00000002   PAD
    0x0801470c   0x0801470c   0x00000050   Code   RO          131    i.free              mc_w.l(malloc.o)
    0x0801475c   0x0801475c   0x0000006c   Code   RO          132    i.malloc            mc_w.l(malloc.o)
    0x080147c8   0x080147c8   0x000009ec   Code   RO           82    i.pow               m_ws.l(pow.o)
    0x080151b4   0x080151b4   0x00000094   Code   RO         1124    i.round             m_ws.l(round.o)
    0x08015248   0x08015248   0x0000004c   Code   RO          181    i.sqrt              m_ws.l(sqrt.o)
    0x08015294   0x08015294   0x00000004   PAD
    0x08015298   0x08015298   0x00000088   Data   RO           83    .constdata          m_ws.l(pow.o)
    0x08015320   0x08015320   0x00000008   Data   RO          179    .constdata          m_ws.l(qnan.o)
    0x08015328   0x08015328   0x00000081   Data   RO          226    .constdata          mc_w.l(ctype_o.o)
    0x080153a9   0x080153a9   0x00000003   PAD
    0x080153ac   0x080153ac   0x00000004   Data   RO          227    .constdata          mc_w.l(ctype_o.o)
    0x080153b0   0x080153b0   0x00002950   Data   RO         1110    .rodata             lto-llvm-7431bd.o
    0x08017d00   0x08017d00   0x00000020   Data   RO         1116    .rodata.cst16       lto-llvm-7431bd.o
    0x08017d20   0x08017d20   0x00000018   Data   RO         1115    .rodata.cst8        lto-llvm-7431bd.o
    0x08017d38   0x08017d38   0x00000a79   Data   RO         1112    .rodata.str1.1      lto-llvm-7431bd.o
    0x080187b1   0x080187b1   0x00000003   PAD
    0x080187b4   0x080187b4   0x00000020   Data   RO         1145    Region$$Table       anon$$obj.o


    Execution Region RW_IRAM1 (Exec base: 0x20000000, Load base: 0x080187d8, Size: 0x00004898, Max: 0x00005000, ABSOLUTE, COMPRESSED[0x00000318])

    Exec Addr    Load Addr    Size         Type   Attr      Idx    E Section Name        Object

    0x20000000   COMPRESSED   0x00000004   Data   RW          211    .data               mc_w.l(stdout.o)
    0x20000004   COMPRESSED   0x00000004   Data   RW          257    .data               mc_w.l(mvars.o)
    0x20000008   COMPRESSED   0x00000004   Data   RW          258    .data               mc_w.l(mvars.o)
    0x2000000c   COMPRESSED   0x00000004   Data   RW          262    .data               mc_w.l(errno.o)
    0x20000010   COMPRESSED   0x00000d58   Data   RW         1113    .data               lto-llvm-7431bd.o
    0x20000d68        -       0x0000352a   Zero   RW         1111    .bss                lto-llvm-7431bd.o
    0x20004292   COMPRESSED   0x00000006   PAD
    0x20004298        -       0x00000200   Zero   RW            2    HEAP                startup_stm32f103xb.o
    0x20004498        -       0x00000400   Zero   RW            1    STACK               startup_stm32f103xb.o


==============================================================================

Image component sizes


      Code (inc. data)   RO Data    RW Data    ZI Data      Debug   Object Name

     77822        130      13313       3416      13610     212724   lto-llvm-7431bd.o
        36          8        236          0       1536        780   startup_stm32f103xb.o

    ----------------------------------------------------------------------
     78212        138      13584       3416      15152     213504   Object Totals
         0          0         32          0          0          0   (incl. Generated)
       354          0          3          0          6          0   (incl. Padding)

    ----------------------------------------------------------------------

      Code (inc. data)   RO Data    RW Data    ZI Data      Debug   Library Member Name

        62         10          0          0          0        340   dunder.o
        40          0          0          0          0         68   fpclassify.o
       170          0          0          0          0         96   poly.o
      2540        188        136          0          0        332   pow.o
         0          0          8          0          0          0   qnan.o
       148         12          0          0          0         88   round.o
        76          0          0          0          0         84   sqrt.o
        94          0          0          0          0          0   __dclz77c.o
        28          0          0          0          0         68   _chval.o
       158          0          0          0          0         92   _strtoul.o
         8          4        133          0          0         68   ctype_o.o
         0          0          0          0          0          0   entry.o
         0          0          0          0          0          0   entry10a.o
         0          0          0          0          0          0   entry11a.o
         8          4          0          0          0          0   entry2.o
         4          0          0          0          0          0   entry5.o
         0          0          0          0          0          0   entry7b.o
         0          0          0          0          0          0   entry8b.o
         8          4          0          0          0          0   entry9a.o
        20         10          0          4          0        136   errno.o
        30          0          0          0          0          0   handlers.o
        36          8          0          0          0         68   init.o
         0          0          0          0          0          0   iusefp.o
        30          0          0          0          0         68   llshl.o
        36          0          0          0          0         68   llsshr.o
        32          0          0          0          0         68   llushr.o
       188         20          0          0          0        160   malloc.o
        36          0          0          0          0         68   memcpya.o
        36          0          0          0          0        108   memseta.o
         0          0          0          8          0          0   mvars.o
      2258         90          0          0          0        452   printfa.o
         0          0          0          4          0          0   stdout.o
        14          0          0          0          0         68   strlen.o
        30          0          0          0          0         80   strncmp.o
       112          0          0          0          0         88   strtol.o
        44          0          0          0          0         80   uidiv.o
        98          0          0          0          0         92   uldiv.o
        48          0          0          0          0         68   cdcmple.o
        48          0          0          0          0         68   cdrcmple.o
       334          0          0          0          0        148   dadd.o
       222          0          0          0          0        100   ddiv.o
       186          0          0          0          0        176   depilogue.o
        62          0          0          0          0         80   dfixi.o
        48          0          0          0          0         68   dfixul.o
        34          0          0          0          0         76   dflti.o
       228          0          0          0          0         96   dmul.o
       136          4          0          0          0         92   drnd.o
        46          0          0          0          0         80   dscalb.o
       162          0          0          0          0        100   dsqrt.o
        38          0          0          0          0         68   f2d.o
       110          0          0          0          0        168   fepilogue.o
        50          0          0          0          0         68   ffixi.o
        18          0          0          0          0         68   fflti.o
       100          0          0          0          0         76   fmul.o

    ----------------------------------------------------------------------
      8232        354        280         16          0       4440   Library Totals
        18          0          3          0          0          0   (incl. Padding)

    ----------------------------------------------------------------------

      Code (inc. data)   RO Data    RW Data    ZI Data      Debug   Library Name

      3036        210        144          0          0       1008   m_ws.l
      3308        140        133         16          0       1832   mc_w.l
      1870          4          0          0          0       1600   mf_w.l

    ----------------------------------------------------------------------
      8232        354        280         16          0       4440   Library Totals

    ----------------------------------------------------------------------

==============================================================================


      Code (inc. data)   RO Data    RW Data    ZI Data      Debug   

     86444        492      13864       3432      15152     215784   Grand Totals
     86444        492      13864        792      15152     215784   ELF Image Totals (compressed)
     86444        492      13864        792          0          0   ROM Totals

==============================================================================

    Total RO  Size (Code + RO Data)               100308 (  97.96kB)
    Total RW  Size (RW Data + ZI Data)             18584 (  18.15kB)
    Total ROM Size (Code + RO Data + RW Data)     101100 (  98.73kB)

==============================================================================

