<html>
<body>
<pre>
<h1>�Vision Build Log</h1>
<h2>Tool Versions:</h2>
IDE-Version: ��Vision V5.35.0.0
Copyright (C) 2021 ARM Ltd and ARM Germany GmbH. All rights reserved.
License Information: phy dy, 1, LIC=14HV2-9KVCS-GKTBG-V1PYZ-FB8K6-U7EQN
 
Tool Versions:
Toolchain:       MDK-ARM Plus  Version: 5.35.0.2
Toolchain Path:  C:\Keil_v5\ARM\ARMCLANG\Bin
C Compiler:      ArmClang.exe V6.16
Assembler:       Armasm.exe V6.16
Linker/Locator:  ArmLink.exe V6.16
Library Manager: ArmAr.exe V6.16
Hex Converter:   FromElf.exe V6.16
CPU DLL:         SARMCM3.DLL V5.35.0.2
Dialog DLL:      DCM.DLL V1.17.3.0
Target DLL:      STLink\ST-LINKIII-KEIL_SWO.dll V3.0.9.0
Dialog DLL:      TCM.DLL V1.53.0.0
 
<h2>Project:</h2>
C:\Users\32635\Desktop\Cyber_wand\Software\Wand\MDK-ARM\Wand.uvprojx
Project File Date:  11/29/2024

<h2>Output:</h2>
*** Using Compiler 'V6.16', folder: 'C:\Keil_v5\ARM\ARMCLANG\Bin'
Build target 'Wand'
compiling gpio.c...
../Core/Src/main.c(154): warning: illegal character encoding in string literal [-Winvalid-source-encoding]
        printf("读取空调历史信息如下<EF><BC>?");
                                    ^~~~~~~~
../Core/Src/main.c(180): warning: illegal character encoding in string literal [-Winvalid-source-encoding]
        printf("已保存空调信息到内存<EF><BC>?");
                                    ^~~~~~~~
../Core/Src/main.c(315): warning: illegal character encoding in string literal [-Winvalid-source-encoding]
        printf("没有收到新<E5>??");
                          ^~~~
../Core/Src/main.c(404): warning: illegal character encoding in string literal [-Winvalid-source-encoding]
                printf("风<E9>?<9F>改<E5><8F>?");
                          ^~~~ ~~~~  ~~~~~~~~
../Core/Src/main.c(689): warning: illegal character encoding in string literal [-Winvalid-source-encoding]
                                printf("按下了按<E9><94>?");
                                                ^~~~~~~~
../Core/Src/main.c(710): warning: illegal character encoding in string literal [-Winvalid-source-encoding]
                                printf("松开了按<E9><94>?");
                                                ^~~~~~~~
../Core/Src/main.c(720): warning: illegal character encoding in string literal [-Winvalid-source-encoding]
                                printf("超大角<E9>?<9F>度1");
                                              ^~~~ ~~~~
../Core/Src/main.c(725): warning: illegal character encoding in string literal [-Winvalid-source-encoding]
                                printf("超大角<E9>?<9F>度2");
                                              ^~~~ ~~~~
8 warnings generated.
compiling main.c...
assembling startup_stm32f103xb.s...
linking...
Program Size: Code=86100 RO-data=13784 RW-data=1380 ZI-data=15132  
FromELF: creating hex file...
"Wand\Wand.axf" - 0 Error(s), 8 Warning(s).

<h2>Software Packages used:</h2>

Package Vendor: ARM
                https://www.keil.com/pack/ARM.CMSIS.6.1.0.pack
                ARM.CMSIS.6.1.0
                CMSIS (Common Microcontroller Software Interface Standard)
   * Component: CORE Version: 6.1.0

Package Vendor: Keil
                https://www.keil.com/pack/Keil.STM32F1xx_DFP.2.4.1.pack
                Keil.STM32F1xx_DFP.2.4.1
                STMicroelectronics STM32F1 Series Device Support, Drivers and Examples

<h2>Collection of Component include folders:</h2>
  .\RTE\_Wand
  C:\Users\32635\AppData\Local\Arm\Packs\ARM\CMSIS\6.1.0\CMSIS\Core\Include
  C:\Users\32635\AppData\Local\Arm\Packs\Keil\STM32F1xx_DFP\2.4.1\Device\Include

<h2>Collection of Component Files used:</h2>

   * Component: ARM::CMSIS:CORE:6.1.0
      Include file:  CMSIS\Core\Include\tz_context.h
Build Time Elapsed:  00:00:02
</pre>
</body>
</html>
