<html>
<body>
<pre>
<h1>µVision Build Log</h1>
<h2>Tool Versions:</h2>
IDE-Version: ¦ÌVision V5.35.0.0
Copyright (C) 2021 ARM Ltd and ARM Germany GmbH. All rights reserved.
License Information: phy dy, 1, LIC=14HV2-9KVCS-GKTBG-V1PYZ-FB8K6-U7EQN
 
Tool Versions:
Toolchain:       MDK-ARM Plus  Version: 5.35.0.2
Toolchain Path:  C:\Keil_v5\ARM\ARMCLANG\Bin
C Compiler:      ArmClang.exe V6.16
Assembler:       Armasm.exe V6.16
Linker/Locator:  ArmLink.exe V6.16
Library Manager: ArmAr.exe V6.16
Hex Converter:   FromElf.exe V6.16
CPU DLL:         SARMCM3.DLL V5.35.0.2
Dialog DLL:      DCM.DLL V1.17.3.0
Target DLL:      STLink\ST-LINKIII-KEIL_SWO.dll V3.0.9.0
Dialog DLL:      TCM.DLL V1.53.0.0
 
<h2>Project:</h2>
C:\Users\32635\Desktop\Cyber_wand\Software\Wand\MDK-ARM\Wand.uvprojx
Project File Date:  10/26/2024

<h2>Output:</h2>
*** Using Compiler 'V6.16', folder: 'C:\Keil_v5\ARM\ARMCLANG\Bin'
Build target 'Wand'
compiling usart.c...
compiling stm32f1xx_hal.c...
compiling tim.c...
compiling gpio.c...
compiling spi.c...
compiling i2c.c...
compiling stm32f1xx_hal_gpio_ex.c...
compiling stm32f1xx_hal_msp.c...
compiling stm32f1xx_hal_rcc_ex.c...
compiling stm32f1xx_it.c...
compiling stm32f1xx_hal_rcc.c...
compiling dma.c...
compiling main.c...
assembling startup_stm32f103xb.s...
compiling stm32f1xx_hal_i2c.c...
compiling stm32f1xx_hal_gpio.c...
compiling stm32f1xx_hal_dma.c...
compiling stm32f1xx_hal_cortex.c...
compiling stm32f1xx_hal_pwr.c...
compiling stm32f1xx_hal_flash.c...
compiling stm32f1xx_hal_exti.c...
compiling stm32f1xx_hal_flash_ex.c...
compiling system_stm32f1xx.c...
compiling W25Q16.c...
compiling nnom_activation.c...
compiling nnom_avgpool.c...
compiling nnom_baselayer.c...
compiling stm32f1xx_hal_tim_ex.c...
compiling stm32f1xx_hal_spi.c...
compiling nnom_concat.c...
compiling stm32f1xx_hal_uart.c...
compiling stm32f1xx_hal_tim.c...
compiling nnom_conv2d.c...
compiling nnom_conv2d_trans.c...
compiling nnom_cropping.c...
compiling nnom_dw_conv2d.c...
compiling nnom_dense.c...
compiling nnom_flatten.c...
compiling nnom_global_pool.c...
compiling nnom_gru_cell.c...
compiling nnom_input.c...
compiling nnom_lambda.c...
compiling nnom_lstm_cell.c...
compiling nnom_matrix.c...
compiling nnom_output.c...
compiling nnom_maxpool.c...
compiling nnom_reshape.c...
compiling nnom_rnn.c...
compiling nnom_simple_cell.c...
compiling nnom_softmax.c...
compiling nnom_sumpool.c...
compiling nnom_upsample.c...
compiling nnom_zero_padding.c...
compiling nnom.c...
compiling nnom_layers.c...
compiling nnom_tensor.c...
compiling nnom_utils.c...
compiling ir_ac_binary_parse.c...
compiling key.c...
compiling ir_ac_apply.c...
compiling ir_ac_build_frame.c...
compiling ir_ac_control.c...
compiling ir_ac_parse_forbidden_info.c...
compiling ir_ac_parse_frame_info.c...
compiling ir_decode.c...
compiling ir_tv_control.c...
compiling nnom_local.c...
compiling ir_utils.c...
compiling nnom_local_q15.c...
compiling ir_ac_parse_parameter.c...
compiling RGB.c...
compiling mpu6050.c...
linking...
Program Size: Code=25368 RO-data=11560 RW-data=16 ZI-data=10728  
FromELF: creating hex file...
"Wand\Wand.axf" - 0 Error(s), 0 Warning(s).

<h2>Software Packages used:</h2>

Package Vendor: ARM
                https://www.keil.com/pack/ARM.CMSIS.6.1.0.pack
                ARM.CMSIS.6.1.0
                CMSIS (Common Microcontroller Software Interface Standard)
   * Component: CORE Version: 6.1.0

Package Vendor: Keil
                https://www.keil.com/pack/Keil.STM32F1xx_DFP.2.4.1.pack
                Keil.STM32F1xx_DFP.2.4.1
                STMicroelectronics STM32F1 Series Device Support, Drivers and Examples

<h2>Collection of Component include folders:</h2>
  .\RTE\_Wand
  C:\Users\32635\AppData\Local\Arm\Packs\ARM\CMSIS\6.1.0\CMSIS\Core\Include
  C:\Users\32635\AppData\Local\Arm\Packs\Keil\STM32F1xx_DFP\2.4.1\Device\Include

<h2>Collection of Component Files used:</h2>

   * Component: ARM::CMSIS:CORE:6.1.0
      Include file:  CMSIS\Core\Include\tz_context.h
Build Time Elapsed:  00:00:07
</pre>
</body>
</html>
